Archive member included to satisfy reference by file (symbol)

/home/oliver/st/stm32cubeide_1.16.0/plugins/com.st.stm32cube.ide.mcu.externaltools.gnu-tools-for-stm32.12.3.rel1.linux64_1.1.0.202410170702/tools/bin/../lib/gcc/arm-none-eabi/12.3.1/../../../../arm-none-eabi/lib/thumb/v7e-m+fp/hard/libc_nano.a(libc_a-atoi.o)
                              ./Core/shell/functions.o (atoi)
/home/oliver/st/stm32cubeide_1.16.0/plugins/com.st.stm32cube.ide.mcu.externaltools.gnu-tools-for-stm32.12.3.rel1.linux64_1.1.0.202410170702/tools/bin/../lib/gcc/arm-none-eabi/12.3.1/../../../../arm-none-eabi/lib/thumb/v7e-m+fp/hard/libc_nano.a(libc_a-exit.o)
                              /home/oliver/st/stm32cubeide_1.16.0/plugins/com.st.stm32cube.ide.mcu.externaltools.gnu-tools-for-stm32.12.3.rel1.linux64_1.1.0.202410170702/tools/bin/../lib/gcc/arm-none-eabi/12.3.1/../../../../arm-none-eabi/lib/thumb/v7e-m+fp/hard/crt0.o (exit)
/home/oliver/st/stm32cubeide_1.16.0/plugins/com.st.stm32cube.ide.mcu.externaltools.gnu-tools-for-stm32.12.3.rel1.linux64_1.1.0.202410170702/tools/bin/../lib/gcc/arm-none-eabi/12.3.1/../../../../arm-none-eabi/lib/thumb/v7e-m+fp/hard/libc_nano.a(libc_a-strtol.o)
                              /home/oliver/st/stm32cubeide_1.16.0/plugins/com.st.stm32cube.ide.mcu.externaltools.gnu-tools-for-stm32.12.3.rel1.linux64_1.1.0.202410170702/tools/bin/../lib/gcc/arm-none-eabi/12.3.1/../../../../arm-none-eabi/lib/thumb/v7e-m+fp/hard/libc_nano.a(libc_a-atoi.o) (_strtol_r)
/home/oliver/st/stm32cubeide_1.16.0/plugins/com.st.stm32cube.ide.mcu.externaltools.gnu-tools-for-stm32.12.3.rel1.linux64_1.1.0.202410170702/tools/bin/../lib/gcc/arm-none-eabi/12.3.1/../../../../arm-none-eabi/lib/thumb/v7e-m+fp/hard/libc_nano.a(libc_a-ctype_.o)
                              /home/oliver/st/stm32cubeide_1.16.0/plugins/com.st.stm32cube.ide.mcu.externaltools.gnu-tools-for-stm32.12.3.rel1.linux64_1.1.0.202410170702/tools/bin/../lib/gcc/arm-none-eabi/12.3.1/../../../../arm-none-eabi/lib/thumb/v7e-m+fp/hard/libc_nano.a(libc_a-strtol.o) (_ctype_)
/home/oliver/st/stm32cubeide_1.16.0/plugins/com.st.stm32cube.ide.mcu.externaltools.gnu-tools-for-stm32.12.3.rel1.linux64_1.1.0.202410170702/tools/bin/../lib/gcc/arm-none-eabi/12.3.1/../../../../arm-none-eabi/lib/thumb/v7e-m+fp/hard/libc_nano.a(libc_a-findfp.o)
                              ./Middlewares/Third_Party/FreeRTOS/Source/tasks.o (__sf)
/home/oliver/st/stm32cubeide_1.16.0/plugins/com.st.stm32cube.ide.mcu.externaltools.gnu-tools-for-stm32.12.3.rel1.linux64_1.1.0.202410170702/tools/bin/../lib/gcc/arm-none-eabi/12.3.1/../../../../arm-none-eabi/lib/thumb/v7e-m+fp/hard/libc_nano.a(libc_a-fwalk.o)
                              /home/oliver/st/stm32cubeide_1.16.0/plugins/com.st.stm32cube.ide.mcu.externaltools.gnu-tools-for-stm32.12.3.rel1.linux64_1.1.0.202410170702/tools/bin/../lib/gcc/arm-none-eabi/12.3.1/../../../../arm-none-eabi/lib/thumb/v7e-m+fp/hard/libc_nano.a(libc_a-findfp.o) (_fwalk_sglue)
/home/oliver/st/stm32cubeide_1.16.0/plugins/com.st.stm32cube.ide.mcu.externaltools.gnu-tools-for-stm32.12.3.rel1.linux64_1.1.0.202410170702/tools/bin/../lib/gcc/arm-none-eabi/12.3.1/../../../../arm-none-eabi/lib/thumb/v7e-m+fp/hard/libc_nano.a(libc_a-printf.o)
                              ./Core/drivers/MCP23S17.o (printf)
/home/oliver/st/stm32cubeide_1.16.0/plugins/com.st.stm32cube.ide.mcu.externaltools.gnu-tools-for-stm32.12.3.rel1.linux64_1.1.0.202410170702/tools/bin/../lib/gcc/arm-none-eabi/12.3.1/../../../../arm-none-eabi/lib/thumb/v7e-m+fp/hard/libc_nano.a(libc_a-puts.o)
                              ./Core/Src/main.o (puts)
/home/oliver/st/stm32cubeide_1.16.0/plugins/com.st.stm32cube.ide.mcu.externaltools.gnu-tools-for-stm32.12.3.rel1.linux64_1.1.0.202410170702/tools/bin/../lib/gcc/arm-none-eabi/12.3.1/../../../../arm-none-eabi/lib/thumb/v7e-m+fp/hard/libc_nano.a(libc_a-snprintf.o)
                              ./Core/shell/shell.o (snprintf)
/home/oliver/st/stm32cubeide_1.16.0/plugins/com.st.stm32cube.ide.mcu.externaltools.gnu-tools-for-stm32.12.3.rel1.linux64_1.1.0.202410170702/tools/bin/../lib/gcc/arm-none-eabi/12.3.1/../../../../arm-none-eabi/lib/thumb/v7e-m+fp/hard/libc_nano.a(libc_a-stdio.o)
                              /home/oliver/st/stm32cubeide_1.16.0/plugins/com.st.stm32cube.ide.mcu.externaltools.gnu-tools-for-stm32.12.3.rel1.linux64_1.1.0.202410170702/tools/bin/../lib/gcc/arm-none-eabi/12.3.1/../../../../arm-none-eabi/lib/thumb/v7e-m+fp/hard/libc_nano.a(libc_a-findfp.o) (__sread)
/home/oliver/st/stm32cubeide_1.16.0/plugins/com.st.stm32cube.ide.mcu.externaltools.gnu-tools-for-stm32.12.3.rel1.linux64_1.1.0.202410170702/tools/bin/../lib/gcc/arm-none-eabi/12.3.1/../../../../arm-none-eabi/lib/thumb/v7e-m+fp/hard/libc_nano.a(libc_a-wbuf.o)
[...]
Memory Configuration

Name             Origin             Length             Attributes
RAM              0x20000000         0x00018000         xrw
RAM2             0x10000000         0x00008000         xrw
FLASH            0x08000000         0x00100000         xr
*default*        0x00000000         0xffffffff

Linker script and memory map

LOAD /home/oliver/st/stm32cubeide_1.16.0/plugins/com.st.stm32cube.ide.mcu.externaltools.gnu-tools-for-stm32.12.3.rel1.linux64_1.1.0.202410170702/tools/bin/../lib/gcc/arm-none-eabi/12.3.1/thumb/v7e-m+fp/hard/crti.o
LOAD /home/oliver/st/stm32cubeide_1.16.0/plugins/com.st.stm32cube.ide.mcu.externaltools.gnu-tools-for-stm32.12.3.rel1.linux64_1.1.0.202410170702/tools/bin/../lib/gcc/arm-none-eabi/12.3.1/thumb/v7e-m+fp/hard/crtbegin.o
LOAD /home/oliver/st/stm32cubeide_1.16.0/plugins/com.st.stm32cube.ide.mcu.externaltools.gnu-tools-for-stm32.12.3.rel1.linux64_1.1.0.202410170702/tools/bin/../lib/gcc/arm-none-eabi/12.3.1/../../../../arm-none-eabi/lib/thumb/v7e-m+fp/hard/crt0.o
LOAD ./Core/Src/dma.o
LOAD ./Core/Src/freertos.o
LOAD ./Core/Src/gpio.o
LOAD ./Core/Src/i2c.o
LOAD ./Core/Src/main.o
LOAD ./Core/Src/sai.o
LOAD ./Core/Src/spi.o
LOAD ./Core/Src/stm32l4xx_hal_msp.o
LOAD ./Core/Src/stm32l4xx_hal_timebase_tim.o
LOAD ./Core/Src/stm32l4xx_it.o
LOAD ./Core/Src/syscalls.o
LOAD ./Core/Src/sysmem.o
LOAD ./Core/Src/system_stm32l4xx.o
LOAD ./Core/Src/usart.o
LOAD ./Core/Startup/startup_stm32l476rgtx.o
LOAD ./Core/drivers/MCP23S17.o
LOAD ./Core/drivers/SGTL5000.o
LOAD ./Core/shell/functions.o
LOAD ./Core/shell/shell.o
LOAD ./Drivers/STM32L4xx_HAL_Driver/Src/stm32l4xx_hal.o
LOAD ./Drivers/STM32L4xx_HAL_Driver/Src/stm32l4xx_hal_cortex.o
LOAD ./Drivers/STM32L4xx_HAL_Driver/Src/stm32l4xx_hal_dma.o
LOAD ./Drivers/STM32L4xx_HAL_Driver/Src/stm32l4xx_hal_dma_ex.o
LOAD ./Drivers/STM32L4xx_HAL_Driver/Src/stm32l4xx_hal_exti.o
LOAD ./Drivers/STM32L4xx_HAL_Driver/Src/stm32l4xx_hal_flash.o
LOAD ./Drivers/STM32L4xx_HAL_Driver/Src/stm32l4xx_hal_flash_ex.o
LOAD ./Drivers/STM32L4xx_HAL_Driver/Src/stm32l4xx_hal_flash_ramfunc.o
LOAD ./Drivers/STM32L4xx_HAL_Driver/Src/stm32l4xx_hal_gpio.o
LOAD ./Drivers/STM32L4xx_HAL_Driver/Src/stm32l4xx_hal_i2c.o
LOAD ./Drivers/STM32L4xx_HAL_Driver/Src/stm32l4xx_hal_i2c_ex.o
LOAD ./Drivers/STM32L4xx_HAL_Driver/Src/stm32l4xx_hal_pwr.o
LOAD ./Drivers/STM32L4xx_HAL_Driver/Src/stm32l4xx_hal_pwr_ex.o
LOAD ./Drivers/STM32L4xx_HAL_Driver/Src/stm32l4xx_hal_rcc.o
LOAD ./Drivers/STM32L4xx_HAL_Driver/Src/stm32l4xx_hal_rcc_ex.o
LOAD ./Drivers/STM32L4xx_HAL_Driver/Src/stm32l4xx_hal_sai.o
LOAD ./Drivers/STM32L4xx_HAL_Driver/Src/stm32l4xx_hal_sai_ex.o
LOAD ./Drivers/STM32L4xx_HAL_Driver/Src/stm32l4xx_hal_spi.o
LOAD ./Drivers/STM32L4xx_HAL_Driver/Src/stm32l4xx_hal_spi_ex.o
LOAD ./Drivers/STM32L4xx_HAL_Driver/Src/stm32l4xx_hal_tim.o
LOAD ./Drivers/STM32L4xx_HAL_Driver/Src/stm32l4xx_hal_tim_ex.o
LOAD ./Drivers/STM32L4xx_HAL_Driver/Src/stm32l4xx_hal_uart.o
LOAD ./Drivers/STM32L4xx_HAL_Driver/Src/stm32l4xx_hal_uart_ex.o
LOAD ./Middlewares/Third_Party/FreeRTOS/Source/CMSIS_RTOS/cmsis_os.o
LOAD ./Middlewares/Third_Party/FreeRTOS/Source/croutine.o
LOAD ./Middlewares/Third_Party/FreeRTOS/Source/event_groups.o
LOAD ./Middlewares/Third_Party/FreeRTOS/Source/list.o
LOAD ./Middlewares/Third_Party/FreeRTOS/Source/queue.o
LOAD ./Middlewares/Third_Party/FreeRTOS/Source/stream_buffer.o
LOAD ./Middlewares/Third_Party/FreeRTOS/Source/tasks.o
LOAD ./Middlewares/Third_Party/FreeRTOS/Source/timers.o
LOAD ./Middlewares/Third_Party/FreeRTOS/Source/portable/GCC/ARM_CM4F/port.o
LOAD ./Middlewares/Third_Party/FreeRTOS/Source/portable/MemMang/heap_4.o
START GROUP
LOAD /home/oliver/st/stm32cubeide_1.16.0/plugins/com.st.stm32cube.ide.mcu.externaltools.gnu-tools-for-stm32.12.3.rel1.linux64_1.1.0.202410170702/tools/bin/../lib/gcc/arm-none-eabi/12.3.1/../../../../arm-none-eabi/lib/thumb/v7e-m+fp/hard/libc_nano.a
LOAD /home/oliver/st/stm32cubeide_1.16.0/plugins/com.st.stm32cube.ide.mcu.externaltools.gnu-tools-for-stm32.12.3.rel1.linux64_1.1.0.202410170702/tools/bin/../lib/gcc/arm-none-eabi/12.3.1/../../../../arm-none-eabi/lib/thumb/v7e-m+fp/hard/libm.a
END GROUP
START GROUP
LOAD /home/oliver/st/stm32cubeide_1.16.0/plugins/com.st.stm32cube.ide.mcu.externaltools.gnu-tools-for-stm32.12.3.rel1.linux64_1.1.0.202410170702/tools/bin/../lib/gcc/arm-none-eabi/12.3.1/thumb/v7e-m+fp/hard/libgcc.a
LOAD /home/oliver/st/stm32cubeide_1.16.0/plugins/com.st.stm32cube.ide.mcu.externaltools.gnu-tools-for-stm32.12.3.rel1.linux64_1.1.0.202410170702/tools/bin/../lib/gcc/arm-none-eabi/12.3.1/../../../../arm-none-eabi/lib/thumb/v7e-m+fp/hard/libc_nano.a
END GROUP
START GROUP
LOAD /home/oliver/st/stm32cubeide_1.16.0/plugins/com.st.stm32cube.ide.mcu.externaltools.gnu-tools-for-stm32.12.3.rel1.linux64_1.1.0.202410170702/tools/bin/../lib/gcc/arm-none-eabi/12.3.1/thumb/v7e-m+fp/hard/libgcc.a
LOAD /home/oliver/st/stm32cubeide_1.16.0/plugins/com.st.stm32cube.ide.mcu.externaltools.gnu-tools-for-stm32.12.3.rel1.linux64_1.1.0.202410170702/tools/bin/../lib/gcc/arm-none-eabi/12.3.1/../../../../arm-none-eabi/lib/thumb/v7e-m+fp/hard/libc_nano.a
LOAD /home/oliver/st/stm32cubeide_1.16.0/plugins/com.st.stm32cube.ide.mcu.externaltools.gnu-tools-for-stm32.12.3.rel1.linux64_1.1.0.202410170702/tools/bin/../lib/gcc/arm-none-eabi/12.3.1/../../../../arm-none-eabi/lib/thumb/v7e-m+fp/hard/libnosys.a
END GROUP
START GROUP
LOAD /home/oliver/st/stm32cubeide_1.16.0/plugins/com.st.stm32cube.ide.mcu.externaltools.gnu-tools-for-stm32.12.3.rel1.linux64_1.1.0.202410170702/tools/bin/../lib/gcc/arm-none-eabi/12.3.1/thumb/v7e-m+fp/hard/libgcc.a
LOAD /home/oliver/st/stm32cubeide_1.16.0/plugins/com.st.stm32cube.ide.mcu.externaltools.gnu-tools-for-stm32.12.3.rel1.linux64_1.1.0.202410170702/tools/bin/../lib/gcc/arm-none-eabi/12.3.1/../../../../arm-none-eabi/lib/thumb/v7e-m+fp/hard/libc_nano.a
LOAD /home/oliver/st/stm32cubeide_1.16.0/plugins/com.st.stm32cube.ide.mcu.externaltools.gnu-tools-for-stm32.12.3.rel1.linux64_1.1.0.202410170702/tools/bin/../lib/gcc/arm-none-eabi/12.3.1/../../../../arm-none-eabi/lib/thumb/v7e-m+fp/hard/libnosys.a
END GROUP
LOAD /home/oliver/st/stm32cubeide_1.16.0/plugins/com.st.stm32cube.ide.mcu.externaltools.gnu-tools-for-stm32.12.3.rel1.linux64_1.1.0.202410170702/tools/bin/../lib/gcc/arm-none-eabi/12.3.1/thumb/v7e-m+fp/hard/crtend.o
LOAD /home/oliver/st/stm32cubeide_1.16.0/plugins/com.st.stm32cube.ide.mcu.externaltools.gnu-tools-for-stm32.12.3.rel1.linux64_1.1.0.202410170702/tools/bin/../lib/gcc/arm-none-eabi/12.3.1/thumb/v7e-m+fp/hard/crtn.o
                0x20018000                        _estack = (ORIGIN (RAM) + LENGTH (RAM))
                0x00000200                        _Min_Heap_Size = 0x200
                0x00000400                        _Min_Stack_Size = 0x400

.isr_vector     0x08000000      0x188
                0x08000000                        . = ALIGN (0x4)
 *(.isr_vector)
 .isr_vector    0x08000000      0x188 ./Core/Startup/startup_stm32l476rgtx.o
                0x08000000                g_pfnVectors
                0x08000188                        . = ALIGN (0x4)

.text           0x08000190     0xc2ec
                0x08000190                        . = ALIGN (0x4)
 *(.text)
 .text          0x08000190       0x40 /home/oliver/st/stm32cubeide_1.16.0/plugins/com.st.stm32cube.ide.mcu.externaltools.gnu-tools-for-stm32.12.3.rel1.linux64_1.1.0.202410170702/tools/bin/../lib/gcc/arm-none-eabi/12.3.1/thumb/v7e-m+fp/hard/crtbegin.o
 .text          0x080001d0       0xa0 /home/oliver/st/stm32cubeide_1.16.0/plugins/com.st.stm32cube.ide.mcu.externaltools.gnu-tools-for-stm32.12.3.rel1.linux64_1.1.0.202410170702/tools/bin/../lib/gcc/arm-none-eabi/12.3.1/../../../../arm-none-eabi/lib/thumb/v7e-m+fp/hard/libc_nano.a(libc_a-memchr.o)
                0x080001d0                memchr
 .text          0x08000270       0x30 /home/oliver/st/stm32cubeide_1.16.0/plugins/com.st.stm32cube.ide.mcu.externaltools.gnu-tools-for-stm32.12.3.rel1.linux64_1.1.0.202410170702/tools/bin/../lib/gcc/arm-none-eabi/12.3.1/thumb/v7e-m+fp/hard/libgcc.a(_aeabi_uldivmod.o)
                0x08000270                __aeabi_uldivmod
 .text          0x080002a0      0x2bc /home/oliver/st/stm32cubeide_1.16.0/plugins/com.st.stm32cube.ide.mcu.externaltools.gnu-tools-for-stm32.12.3.rel1.linux64_1.1.0.202410170702/tools/bin/../lib/gcc/arm-none-eabi/12.3.1/thumb/v7e-m+fp/hard/libgcc.a(_udivmoddi4.o)
                0x080002a0                __udivmoddi4
 .text          0x0800055c        0x4 /home/oliver/st/stm32cubeide_1.16.0/plugins/com.st.stm32cube.ide.mcu.externaltools.gnu-tools-for-stm32.12.3.rel1.linux64_1.1.0.202410170702/tools/bin/../lib/gcc/arm-none-eabi/12.3.1/thumb/v7e-m+fp/hard/libgcc.a(_dvmd_tls.o)
                0x0800055c                __aeabi_ldiv0
                0x0800055c                __aeabi_idiv0
 *(.text*)
 .text.MX_DMA_Init
                0x08000560       0x4c ./Core/Src/dma.o
                0x08000560                MX_DMA_Init
 .text.vApplicationGetIdleTaskMemory
                0x080005ac       0x34 ./Core/Src/freertos.o
                0x080005ac                vApplicationGetIdleTaskMemory
 .text.MX_FREERTOS_Init
                0x080005e0       0x38 ./Core/Src/freertos.o
                0x080005e0                MX_FREERTOS_Init
 .text.StartDefaultTask
                0x08000618       0x10 ./Core/Src/freertos.o
                0x08000618                StartDefaultTask
 .text.MX_GPIO_Init
                0x08000628       0xf8 ./Core/Src/gpio.o
                0x08000628                MX_GPIO_Init
 .text.MX_I2C2_Init
                0x08000720       0x80 ./Core/Src/i2c.o
                0x08000720                MX_I2C2_Init
 .text.HAL_I2C_MspInit
                0x080007a0       0xbc ./Core/Src/i2c.o
                0x080007a0                HAL_I2C_MspInit
 .text.__NVIC_SystemReset
                0x0800085c       0x2c ./Core/Src/main.o
 .text.__io_putchar
                0x08000888       0x24 ./Core/Src/main.o
                0x08000888                __io_putchar
 .text.Error_Handler_xTaskCreate
                0x080008ac       0x40 ./Core/Src/main.o
                0x080008ac                Error_Handler_xTaskCreate
 .text.HAL_UART_RxCpltCallback
                0x080008ec       0x24 ./Core/Src/main.o
                0x080008ec                HAL_UART_RxCpltCallback
 .text.task_LED
                0x08000910       0x22 ./Core/Src/main.o
                0x08000910                task_LED
 *fill*         0x08000932        0x2 
 .text.task_shell
                0x08000934       0x74 ./Core/Src/main.o
                0x08000934                task_shell
 .text.test_chenillard
                0x080009a8       0x4c ./Core/Src/main.o
                0x080009a8                test_chenillard
 .text.task_GPIO_expander
                0x080009f4       0x16 ./Core/Src/main.o
                0x080009f4                task_GPIO_expander
 .text.GenerateTriangleWave
                0x08000a0a       0x86 ./Core/Src/main.o
                0x08000a0a                GenerateTriangleWave
 .text.HAL_SAI_ErrorCallback
                0x08000a90       0x68 ./Core/Src/main.o
                0x08000a90                HAL_SAI_ErrorCallback
 .text.main     0x08000af8      0x128 ./Core/Src/main.o
                0x08000af8                main
 .text.SystemClock_Config
                0x08000c20       0xa2 ./Core/Src/main.o
                0x08000c20                SystemClock_Config
 .text.PeriphCommonClock_Config
                0x08000cc2       0x54 ./Core/Src/main.o
                0x08000cc2                PeriphCommonClock_Config
 *fill*         0x08000d16        0x2 
 .text.HAL_TIM_PeriodElapsedCallback
                0x08000d18       0x24 ./Core/Src/main.o
                0x08000d18                HAL_TIM_PeriodElapsedCallback
 .text.Error_Handler
                0x08000d3c        0xc ./Core/Src/main.o
                0x08000d3c                Error_Handler
 .text.MX_SAI2_Init
                0x08000d48       0xc0 ./Core/Src/sai.o
                0x08000d48                MX_SAI2_Init
 .text.HAL_SAI_MspInit
                0x08000e08      0x1c8 ./Core/Src/sai.o
                0x08000e08                HAL_SAI_MspInit
 .text.MX_SPI3_Init
                0x08000fd0       0x7c ./Core/Src/spi.o
                0x08000fd0                MX_SPI3_Init
 .text.HAL_SPI_MspInit
                0x0800104c       0xd4 ./Core/Src/spi.o
                0x0800104c                HAL_SPI_MspInit
 .text.HAL_MspInit
                0x08001120       0x50 ./Core/Src/stm32l4xx_hal_msp.o
                0x08001120                HAL_MspInit
 .text.HAL_InitTick
                0x08001170       0xf4 ./Core/Src/stm32l4xx_hal_timebase_tim.o
                0x08001170                HAL_InitTick
 .text.NMI_Handler
                0x08001264        0x8 ./Core/Src/stm32l4xx_it.o
                0x08001264                NMI_Handler
 .text.HardFault_Handler
                0x0800126c        0x8 ./Core/Src/stm32l4xx_it.o
                0x0800126c                HardFault_Handler
 .text.MemManage_Handler
                0x08001274        0x8 ./Core/Src/stm32l4xx_it.o
                0x08001274                MemManage_Handler
 .text.BusFault_Handler
                0x0800127c        0x8 ./Core/Src/stm32l4xx_it.o
                0x0800127c                BusFault_Handler
 .text.UsageFault_Handler
                0x08001284        0x8 ./Core/Src/stm32l4xx_it.o
                0x08001284                UsageFault_Handler
 .text.DebugMon_Handler
                0x0800128c        0xe ./Core/Src/stm32l4xx_it.o
                0x0800128c                DebugMon_Handler
 *fill*         0x0800129a        0x2 
 .text.DMA1_Channel6_IRQHandler
                0x0800129c       0x14 ./Core/Src/stm32l4xx_it.o
                0x0800129c                DMA1_Channel6_IRQHandler
 .text.DMA1_Channel7_IRQHandler
                0x080012b0       0x14 ./Core/Src/stm32l4xx_it.o
                0x080012b0                DMA1_Channel7_IRQHandler
 .text.USART2_IRQHandler
                0x080012c4       0x14 ./Core/Src/stm32l4xx_it.o
                0x080012c4                USART2_IRQHandler
 .text.SPI3_IRQHandler
                0x080012d8       0x14 ./Core/Src/stm32l4xx_it.o
                0x080012d8                SPI3_IRQHandler
 .text.TIM6_DAC_IRQHandler
                0x080012ec       0x14 ./Core/Src/stm32l4xx_it.o
                0x080012ec                TIM6_DAC_IRQHandler
 .text.SAI2_IRQHandler
                0x08001300       0x1c ./Core/Src/stm32l4xx_it.o
                0x08001300                SAI2_IRQHandler
 .text._read    0x0800131c       0x3a ./Core/Src/syscalls.o
                0x0800131c                _read
 .text._write   0x08001356       0x38 ./Core/Src/syscalls.o
                0x08001356                _write
 .text._close   0x0800138e       0x18 ./Core/Src/syscalls.o
                0x0800138e                _close
 .text._fstat   0x080013a6       0x20 ./Core/Src/syscalls.o
                0x080013a6                _fstat
 .text._isatty  0x080013c6       0x16 ./Core/Src/syscalls.o
                0x080013c6                _isatty
 .text._lseek   0x080013dc       0x1a ./Core/Src/syscalls.o
                0x080013dc                _lseek
 *fill*         0x080013f6        0x2 
 .text._sbrk    0x080013f8       0x6c ./Core/Src/sysmem.o
                0x080013f8                _sbrk
 .text.SystemInit
                0x08001464       0x24 ./Core/Src/system_stm32l4xx.o
                0x08001464                SystemInit
 .text.MX_USART2_UART_Init
                0x08001488       0x60 ./Core/Src/usart.o
                0x08001488                MX_USART2_UART_Init
 .text.HAL_UART_MspInit
                0x080014e8       0xc8 ./Core/Src/usart.o
                0x080014e8                HAL_UART_MspInit
 .text.Reset_Handler
                0x080015b0       0x50 ./Core/Startup/startup_stm32l476rgtx.o
                0x080015b0                Reset_Handler
 .text.Default_Handler
                0x08001600        0x2 ./Core/Startup/startup_stm32l476rgtx.o
                0x08001600                RTC_Alarm_IRQHandler
                0x08001600                EXTI2_IRQHandler
                0x08001600                TIM8_TRG_COM_IRQHandler
                0x08001600                TIM8_CC_IRQHandler
                0x08001600                TIM1_CC_IRQHandler
                0x08001600                TSC_IRQHandler
                0x08001600                TAMP_STAMP_IRQHandler
                0x08001600                EXTI3_IRQHandler
                0x08001600                LPTIM2_IRQHandler
                0x08001600                DFSDM1_FLT1_IRQHandler
                0x08001600                I2C3_ER_IRQHandler
                0x08001600                DFSDM1_FLT2_IRQHandler
                0x08001600                EXTI0_IRQHandler
                0x08001600                I2C2_EV_IRQHandler
                0x08001600                CAN1_RX0_IRQHandler
                0x08001600                FPU_IRQHandler
                0x08001600                TIM1_UP_TIM16_IRQHandler
                0x08001600                ADC1_2_IRQHandler
                0x08001600                SPI1_IRQHandler
                0x08001600                TIM8_UP_IRQHandler
                0x08001600                DMA2_Channel2_IRQHandler
                0x08001600                DMA1_Channel4_IRQHandler
                0x08001600                DFSDM1_FLT3_IRQHandler
                0x08001600                USART3_IRQHandler
                0x08001600                CAN1_RX1_IRQHandler
                0x08001600                LCD_IRQHandler
                0x08001600                UART5_IRQHandler
                0x08001600                ADC3_IRQHandler
                0x08001600                TIM4_IRQHandler
                0x08001600                DMA2_Channel1_IRQHandler
                0x08001600                QUADSPI_IRQHandler
                0x08001600                I2C1_EV_IRQHandler
                0x08001600                UART4_IRQHandler
                0x08001600                DMA2_Channel4_IRQHandler
                0x08001600                TIM3_IRQHandler
                0x08001600                RCC_IRQHandler
                0x08001600                DMA1_Channel1_IRQHandler
                0x08001600                Default_Handler
                0x08001600                DMA2_Channel7_IRQHandler
                0x08001600                EXTI15_10_IRQHandler
                0x08001600                TIM7_IRQHandler
                0x08001600                SDMMC1_IRQHandler
                0x08001600                TIM5_IRQHandler
                0x08001600                I2C3_EV_IRQHandler
                0x08001600                EXTI9_5_IRQHandler
                0x08001600                RTC_WKUP_IRQHandler
                0x08001600                PVD_PVM_IRQHandler
                0x08001600                SPI2_IRQHandler
                0x08001600                CAN1_TX_IRQHandler
                0x08001600                DMA2_Channel5_IRQHandler
                0x08001600                DMA1_Channel5_IRQHandler
                0x08001600                EXTI4_IRQHandler
                0x08001600                RNG_IRQHandler
                0x08001600                TIM1_TRG_COM_TIM17_IRQHandler
                0x08001600                DMA1_Channel3_IRQHandler
                0x08001600                COMP_IRQHandler
                0x08001600                WWDG_IRQHandler
                0x08001600                LPUART1_IRQHandler
                0x08001600                DMA2_Channel6_IRQHandler
                0x08001600                TIM2_IRQHandler
                0x08001600                EXTI1_IRQHandler
                0x08001600                DFSDM1_FLT0_IRQHandler
                0x08001600                I2C2_ER_IRQHandler
                0x08001600                DMA1_Channel2_IRQHandler
                0x08001600                TIM8_BRK_IRQHandler
                0x08001600                CAN1_SCE_IRQHandler
                0x08001600                FLASH_IRQHandler
                0x08001600                USART1_IRQHandler
                0x08001600                OTG_FS_IRQHandler
                0x08001600                I2C1_ER_IRQHandler
                0x08001600                FMC_IRQHandler
                0x08001600                SWPMI1_IRQHandler
                0x08001600                LPTIM1_IRQHandler
                0x08001600                SAI1_IRQHandler
                0x08001600                DMA2_Channel3_IRQHandler
                0x08001600                TIM1_BRK_TIM15_IRQHandler
 *fill*         0x08001602        0x2 
 .text.MCP23S17_WriteRegister
                0x08001604       0xb4 ./Core/drivers/MCP23S17.o
                0x08001604                MCP23S17_WriteRegister
 .text.MCP23S17_Update_LEDs
                0x080016b8       0x24 ./Core/drivers/MCP23S17.o
                0x080016b8                MCP23S17_Update_LEDs
 .text.MCP23S17_Init
                0x080016dc       0x5c ./Core/drivers/MCP23S17.o
                0x080016dc                MCP23S17_Init
 .text.MCP23S17_Set_LED_id
                0x08001738       0x58 ./Core/drivers/MCP23S17.o
                0x08001738                MCP23S17_Set_LED_id
 .text.MCP23S17_Toggle_LED_id
                0x08001790       0x5c ./Core/drivers/MCP23S17.o
                0x08001790                MCP23S17_Toggle_LED_id
 .text.MCP23S17_Set_LEDs
                0x080017ec       0x30 ./Core/drivers/MCP23S17.o
                0x080017ec                MCP23S17_Set_LEDs
 .text.SGTL5000_ErrorHandler
                0x0800181c       0x20 ./Core/drivers/SGTL5000.o
                0x0800181c                SGTL5000_ErrorHandler
 .text.SGTL5000_ReadRegister
                0x0800183c       0x5c ./Core/drivers/SGTL5000.o
                0x0800183c                SGTL5000_ReadRegister
 .text.SGTL5000_WriteRegister
                0x08001898       0x70 ./Core/drivers/SGTL5000.o
                0x08001898                SGTL5000_WriteRegister
 .text.SGTL5000_Init
                0x08001908       0x9c ./Core/drivers/SGTL5000.o
                0x08001908                SGTL5000_Init
 .text.fonction
                0x080019a4       0x48 ./Core/shell/functions.o
                0x080019a4                fonction
 .text.calcul   0x080019ec       0xfc ./Core/shell/functions.o
                0x080019ec                calcul
 .text.addition
                0x08001ae8       0x6c ./Core/shell/functions.o
                0x08001ae8                addition
 .text.GPIOExpander_toggle_LED
                0x08001b54       0x48 ./Core/shell/functions.o
                0x08001b54                GPIOExpander_toggle_LED
 .text.GPIOExpander_set_LED
                0x08001b9c       0x30 ./Core/shell/functions.o
                0x08001b9c                GPIOExpander_set_LED
 .text.shell_uart_receive_irq_cb
                0x08001bcc       0x40 ./Core/shell/shell.o
                0x08001bcc                shell_uart_receive_irq_cb
 .text.uart_read
                0x08001c0c       0x34 ./Core/shell/shell.o
 .text.uart_write
                0x08001c40       0x28 ./Core/shell/shell.o
 .text.sh_help  0x08001c68       0x7c ./Core/shell/shell.o
 .text.shell_init
                0x08001ce4       0x70 ./Core/shell/shell.o
                0x08001ce4                shell_init
 .text.shell_add
                0x08001d54       0x7c ./Core/shell/shell.o
                0x08001d54                shell_add
 .text.shell_exec
                0x08001dd0       0xdc ./Core/shell/shell.o
 .text.shell_run
                0x08001eac       0xd4 ./Core/shell/shell.o
                0x08001eac                shell_run
 .text.HAL_Init
                0x08001f80       0x40 ./Drivers/STM32L4xx_HAL_Driver/Src/stm32l4xx_hal.o
                0x08001f80                HAL_Init
 .text.HAL_IncTick
                0x08001fc0       0x28 ./Drivers/STM32L4xx_HAL_Driver/Src/stm32l4xx_hal.o
                0x08001fc0                HAL_IncTick
 .text.HAL_GetTick
                0x08001fe8       0x18 ./Drivers/STM32L4xx_HAL_Driver/Src/stm32l4xx_hal.o
                0x08001fe8                HAL_GetTick
 .text.__NVIC_SetPriorityGrouping
                0x08002000       0x48 ./Drivers/STM32L4xx_HAL_Driver/Src/stm32l4xx_hal_cortex.o
 .text.__NVIC_GetPriorityGrouping
                0x08002048       0x1c ./Drivers/STM32L4xx_HAL_Driver/Src/stm32l4xx_hal_cortex.o
 .text.__NVIC_EnableIRQ
                0x08002064       0x3c ./Drivers/STM32L4xx_HAL_Driver/Src/stm32l4xx_hal_cortex.o
 .text.__NVIC_SetPriority
                0x080020a0       0x54 ./Drivers/STM32L4xx_HAL_Driver/Src/stm32l4xx_hal_cortex.o
 .text.NVIC_EncodePriority
                0x080020f4       0x66 ./Drivers/STM32L4xx_HAL_Driver/Src/stm32l4xx_hal_cortex.o
 .text.HAL_NVIC_SetPriorityGrouping
                0x0800215a       0x16 ./Drivers/STM32L4xx_HAL_Driver/Src/stm32l4xx_hal_cortex.o
                0x0800215a                HAL_NVIC_SetPriorityGrouping
 .text.HAL_NVIC_SetPriority
                0x08002170       0x38 ./Drivers/STM32L4xx_HAL_Driver/Src/stm32l4xx_hal_cortex.o
                0x08002170                HAL_NVIC_SetPriority
 .text.HAL_NVIC_EnableIRQ
                0x080021a8       0x1c ./Drivers/STM32L4xx_HAL_Driver/Src/stm32l4xx_hal_cortex.o
                0x080021a8                HAL_NVIC_EnableIRQ
 .text.HAL_DMA_Init
                0x080021c4      0x170 ./Drivers/STM32L4xx_HAL_Driver/Src/stm32l4xx_hal_dma.o
                0x080021c4                HAL_DMA_Init
 .text.HAL_DMA_Start_IT
                0x08002334       0xc0 ./Drivers/STM32L4xx_HAL_Driver/Src/stm32l4xx_hal_dma.o
                0x08002334                HAL_DMA_Start_IT
 .text.HAL_DMA_Abort
                0x080023f4       0x7c ./Drivers/STM32L4xx_HAL_Driver/Src/stm32l4xx_hal_dma.o
                0x080023f4                HAL_DMA_Abort
 .text.HAL_DMA_Abort_IT
                0x08002470       0x82 ./Drivers/STM32L4xx_HAL_Driver/Src/stm32l4xx_hal_dma.o
                0x08002470                HAL_DMA_Abort_IT
 .text.HAL_DMA_IRQHandler
                0x080024f2      0x15e ./Drivers/STM32L4xx_HAL_Driver/Src/stm32l4xx_hal_dma.o
                0x080024f2                HAL_DMA_IRQHandler
 .text.DMA_SetConfig
                0x08002650       0x60 ./Drivers/STM32L4xx_HAL_Driver/Src/stm32l4xx_hal_dma.o
 .text.HAL_GPIO_Init
                0x080026b0      0x354 ./Drivers/STM32L4xx_HAL_Driver/Src/stm32l4xx_hal_gpio.o
                0x080026b0                HAL_GPIO_Init
 .text.HAL_GPIO_WritePin
                0x08002a04       0x30 ./Drivers/STM32L4xx_HAL_Driver/Src/stm32l4xx_hal_gpio.o
                0x08002a04                HAL_GPIO_WritePin
 .text.HAL_GPIO_TogglePin
                0x08002a34       0x34 ./Drivers/STM32L4xx_HAL_Driver/Src/stm32l4xx_hal_gpio.o
                0x08002a34                HAL_GPIO_TogglePin
 .text.HAL_I2C_Init
                0x08002a68      0x136 ./Drivers/STM32L4xx_HAL_Driver/Src/stm32l4xx_hal_i2c.o
                0x08002a68                HAL_I2C_Init
 *fill*         0x08002b9e        0x2 
 .text.HAL_I2C_Mem_Write
                0x08002ba0      0x228 ./Drivers/STM32L4xx_HAL_Driver/Src/stm32l4xx_hal_i2c.o
                0x08002ba0                HAL_I2C_Mem_Write
 .text.HAL_I2C_Mem_Read
                0x08002dc8      0x234 ./Drivers/STM32L4xx_HAL_Driver/Src/stm32l4xx_hal_i2c.o
                0x08002dc8                HAL_I2C_Mem_Read
 .text.I2C_RequestMemoryWrite
                0x08002ffc       0xa8 ./Drivers/STM32L4xx_HAL_Driver/Src/stm32l4xx_hal_i2c.o
 .text.I2C_RequestMemoryRead
                0x080030a4       0xa8 ./Drivers/STM32L4xx_HAL_Driver/Src/stm32l4xx_hal_i2c.o
 .text.I2C_Flush_TXDR
                0x0800314c       0x48 ./Drivers/STM32L4xx_HAL_Driver/Src/stm32l4xx_hal_i2c.o
 .text.I2C_WaitOnFlagUntilTimeout
                0x08003194       0xb2 ./Drivers/STM32L4xx_HAL_Driver/Src/stm32l4xx_hal_i2c.o
 .text.I2C_WaitOnTXISFlagUntilTimeout
                0x08003246       0x8e ./Drivers/STM32L4xx_HAL_Driver/Src/stm32l4xx_hal_i2c.o
 .text.I2C_WaitOnSTOPFlagUntilTimeout
                0x080032d4       0x86 ./Drivers/STM32L4xx_HAL_Driver/Src/stm32l4xx_hal_i2c.o
 *fill*         0x0800335a        0x2 
 .text.I2C_IsErrorOccurred
                0x0800335c      0x1c0 ./Drivers/STM32L4xx_HAL_Driver/Src/stm32l4xx_hal_i2c.o
 .text.I2C_TransferConfig
                0x0800351c       0x64 ./Drivers/STM32L4xx_HAL_Driver/Src/stm32l4xx_hal_i2c.o
 .text.HAL_I2CEx_ConfigAnalogFilter
                0x08003580       0x96 ./Drivers/STM32L4xx_HAL_Driver/Src/stm32l4xx_hal_i2c_ex.o
                0x08003580                HAL_I2CEx_ConfigAnalogFilter
 .text.HAL_I2CEx_ConfigDigitalFilter
                0x08003616       0x98 ./Drivers/STM32L4xx_HAL_Driver/Src/stm32l4xx_hal_i2c_ex.o
                0x08003616                HAL_I2CEx_ConfigDigitalFilter
 *fill*         0x080036ae        0x2 
 .text.HAL_PWREx_GetVoltageRange
                0x080036b0       0x1c ./Drivers/STM32L4xx_HAL_Driver/Src/stm32l4xx_hal_pwr_ex.o
                0x080036b0                HAL_PWREx_GetVoltageRange
 .text.HAL_PWREx_ControlVoltageScaling
                0x080036cc       0xac ./Drivers/STM32L4xx_HAL_Driver/Src/stm32l4xx_hal_pwr_ex.o
                0x080036cc                HAL_PWREx_ControlVoltageScaling
 .text.HAL_RCC_OscConfig
                0x08003778      0x7b8 ./Drivers/STM32L4xx_HAL_Driver/Src/stm32l4xx_hal_rcc.o
                0x08003778                HAL_RCC_OscConfig
 .text.HAL_RCC_ClockConfig
                0x08003f30      0x200 ./Drivers/STM32L4xx_HAL_Driver/Src/stm32l4xx_hal_rcc.o
                0x08003f30                HAL_RCC_ClockConfig
 .text.HAL_RCC_GetSysClockFreq
                0x08004130      0x118 ./Drivers/STM32L4xx_HAL_Driver/Src/stm32l4xx_hal_rcc.o
                0x08004130                HAL_RCC_GetSysClockFreq
 .text.HAL_RCC_GetHCLKFreq
                0x08004248       0x18 ./Drivers/STM32L4xx_HAL_Driver/Src/stm32l4xx_hal_rcc.o
                0x08004248                HAL_RCC_GetHCLKFreq
 .text.HAL_RCC_GetPCLK1Freq
                0x08004260       0x2c ./Drivers/STM32L4xx_HAL_Driver/Src/stm32l4xx_hal_rcc.o
                0x08004260                HAL_RCC_GetPCLK1Freq
 .text.HAL_RCC_GetPCLK2Freq
                0x0800428c       0x2c ./Drivers/STM32L4xx_HAL_Driver/Src/stm32l4xx_hal_rcc.o
                0x0800428c                HAL_RCC_GetPCLK2Freq
 .text.HAL_RCC_GetClockConfig
                0x080042b8       0x64 ./Drivers/STM32L4xx_HAL_Driver/Src/stm32l4xx_hal_rcc.o
                0x080042b8                HAL_RCC_GetClockConfig
 .text.RCC_SetFlashLatencyFromMSIRange
                0x0800431c       0xc0 ./Drivers/STM32L4xx_HAL_Driver/Src/stm32l4xx_hal_rcc.o
 .text.HAL_RCCEx_PeriphCLKConfig
                0x080043dc      0x5d4 ./Drivers/STM32L4xx_HAL_Driver/Src/stm32l4xx_hal_rcc_ex.o
                0x080043dc                HAL_RCCEx_PeriphCLKConfig
 .text.HAL_RCCEx_GetPeriphCLKFreq
                0x080049b0      0xadc ./Drivers/STM32L4xx_HAL_Driver/Src/stm32l4xx_hal_rcc_ex.o
                0x080049b0                HAL_RCCEx_GetPeriphCLKFreq
 .text.RCCEx_PLLSAI1_Config
                0x0800548c      0x1e8 ./Drivers/STM32L4xx_HAL_Driver/Src/stm32l4xx_hal_rcc_ex.o
 .text.RCCEx_PLLSAI2_Config
                0x08005674      0x1bc ./Drivers/STM32L4xx_HAL_Driver/Src/stm32l4xx_hal_rcc_ex.o
 .text.RCCEx_GetSAIxPeriphCLKFreq
                0x08005830      0x1e0 ./Drivers/STM32L4xx_HAL_Driver/Src/stm32l4xx_hal_rcc_ex.o
 .text.HAL_SAI_InitProtocol
                0x08005a10       0x62 ./Drivers/STM32L4xx_HAL_Driver/Src/stm32l4xx_hal_sai.o
                0x08005a10                HAL_SAI_InitProtocol
 *fill*         0x08005a72        0x2 
 .text.HAL_SAI_Init
                0x08005a74      0x2e4 ./Drivers/STM32L4xx_HAL_Driver/Src/stm32l4xx_hal_sai.o
                0x08005a74                HAL_SAI_Init
 .text.HAL_SAI_Abort
                0x08005d58       0xca ./Drivers/STM32L4xx_HAL_Driver/Src/stm32l4xx_hal_sai.o
                0x08005d58                HAL_SAI_Abort
 *fill*         0x08005e22        0x2 
 .text.HAL_SAI_Transmit_DMA
                0x08005e24      0x160 ./Drivers/STM32L4xx_HAL_Driver/Src/stm32l4xx_hal_sai.o
                0x08005e24                HAL_SAI_Transmit_DMA
 .text.HAL_SAI_Receive_DMA
                0x08005f84      0x11c ./Drivers/STM32L4xx_HAL_Driver/Src/stm32l4xx_hal_sai.o
                0x08005f84                HAL_SAI_Receive_DMA
 .text.HAL_SAI_IRQHandler
                0x080060a0      0x348 ./Drivers/STM32L4xx_HAL_Driver/Src/stm32l4xx_hal_sai.o
                0x080060a0                HAL_SAI_IRQHandler
 .text.HAL_SAI_TxCpltCallback
                0x080063e8       0x14 ./Drivers/STM32L4xx_HAL_Driver/Src/stm32l4xx_hal_sai.o
                0x080063e8                HAL_SAI_TxCpltCallback
 .text.HAL_SAI_TxHalfCpltCallback
                0x080063fc       0x14 ./Drivers/STM32L4xx_HAL_Driver/Src/stm32l4xx_hal_sai.o
                0x080063fc                HAL_SAI_TxHalfCpltCallback
 .text.HAL_SAI_RxCpltCallback
                0x08006410       0x14 ./Drivers/STM32L4xx_HAL_Driver/Src/stm32l4xx_hal_sai.o
                0x08006410                HAL_SAI_RxCpltCallback
 .text.HAL_SAI_RxHalfCpltCallback
                0x08006424       0x14 ./Drivers/STM32L4xx_HAL_Driver/Src/stm32l4xx_hal_sai.o
                0x08006424                HAL_SAI_RxHalfCpltCallback
 .text.SAI_InitI2S
                0x08006438      0x164 ./Drivers/STM32L4xx_HAL_Driver/Src/stm32l4xx_hal_sai.o
 .text.SAI_InitPCM
                0x0800659c      0x104 ./Drivers/STM32L4xx_HAL_Driver/Src/stm32l4xx_hal_sai.o
 .text.SAI_InterruptFlag
                0x080066a0       0x6e ./Drivers/STM32L4xx_HAL_Driver/Src/stm32l4xx_hal_sai.o
 *fill*         0x0800670e        0x2 
 .text.SAI_Disable
                0x08006710       0x74 ./Drivers/STM32L4xx_HAL_Driver/Src/stm32l4xx_hal_sai.o
 .text.SAI_DMATxCplt
                0x08006784       0x5e ./Drivers/STM32L4xx_HAL_Driver/Src/stm32l4xx_hal_sai.o
 .text.SAI_DMATxHalfCplt
                0x080067e2       0x1c ./Drivers/STM32L4xx_HAL_Driver/Src/stm32l4xx_hal_sai.o
 .text.SAI_DMARxCplt
                0x080067fe       0x5e ./Drivers/STM32L4xx_HAL_Driver/Src/stm32l4xx_hal_sai.o
 .text.SAI_DMARxHalfCplt
                0x0800685c       0x1c ./Drivers/STM32L4xx_HAL_Driver/Src/stm32l4xx_hal_sai.o
 .text.SAI_DMAError
                0x08006878       0x52 ./Drivers/STM32L4xx_HAL_Driver/Src/stm32l4xx_hal_sai.o
 .text.SAI_DMAAbort
                0x080068ca       0x6e ./Drivers/STM32L4xx_HAL_Driver/Src/stm32l4xx_hal_sai.o
 .text.HAL_SPI_Init
                0x08006938      0x146 ./Drivers/STM32L4xx_HAL_Driver/Src/stm32l4xx_hal_spi.o
                0x08006938                HAL_SPI_Init
 .text.HAL_SPI_Transmit
                0x08006a7e      0x2ec ./Drivers/STM32L4xx_HAL_Driver/Src/stm32l4xx_hal_spi.o
                0x08006a7e                HAL_SPI_Transmit
 *fill*         0x08006d6a        0x2 
 .text.HAL_SPI_IRQHandler
                0x08006d6c      0x1e8 ./Drivers/STM32L4xx_HAL_Driver/Src/stm32l4xx_hal_spi.o
                0x08006d6c                HAL_SPI_IRQHandler
 .text.HAL_SPI_ErrorCallback
                0x08006f54       0x14 ./Drivers/STM32L4xx_HAL_Driver/Src/stm32l4xx_hal_spi.o
                0x08006f54                HAL_SPI_ErrorCallback
 .text.SPI_DMAAbortOnError
                0x08006f68       0x2a ./Drivers/STM32L4xx_HAL_Driver/Src/stm32l4xx_hal_spi.o
 *fill*         0x08006f92        0x2 
 .text.SPI_WaitFlagStateUntilTimeout
                0x08006f94      0x110 ./Drivers/STM32L4xx_HAL_Driver/Src/stm32l4xx_hal_spi.o
 .text.SPI_WaitFifoStateUntilTimeout
                0x080070a4      0x12c ./Drivers/STM32L4xx_HAL_Driver/Src/stm32l4xx_hal_spi.o
 .text.SPI_EndRxTxTransaction
                0x080071d0       0x8c ./Drivers/STM32L4xx_HAL_Driver/Src/stm32l4xx_hal_spi.o
 .text.HAL_TIM_Base_Init
                0x0800725c       0xae ./Drivers/STM32L4xx_HAL_Driver/Src/stm32l4xx_hal_tim.o
                0x0800725c                HAL_TIM_Base_Init
 .text.HAL_TIM_Base_MspInit
                0x0800730a       0x14 ./Drivers/STM32L4xx_HAL_Driver/Src/stm32l4xx_hal_tim.o
                0x0800730a                HAL_TIM_Base_MspInit
 *fill*         0x0800731e        0x2 
 .text.HAL_TIM_Base_Start_IT
                0x08007320       0xe0 ./Drivers/STM32L4xx_HAL_Driver/Src/stm32l4xx_hal_tim.o
                0x08007320                HAL_TIM_Base_Start_IT
 .text.HAL_TIM_IRQHandler
                0x08007400      0x20e ./Drivers/STM32L4xx_HAL_Driver/Src/stm32l4xx_hal_tim.o
                0x08007400                HAL_TIM_IRQHandler
 .text.HAL_TIM_OC_DelayElapsedCallback
                0x0800760e       0x14 ./Drivers/STM32L4xx_HAL_Driver/Src/stm32l4xx_hal_tim.o
                0x0800760e                HAL_TIM_OC_DelayElapsedCallback
 .text.HAL_TIM_IC_CaptureCallback
                0x08007622       0x14 ./Drivers/STM32L4xx_HAL_Driver/Src/stm32l4xx_hal_tim.o
                0x08007622                HAL_TIM_IC_CaptureCallback
 .text.HAL_TIM_PWM_PulseFinishedCallback
                0x08007636       0x14 ./Drivers/STM32L4xx_HAL_Driver/Src/stm32l4xx_hal_tim.o
                0x08007636                HAL_TIM_PWM_PulseFinishedCallback
 .text.HAL_TIM_TriggerCallback
                0x0800764a       0x14 ./Drivers/STM32L4xx_HAL_Driver/Src/stm32l4xx_hal_tim.o
                0x0800764a                HAL_TIM_TriggerCallback
 *fill*         0x0800765e        0x2 
 .text.TIM_Base_SetConfig
                0x08007660      0x14c ./Drivers/STM32L4xx_HAL_Driver/Src/stm32l4xx_hal_tim.o
                0x08007660                TIM_Base_SetConfig
 .text.HAL_TIMEx_CommutCallback
                0x080077ac       0x14 ./Drivers/STM32L4xx_HAL_Driver/Src/stm32l4xx_hal_tim_ex.o
                0x080077ac                HAL_TIMEx_CommutCallback
 .text.HAL_TIMEx_BreakCallback
                0x080077c0       0x14 ./Drivers/STM32L4xx_HAL_Driver/Src/stm32l4xx_hal_tim_ex.o
                0x080077c0                HAL_TIMEx_BreakCallback
 .text.HAL_TIMEx_Break2Callback
                0x080077d4       0x14 ./Drivers/STM32L4xx_HAL_Driver/Src/stm32l4xx_hal_tim_ex.o
                0x080077d4                HAL_TIMEx_Break2Callback
 .text.HAL_UART_Init
                0x080077e8       0x9c ./Drivers/STM32L4xx_HAL_Driver/Src/stm32l4xx_hal_uart.o
                0x080077e8                HAL_UART_Init
 .text.HAL_UART_Transmit
                0x08007884      0x112 ./Drivers/STM32L4xx_HAL_Driver/Src/stm32l4xx_hal_uart.o
                0x08007884                HAL_UART_Transmit
 *fill*         0x08007996        0x2 
 .text.HAL_UART_Receive_IT
                0x08007998       0x98 ./Drivers/STM32L4xx_HAL_Driver/Src/stm32l4xx_hal_uart.o
                0x08007998                HAL_UART_Receive_IT
 .text.HAL_UART_IRQHandler
                0x08007a30      0x60c ./Drivers/STM32L4xx_HAL_Driver/Src/stm32l4xx_hal_uart.o
                0x08007a30                HAL_UART_IRQHandler
 .text.HAL_UART_TxCpltCallback
                0x0800803c       0x14 ./Drivers/STM32L4xx_HAL_Driver/Src/stm32l4xx_hal_uart.o
                0x0800803c                HAL_UART_TxCpltCallback
 .text.HAL_UART_ErrorCallback
                0x08008050       0x14 ./Drivers/STM32L4xx_HAL_Driver/Src/stm32l4xx_hal_uart.o
                0x08008050                HAL_UART_ErrorCallback
 .text.HAL_UARTEx_RxEventCallback
                0x08008064       0x18 ./Drivers/STM32L4xx_HAL_Driver/Src/stm32l4xx_hal_uart.o
                0x08008064                HAL_UARTEx_RxEventCallback
 .text.UART_SetConfig
                0x0800807c      0x570 ./Drivers/STM32L4xx_HAL_Driver/Src/stm32l4xx_hal_uart.o
                0x0800807c                UART_SetConfig
 .text.UART_AdvFeatureConfig
                0x080085ec      0x144 ./Drivers/STM32L4xx_HAL_Driver/Src/stm32l4xx_hal_uart.o
                0x080085ec                UART_AdvFeatureConfig
 .text.UART_CheckIdleState
                0x08008730      0x150 ./Drivers/STM32L4xx_HAL_Driver/Src/stm32l4xx_hal_uart.o
                0x08008730                UART_CheckIdleState
 .text.UART_WaitOnFlagUntilTimeout
                0x08008880       0xda ./Drivers/STM32L4xx_HAL_Driver/Src/stm32l4xx_hal_uart.o
                0x08008880                UART_WaitOnFlagUntilTimeout
 *fill*         0x0800895a        0x2 
 .text.UART_Start_Receive_IT
                0x0800895c      0x18c ./Drivers/STM32L4xx_HAL_Driver/Src/stm32l4xx_hal_uart.o
                0x0800895c                UART_Start_Receive_IT
 .text.UART_EndRxTransfer
                0x08008ae8       0xc8 ./Drivers/STM32L4xx_HAL_Driver/Src/stm32l4xx_hal_uart.o
 .text.UART_DMAAbortOnError
                0x08008bb0       0x2c ./Drivers/STM32L4xx_HAL_Driver/Src/stm32l4xx_hal_uart.o
 .text.UART_EndTransmit_IT
                0x08008bdc       0x54 ./Drivers/STM32L4xx_HAL_Driver/Src/stm32l4xx_hal_uart.o
 .text.UART_RxISR_8BIT
                0x08008c30      0x1bc ./Drivers/STM32L4xx_HAL_Driver/Src/stm32l4xx_hal_uart.o
 .text.UART_RxISR_16BIT
                0x08008dec      0x1bc ./Drivers/STM32L4xx_HAL_Driver/Src/stm32l4xx_hal_uart.o
 .text.HAL_UARTEx_WakeupCallback
                0x08008fa8       0x14 ./Drivers/STM32L4xx_HAL_Driver/Src/stm32l4xx_hal_uart_ex.o
                0x08008fa8                HAL_UARTEx_WakeupCallback
 .text.makeFreeRtosPriority
                0x08008fbc       0x30 ./Middlewares/Third_Party/FreeRTOS/Source/CMSIS_RTOS/cmsis_os.o
 .text.osKernelStart
                0x08008fec        0xe ./Middlewares/Third_Party/FreeRTOS/Source/CMSIS_RTOS/cmsis_os.o
                0x08008fec                osKernelStart
 .text.osThreadCreate
                0x08008ffa       0x98 ./Middlewares/Third_Party/FreeRTOS/Source/CMSIS_RTOS/cmsis_os.o
                0x08008ffa                osThreadCreate
 .text.osDelay  0x08009092       0x28 ./Middlewares/Third_Party/FreeRTOS/Source/CMSIS_RTOS/cmsis_os.o
                0x08009092                osDelay
 .text.vListInitialise
                0x080090ba       0x40 ./Middlewares/Third_Party/FreeRTOS/Source/list.o
                0x080090ba                vListInitialise
 .text.vListInitialiseItem
                0x080090fa       0x1a ./Middlewares/Third_Party/FreeRTOS/Source/list.o
                0x080090fa                vListInitialiseItem
 .text.vListInsertEnd
                0x08009114       0x48 ./Middlewares/Third_Party/FreeRTOS/Source/list.o
                0x08009114                vListInsertEnd
 .text.vListInsert
                0x0800915c       0x72 ./Middlewares/Third_Party/FreeRTOS/Source/list.o
                0x0800915c                vListInsert
 .text.uxListRemove
                0x080091ce       0x54 ./Middlewares/Third_Party/FreeRTOS/Source/list.o
                0x080091ce                uxListRemove
 *fill*         0x08009222        0x2 
 .text.xQueueGenericReset
                0x08009224       0xd4 ./Middlewares/Third_Party/FreeRTOS/Source/queue.o
                0x08009224                xQueueGenericReset
 .text.xQueueGenericCreate
                0x080092f8       0x76 ./Middlewares/Third_Party/FreeRTOS/Source/queue.o
                0x080092f8                xQueueGenericCreate
 .text.prvInitialiseNewQueue
                0x0800936e       0x3e ./Middlewares/Third_Party/FreeRTOS/Source/queue.o
 .text.xQueueGiveFromISR
                0x080093ac      0x120 ./Middlewares/Third_Party/FreeRTOS/Source/queue.o
                0x080093ac                xQueueGiveFromISR
 .text.xQueueSemaphoreTake
                0x080094cc      0x220 ./Middlewares/Third_Party/FreeRTOS/Source/queue.o
                0x080094cc                xQueueSemaphoreTake
 .text.prvGetDisinheritPriorityAfterTimeout
                0x080096ec       0x30 ./Middlewares/Third_Party/FreeRTOS/Source/queue.o
 .text.prvUnlockQueue
                0x0800971c       0xa4 ./Middlewares/Third_Party/FreeRTOS/Source/queue.o
 .text.prvIsQueueEmpty
                0x080097c0       0x2c ./Middlewares/Third_Party/FreeRTOS/Source/queue.o
 .text.xTaskCreateStatic
                0x080097ec       0xc0 ./Middlewares/Third_Party/FreeRTOS/Source/tasks.o
                0x080097ec                xTaskCreateStatic
 .text.xTaskCreate
                0x080098ac       0x8a ./Middlewares/Third_Party/FreeRTOS/Source/tasks.o
                0x080098ac                xTaskCreate
 *fill*         0x08009936        0x2 
 .text.prvInitialiseNewTask
                0x08009938      0x140 ./Middlewares/Third_Party/FreeRTOS/Source/tasks.o
 .text.prvAddNewTaskToReadyList
                0x08009a78       0xd4 ./Middlewares/Third_Party/FreeRTOS/Source/tasks.o
 .text.vTaskDelay
                0x08009b4c       0x6c ./Middlewares/Third_Party/FreeRTOS/Source/tasks.o
                0x08009b4c                vTaskDelay
 .text.vTaskStartScheduler
                0x08009bb8       0xd4 ./Middlewares/Third_Party/FreeRTOS/Source/tasks.o
                0x08009bb8                vTaskStartScheduler
 .text.vTaskSuspendAll
                0x08009c8c       0x1c ./Middlewares/Third_Party/FreeRTOS/Source/tasks.o
                0x08009c8c                vTaskSuspendAll
 .text.xTaskResumeAll
                0x08009ca8      0x13c ./Middlewares/Third_Party/FreeRTOS/Source/tasks.o
                0x08009ca8                xTaskResumeAll
 .text.xTaskIncrementTick
                0x08009de4      0x174 ./Middlewares/Third_Party/FreeRTOS/Source/tasks.o
                0x08009de4                xTaskIncrementTick
 .text.vTaskSwitchContext
                0x08009f58       0xc8 ./Middlewares/Third_Party/FreeRTOS/Source/tasks.o
                0x08009f58                vTaskSwitchContext
 .text.vTaskPlaceOnEventList
                0x0800a020       0x4c ./Middlewares/Third_Party/FreeRTOS/Source/tasks.o
                0x0800a020                vTaskPlaceOnEventList
 .text.xTaskRemoveFromEventList
                0x0800a06c       0xc8 ./Middlewares/Third_Party/FreeRTOS/Source/tasks.o
                0x0800a06c                xTaskRemoveFromEventList
 .text.vTaskInternalSetTimeOutState
                0x0800a134       0x2c ./Middlewares/Third_Party/FreeRTOS/Source/tasks.o
                0x0800a134                vTaskInternalSetTimeOutState
 .text.xTaskCheckForTimeOut
                0x0800a160       0xc8 ./Middlewares/Third_Party/FreeRTOS/Source/tasks.o
                0x0800a160                xTaskCheckForTimeOut
 .text.vTaskMissedYield
                0x0800a228       0x18 ./Middlewares/Third_Party/FreeRTOS/Source/tasks.o
                0x0800a228                vTaskMissedYield
 .text.prvIdleTask
                0x0800a240       0x30 ./Middlewares/Third_Party/FreeRTOS/Source/tasks.o
 .text.prvInitialiseTaskLists
                0x0800a270       0x80 ./Middlewares/Third_Party/FreeRTOS/Source/tasks.o
 .text.prvCheckTasksWaitingTermination
                0x0800a2f0       0x5c ./Middlewares/Third_Party/FreeRTOS/Source/tasks.o
 .text.prvDeleteTCB
                0x0800a34c       0x6a ./Middlewares/Third_Party/FreeRTOS/Source/tasks.o
 *fill*         0x0800a3b6        0x2 
 .text.prvResetNextTaskUnblockTime
                0x0800a3b8       0x40 ./Middlewares/Third_Party/FreeRTOS/Source/tasks.o
 .text.xTaskGetSchedulerState
                0x0800a3f8       0x3c ./Middlewares/Third_Party/FreeRTOS/Source/tasks.o
                0x0800a3f8                xTaskGetSchedulerState
 .text.xTaskPriorityInherit
                0x0800a434       0xec ./Middlewares/Third_Party/FreeRTOS/Source/tasks.o
                0x0800a434                xTaskPriorityInherit
 .text.vTaskPriorityDisinheritAfterTimeout
                0x0800a520      0x120 ./Middlewares/Third_Party/FreeRTOS/Source/tasks.o
                0x0800a520                vTaskPriorityDisinheritAfterTimeout
 .text.pvTaskIncrementMutexHeldCount
                0x0800a640       0x28 ./Middlewares/Third_Party/FreeRTOS/Source/tasks.o
                0x0800a640                pvTaskIncrementMutexHeldCount
 .text.prvAddCurrentTaskToDelayedList
                0x0800a668       0xcc ./Middlewares/Third_Party/FreeRTOS/Source/tasks.o
 .text.pxPortInitialiseStack
                0x0800a734       0x68 ./Middlewares/Third_Party/FreeRTOS/Source/portable/GCC/ARM_CM4F/port.o
                0x0800a734                pxPortInitialiseStack
 .text.prvTaskExitError
                0x0800a79c       0x5c ./Middlewares/Third_Party/FreeRTOS/Source/portable/GCC/ARM_CM4F/port.o
 *fill*         0x0800a7f8        0x8 
 .text.SVC_Handler
                0x0800a800       0x28 ./Middlewares/Third_Party/FreeRTOS/Source/portable/GCC/ARM_CM4F/port.o
                0x0800a800                SVC_Handler
 .text.prvPortStartFirstTask
                0x0800a828       0x28 ./Middlewares/Third_Party/FreeRTOS/Source/portable/GCC/ARM_CM4F/port.o
 .text.xPortStartScheduler
                0x0800a850      0x148 ./Middlewares/Third_Party/FreeRTOS/Source/portable/GCC/ARM_CM4F/port.o
                0x0800a850                xPortStartScheduler
 .text.vPortEnterCritical
                0x0800a998       0x64 ./Middlewares/Third_Party/FreeRTOS/Source/portable/GCC/ARM_CM4F/port.o
                0x0800a998                vPortEnterCritical
 .text.vPortExitCritical
                0x0800a9fc       0x54 ./Middlewares/Third_Party/FreeRTOS/Source/portable/GCC/ARM_CM4F/port.o
                0x0800a9fc                vPortExitCritical
 .text.PendSV_Handler
                0x0800aa50       0x68 ./Middlewares/Third_Party/FreeRTOS/Source/portable/GCC/ARM_CM4F/port.o
                0x0800aa50                PendSV_Handler
 .text.SysTick_Handler
                0x0800aab8       0x44 ./Middlewares/Third_Party/FreeRTOS/Source/portable/GCC/ARM_CM4F/port.o
                0x0800aab8                SysTick_Handler
 .text.vPortSetupTimerInterrupt
                0x0800aafc       0x48 ./Middlewares/Third_Party/FreeRTOS/Source/portable/GCC/ARM_CM4F/port.o
                0x0800aafc                vPortSetupTimerInterrupt
 .text.vPortEnableVFP
                0x0800ab44       0x14 ./Middlewares/Third_Party/FreeRTOS/Source/portable/GCC/ARM_CM4F/port.o
 .text.vPortValidateInterruptPriority
                0x0800ab58       0x84 ./Middlewares/Third_Party/FreeRTOS/Source/portable/GCC/ARM_CM4F/port.o
                0x0800ab58                vPortValidateInterruptPriority
 .text.pvPortMalloc
                0x0800abdc      0x19c ./Middlewares/Third_Party/FreeRTOS/Source/portable/MemMang/heap_4.o
                0x0800abdc                pvPortMalloc
 .text.vPortFree
                0x0800ad78       0xc8 ./Middlewares/Third_Party/FreeRTOS/Source/portable/MemMang/heap_4.o
                0x0800ad78                vPortFree
 .text.prvHeapInit
                0x0800ae40       0xc4 ./Middlewares/Third_Party/FreeRTOS/Source/portable/MemMang/heap_4.o
 .text.prvInsertBlockIntoFreeList
                0x0800af04       0xb4 ./Middlewares/Third_Party/FreeRTOS/Source/portable/MemMang/heap_4.o
 .text.atoi     0x0800afb8        0x8 /home/oliver/st/stm32cubeide_1.16.0/plugins/com.st.stm32cube.ide.mcu.externaltools.gnu-tools-for-stm32.12.3.rel1.linux64_1.1.0.202410170702/tools/bin/../lib/gcc/arm-none-eabi/12.3.1/../../../../arm-none-eabi/lib/thumb/v7e-m+fp/hard/libc_nano.a(libc_a-atoi.o)
                0x0800afb8                atoi
 .text._strtol_l.constprop.0
                0x0800afc0       0xf4 /home/oliver/st/stm32cubeide_1.16.0/plugins/com.st.stm32cube.ide.mcu.externaltools.gnu-tools-for-stm32.12.3.rel1.linux64_1.1.0.202410170702/tools/bin/../lib/gcc/arm-none-eabi/12.3.1/../../../../arm-none-eabi/lib/thumb/v7e-m+fp/hard/libc_nano.a(libc_a-strtol.o)
 .text.strtol   0x0800b0b4       0x14 /home/oliver/st/stm32cubeide_1.16.0/plugins/com.st.stm32cube.ide.mcu.externaltools.gnu-tools-for-stm32.12.3.rel1.linux64_1.1.0.202410170702/tools/bin/../lib/gcc/arm-none-eabi/12.3.1/../../../../arm-none-eabi/lib/thumb/v7e-m+fp/hard/libc_nano.a(libc_a-strtol.o)
                0x0800b0b4                strtol
 .text.std      0x0800b0c8       0x6c /home/oliver/st/stm32cubeide_1.16.0/plugins/com.st.stm32cube.ide.mcu.externaltools.gnu-tools-for-stm32.12.3.rel1.linux64_1.1.0.202410170702/tools/bin/../lib/gcc/arm-none-eabi/12.3.1/../../../../arm-none-eabi/lib/thumb/v7e-m+fp/hard/libc_nano.a(libc_a-findfp.o)
 .text.stdio_exit_handler
                0x0800b134       0x18 /home/oliver/st/stm32cubeide_1.16.0/plugins/com.st.stm32cube.ide.mcu.externaltools.gnu-tools-for-stm32.12.3.rel1.linux64_1.1.0.202410170702/tools/bin/../lib/gcc/arm-none-eabi/12.3.1/../../../../arm-none-eabi/lib/thumb/v7e-m+fp/hard/libc_nano.a(libc_a-findfp.o)
 .text.cleanup_stdio
                0x0800b14c       0x40 /home/oliver/st/stm32cubeide_1.16.0/plugins/com.st.stm32cube.ide.mcu.externaltools.gnu-tools-for-stm32.12.3.rel1.linux64_1.1.0.202410170702/tools/bin/../lib/gcc/arm-none-eabi/12.3.1/../../../../arm-none-eabi/lib/thumb/v7e-m+fp/hard/libc_nano.a(libc_a-findfp.o)
 .text.global_stdio_init.part.0
                0x0800b18c       0x3c /home/oliver/st/stm32cubeide_1.16.0/plugins/com.st.stm32cube.ide.mcu.externaltools.gnu-tools-for-stm32.12.3.rel1.linux64_1.1.0.202410170702/tools/bin/../lib/gcc/arm-none-eabi/12.3.1/../../../../arm-none-eabi/lib/thumb/v7e-m+fp/hard/libc_nano.a(libc_a-findfp.o)
 .text.__sfp_lock_acquire
                0x0800b1c8        0xc /home/oliver/st/stm32cubeide_1.16.0/plugins/com.st.stm32cube.ide.mcu.externaltools.gnu-tools-for-stm32.12.3.rel1.linux64_1.1.0.202410170702/tools/bin/../lib/gcc/arm-none-eabi/12.3.1/../../../../arm-none-eabi/lib/thumb/v7e-m+fp/hard/libc_nano.a(libc_a-findfp.o)
                0x0800b1c8                __sfp_lock_acquire
 .text.__sfp_lock_release
                0x0800b1d4        0xc /home/oliver/st/stm32cubeide_1.16.0/plugins/com.st.stm32cube.ide.mcu.externaltools.gnu-tools-for-stm32.12.3.rel1.linux64_1.1.0.202410170702/tools/bin/../lib/gcc/arm-none-eabi/12.3.1/../../../../arm-none-eabi/lib/thumb/v7e-m+fp/hard/libc_nano.a(libc_a-findfp.o)
                0x0800b1d4                __sfp_lock_release
 .text.__sinit  0x0800b1e0       0x30 /home/oliver/st/stm32cubeide_1.16.0/plugins/com.st.stm32cube.ide.mcu.externaltools.gnu-tools-for-stm32.12.3.rel1.linux64_1.1.0.202410170702/tools/bin/../lib/gcc/arm-none-eabi/12.3.1/../../../../arm-none-eabi/lib/thumb/v7e-m+fp/hard/libc_nano.a(libc_a-findfp.o)
                0x0800b1e0                __sinit
 .text._fwalk_sglue
                0x0800b210       0x3c /home/oliver/st/stm32cubeide_1.16.0/plugins/com.st.stm32cube.ide.mcu.externaltools.gnu-tools-for-stm32.12.3.rel1.linux64_1.1.0.202410170702/tools/bin/../lib/gcc/arm-none-eabi/12.3.1/../../../../arm-none-eabi/lib/thumb/v7e-m+fp/hard/libc_nano.a(libc_a-fwalk.o)
                0x0800b210                _fwalk_sglue
 .text.printf   0x0800b24c       0x24 /home/oliver/st/stm32cubeide_1.16.0/plugins/com.st.stm32cube.ide.mcu.externaltools.gnu-tools-for-stm32.12.3.rel1.linux64_1.1.0.202410170702/tools/bin/../lib/gcc/arm-none-eabi/12.3.1/../../../../arm-none-eabi/lib/thumb/v7e-m+fp/hard/libc_nano.a(libc_a-printf.o)
                0x0800b24c                printf
                0x0800b24c                iprintf
 .text._puts_r  0x0800b270       0xaa /home/oliver/st/stm32cubeide_1.16.0/plugins/com.st.stm32cube.ide.mcu.externaltools.gnu-tools-for-stm32.12.3.rel1.linux64_1.1.0.202410170702/tools/bin/../lib/gcc/arm-none-eabi/12.3.1/../../../../arm-none-eabi/lib/thumb/v7e-m+fp/hard/libc_nano.a(libc_a-puts.o)
                0x0800b270                _puts_r
 *fill*         0x0800b31a        0x2 
 .text.puts     0x0800b31c       0x10 /home/oliver/st/stm32cubeide_1.16.0/plugins/com.st.stm32cube.ide.mcu.externaltools.gnu-tools-for-stm32.12.3.rel1.linux64_1.1.0.202410170702/tools/bin/../lib/gcc/arm-none-eabi/12.3.1/../../../../arm-none-eabi/lib/thumb/v7e-m+fp/hard/libc_nano.a(libc_a-puts.o)
                0x0800b31c                puts
 .text.snprintf
                0x0800b32c       0x68 /home/oliver/st/stm32cubeide_1.16.0/plugins/com.st.stm32cube.ide.mcu.externaltools.gnu-tools-for-stm32.12.3.rel1.linux64_1.1.0.202410170702/tools/bin/../lib/gcc/arm-none-eabi/12.3.1/../../../../arm-none-eabi/lib/thumb/v7e-m+fp/hard/libc_nano.a(libc_a-snprintf.o)
                0x0800b32c                snprintf
                0x0800b32c                sniprintf
 .text.__sread  0x0800b394       0x22 /home/oliver/st/stm32cubeide_1.16.0/plugins/com.st.stm32cube.ide.mcu.externaltools.gnu-tools-for-stm32.12.3.rel1.linux64_1.1.0.202410170702/tools/bin/../lib/gcc/arm-none-eabi/12.3.1/../../../../arm-none-eabi/lib/thumb/v7e-m+fp/hard/libc_nano.a(libc_a-stdio.o)
                0x0800b394                __sread
 .text.__swrite
                0x0800b3b6       0x38 /home/oliver/st/stm32cubeide_1.16.0/plugins/com.st.stm32cube.ide.mcu.externaltools.gnu-tools-for-stm32.12.3.rel1.linux64_1.1.0.202410170702/tools/bin/../lib/gcc/arm-none-eabi/12.3.1/../../../../arm-none-eabi/lib/thumb/v7e-m+fp/hard/libc_nano.a(libc_a-stdio.o)
                0x0800b3b6                __swrite
 .text.__sseek  0x0800b3ee       0x24 /home/oliver/st/stm32cubeide_1.16.0/plugins/com.st.stm32cube.ide.mcu.externaltools.gnu-tools-for-stm32.12.3.rel1.linux64_1.1.0.202410170702/tools/bin/../lib/gcc/arm-none-eabi/12.3.1/../../../../arm-none-eabi/lib/thumb/v7e-m+fp/hard/libc_nano.a(libc_a-stdio.o)
                0x0800b3ee                __sseek
 .text.__sclose
                0x0800b412        0x8 /home/oliver/st/stm32cubeide_1.16.0/plugins/com.st.stm32cube.ide.mcu.externaltools.gnu-tools-for-stm32.12.3.rel1.linux64_1.1.0.202410170702/tools/bin/../lib/gcc/arm-none-eabi/12.3.1/../../../../arm-none-eabi/lib/thumb/v7e-m+fp/hard/libc_nano.a(libc_a-stdio.o)
                0x0800b412                __sclose
 .text.__swbuf_r
                0x0800b41a       0x7c /home/oliver/st/stm32cubeide_1.16.0/plugins/com.st.stm32cube.ide.mcu.externaltools.gnu-tools-for-stm32.12.3.rel1.linux64_1.1.0.202410170702/tools/bin/../lib/gcc/arm-none-eabi/12.3.1/../../../../arm-none-eabi/lib/thumb/v7e-m+fp/hard/libc_nano.a(libc_a-wbuf.o)
                0x0800b41a                __swbuf_r
 *fill*         0x0800b496        0x2 
 .text.__swsetup_r
                0x0800b498       0xac /home/oliver/st/stm32cubeide_1.16.0/plugins/com.st.stm32cube.ide.mcu.externaltools.gnu-tools-for-stm32.12.3.rel1.linux64_1.1.0.202410170702/tools/bin/../lib/gcc/arm-none-eabi/12.3.1/../../../../arm-none-eabi/lib/thumb/v7e-m+fp/hard/libc_nano.a(libc_a-wsetup.o)
                0x0800b498                __swsetup_r
 .text.memset   0x0800b544       0x10 /home/oliver/st/stm32cubeide_1.16.0/plugins/com.st.stm32cube.ide.mcu.externaltools.gnu-tools-for-stm32.12.3.rel1.linux64_1.1.0.202410170702/tools/bin/../lib/gcc/arm-none-eabi/12.3.1/../../../../arm-none-eabi/lib/thumb/v7e-m+fp/hard/libc_nano.a(libc_a-memset.o)
                0x0800b544                memset
 .text._close_r
                0x0800b554       0x20 /home/oliver/st/stm32cubeide_1.16.0/plugins/com.st.stm32cube.ide.mcu.externaltools.gnu-tools-for-stm32.12.3.rel1.linux64_1.1.0.202410170702/tools/bin/../lib/gcc/arm-none-eabi/12.3.1/../../../../arm-none-eabi/lib/thumb/v7e-m+fp/hard/libc_nano.a(libc_a-closer.o)
                0x0800b554                _close_r
 .text._reclaim_reent
                0x0800b574       0xac /home/oliver/st/stm32cubeide_1.16.0/plugins/com.st.stm32cube.ide.mcu.externaltools.gnu-tools-for-stm32.12.3.rel1.linux64_1.1.0.202410170702/tools/bin/../lib/gcc/arm-none-eabi/12.3.1/../../../../arm-none-eabi/lib/thumb/v7e-m+fp/hard/libc_nano.a(libc_a-reent.o)
                0x0800b574                _reclaim_reent
 .text._lseek_r
                0x0800b620       0x24 /home/oliver/st/stm32cubeide_1.16.0/plugins/com.st.stm32cube.ide.mcu.externaltools.gnu-tools-for-stm32.12.3.rel1.linux64_1.1.0.202410170702/tools/bin/../lib/gcc/arm-none-eabi/12.3.1/../../../../arm-none-eabi/lib/thumb/v7e-m+fp/hard/libc_nano.a(libc_a-lseekr.o)
                0x0800b620                _lseek_r
 .text._read_r  0x0800b644       0x24 /home/oliver/st/stm32cubeide_1.16.0/plugins/com.st.stm32cube.ide.mcu.externaltools.gnu-tools-for-stm32.12.3.rel1.linux64_1.1.0.202410170702/tools/bin/../lib/gcc/arm-none-eabi/12.3.1/../../../../arm-none-eabi/lib/thumb/v7e-m+fp/hard/libc_nano.a(libc_a-readr.o)
                0x0800b644                _read_r
 .text._write_r
                0x0800b668       0x24 /home/oliver/st/stm32cubeide_1.16.0/plugins/com.st.stm32cube.ide.mcu.externaltools.gnu-tools-for-stm32.12.3.rel1.linux64_1.1.0.202410170702/tools/bin/../lib/gcc/arm-none-eabi/12.3.1/../../../../arm-none-eabi/lib/thumb/v7e-m+fp/hard/libc_nano.a(libc_a-writer.o)
                0x0800b668                _write_r
 .text.__errno  0x0800b68c        0xc /home/oliver/st/stm32cubeide_1.16.0/plugins/com.st.stm32cube.ide.mcu.externaltools.gnu-tools-for-stm32.12.3.rel1.linux64_1.1.0.202410170702/tools/bin/../lib/gcc/arm-none-eabi/12.3.1/../../../../arm-none-eabi/lib/thumb/v7e-m+fp/hard/libc_nano.a(libc_a-errno.o)
                0x0800b68c                __errno
 .text.__libc_init_array
                0x0800b698       0x48 /home/oliver/st/stm32cubeide_1.16.0/plugins/com.st.stm32cube.ide.mcu.externaltools.gnu-tools-for-stm32.12.3.rel1.linux64_1.1.0.202410170702/tools/bin/../lib/gcc/arm-none-eabi/12.3.1/../../../../arm-none-eabi/lib/thumb/v7e-m+fp/hard/libc_nano.a(libc_a-init.o)
                0x0800b698                __libc_init_array
 .text.__retarget_lock_init_recursive
                0x0800b6e0        0x2 /home/oliver/st/stm32cubeide_1.16.0/plugins/com.st.stm32cube.ide.mcu.externaltools.gnu-tools-for-stm32.12.3.rel1.linux64_1.1.0.202410170702/tools/bin/../lib/gcc/arm-none-eabi/12.3.1/../../../../arm-none-eabi/lib/thumb/v7e-m+fp/hard/libc_nano.a(libc_a-lock.o)
                0x0800b6e0                __retarget_lock_init_recursive
 .text.__retarget_lock_acquire_recursive
                0x0800b6e2        0x2 /home/oliver/st/stm32cubeide_1.16.0/plugins/com.st.stm32cube.ide.mcu.externaltools.gnu-tools-for-stm32.12.3.rel1.linux64_1.1.0.202410170702/tools/bin/../lib/gcc/arm-none-eabi/12.3.1/../../../../arm-none-eabi/lib/thumb/v7e-m+fp/hard/libc_nano.a(libc_a-lock.o)
                0x0800b6e2                __retarget_lock_acquire_recursive
 .text.__retarget_lock_release_recursive
                0x0800b6e4        0x2 /home/oliver/st/stm32cubeide_1.16.0/plugins/com.st.stm32cube.ide.mcu.externaltools.gnu-tools-for-stm32.12.3.rel1.linux64_1.1.0.202410170702/tools/bin/../lib/gcc/arm-none-eabi/12.3.1/../../../../arm-none-eabi/lib/thumb/v7e-m+fp/hard/libc_nano.a(libc_a-lock.o)
                0x0800b6e4                __retarget_lock_release_recursive
 .text.memcpy   0x0800b6e6       0x1c /home/oliver/st/stm32cubeide_1.16.0/plugins/com.st.stm32cube.ide.mcu.externaltools.gnu-tools-for-stm32.12.3.rel1.linux64_1.1.0.202410170702/tools/bin/../lib/gcc/arm-none-eabi/12.3.1/../../../../arm-none-eabi/lib/thumb/v7e-m+fp/hard/libc_nano.a(libc_a-memcpy-stub.o)
                0x0800b6e6                memcpy
 *fill*         0x0800b702        0x2 
 .text._free_r  0x0800b704       0x94 /home/oliver/st/stm32cubeide_1.16.0/plugins/com.st.stm32cube.ide.mcu.externaltools.gnu-tools-for-stm32.12.3.rel1.linux64_1.1.0.202410170702/tools/bin/../lib/gcc/arm-none-eabi/12.3.1/../../../../arm-none-eabi/lib/thumb/v7e-m+fp/hard/libc_nano.a(libc_a-freer.o)
                0x0800b704                _free_r
 .text.sbrk_aligned
                0x0800b798       0x44 /home/oliver/st/stm32cubeide_1.16.0/plugins/com.st.stm32cube.ide.mcu.externaltools.gnu-tools-for-stm32.12.3.rel1.linux64_1.1.0.202410170702/tools/bin/../lib/gcc/arm-none-eabi/12.3.1/../../../../arm-none-eabi/lib/thumb/v7e-m+fp/hard/libc_nano.a(libc_a-mallocr.o)
 .text._malloc_r
                0x0800b7dc      0x100 /home/oliver/st/stm32cubeide_1.16.0/plugins/com.st.stm32cube.ide.mcu.externaltools.gnu-tools-for-stm32.12.3.rel1.linux64_1.1.0.202410170702/tools/bin/../lib/gcc/arm-none-eabi/12.3.1/../../../../arm-none-eabi/lib/thumb/v7e-m+fp/hard/libc_nano.a(libc_a-mallocr.o)
                0x0800b7dc                _malloc_r
 .text.__malloc_lock
                0x0800b8dc        0xc /home/oliver/st/stm32cubeide_1.16.0/plugins/com.st.stm32cube.ide.mcu.externaltools.gnu-tools-for-stm32.12.3.rel1.linux64_1.1.0.202410170702/tools/bin/../lib/gcc/arm-none-eabi/12.3.1/../../../../arm-none-eabi/lib/thumb/v7e-m+fp/hard/libc_nano.a(libc_a-mlock.o)
                0x0800b8dc                __malloc_lock
 .text.__malloc_unlock
                0x0800b8e8        0xc /home/oliver/st/stm32cubeide_1.16.0/plugins/com.st.stm32cube.ide.mcu.externaltools.gnu-tools-for-stm32.12.3.rel1.linux64_1.1.0.202410170702/tools/bin/../lib/gcc/arm-none-eabi/12.3.1/../../../../arm-none-eabi/lib/thumb/v7e-m+fp/hard/libc_nano.a(libc_a-mlock.o)
                0x0800b8e8                __malloc_unlock
 .text.__ssputs_r
                0x0800b8f4       0xb6 /home/oliver/st/stm32cubeide_1.16.0/plugins/com.st.stm32cube.ide.mcu.externaltools.gnu-tools-for-stm32.12.3.rel1.linux64_1.1.0.202410170702/tools/bin/../lib/gcc/arm-none-eabi/12.3.1/../../../../arm-none-eabi/lib/thumb/v7e-m+fp/hard/libc_nano.a(libc_a-nano-svfprintf.o)
                0x0800b8f4                __ssputs_r
 *fill*         0x0800b9aa        0x2 
 .text._svfprintf_r
                0x0800b9ac      0x1f8 /home/oliver/st/stm32cubeide_1.16.0/plugins/com.st.stm32cube.ide.mcu.externaltools.gnu-tools-for-stm32.12.3.rel1.linux64_1.1.0.202410170702/tools/bin/../lib/gcc/arm-none-eabi/12.3.1/../../../../arm-none-eabi/lib/thumb/v7e-m+fp/hard/libc_nano.a(libc_a-nano-svfprintf.o)
                0x0800b9ac                _svfprintf_r
                0x0800b9ac                _svfiprintf_r
 .text.__sfputc_r
                0x0800bba4       0x2e /home/oliver/st/stm32cubeide_1.16.0/plugins/com.st.stm32cube.ide.mcu.externaltools.gnu-tools-for-stm32.12.3.rel1.linux64_1.1.0.202410170702/tools/bin/../lib/gcc/arm-none-eabi/12.3.1/../../../../arm-none-eabi/lib/thumb/v7e-m+fp/hard/libc_nano.a(libc_a-nano-vfprintf.o)
 .text.__sfputs_r
                0x0800bbd2       0x24 /home/oliver/st/stm32cubeide_1.16.0/plugins/com.st.stm32cube.ide.mcu.externaltools.gnu-tools-for-stm32.12.3.rel1.linux64_1.1.0.202410170702/tools/bin/../lib/gcc/arm-none-eabi/12.3.1/../../../../arm-none-eabi/lib/thumb/v7e-m+fp/hard/libc_nano.a(libc_a-nano-vfprintf.o)
                0x0800bbd2                __sfputs_r
 *fill*         0x0800bbf6        0x2 
 .text._vfprintf_r
                0x0800bbf8      0x230 /home/oliver/st/stm32cubeide_1.16.0/plugins/com.st.stm32cube.ide.mcu.externaltools.gnu-tools-for-stm32.12.3.rel1.linux64_1.1.0.202410170702/tools/bin/../lib/gcc/arm-none-eabi/12.3.1/../../../../arm-none-eabi/lib/thumb/v7e-m+fp/hard/libc_nano.a(libc_a-nano-vfprintf.o)
                0x0800bbf8                _vfiprintf_r
                0x0800bbf8                _vfprintf_r
 .text._printf_common
                0x0800be28       0xda /home/oliver/st/stm32cubeide_1.16.0/plugins/com.st.stm32cube.ide.mcu.externaltools.gnu-tools-for-stm32.12.3.rel1.linux64_1.1.0.202410170702/tools/bin/../lib/gcc/arm-none-eabi/12.3.1/../../../../arm-none-eabi/lib/thumb/v7e-m+fp/hard/libc_nano.a(libc_a-nano-vfprintf_i.o)
                0x0800be28                _printf_common
 *fill*         0x0800bf02        0x2 
 .text._printf_i
                0x0800bf04      0x240 /home/oliver/st/stm32cubeide_1.16.0/plugins/com.st.stm32cube.ide.mcu.externaltools.gnu-tools-for-stm32.12.3.rel1.linux64_1.1.0.202410170702/tools/bin/../lib/gcc/arm-none-eabi/12.3.1/../../../../arm-none-eabi/lib/thumb/v7e-m+fp/hard/libc_nano.a(libc_a-nano-vfprintf_i.o)
                0x0800bf04                _printf_i
 .text.__sflush_r
                0x0800c144      0x108 /home/oliver/st/stm32cubeide_1.16.0/plugins/com.st.stm32cube.ide.mcu.externaltools.gnu-tools-for-stm32.12.3.rel1.linux64_1.1.0.202410170702/tools/bin/../lib/gcc/arm-none-eabi/12.3.1/../../../../arm-none-eabi/lib/thumb/v7e-m+fp/hard/libc_nano.a(libc_a-fflush.o)
                0x0800c144                __sflush_r
 .text._fflush_r
                0x0800c24c       0x50 /home/oliver/st/stm32cubeide_1.16.0/plugins/com.st.stm32cube.ide.mcu.externaltools.gnu-tools-for-stm32.12.3.rel1.linux64_1.1.0.202410170702/tools/bin/../lib/gcc/arm-none-eabi/12.3.1/../../../../arm-none-eabi/lib/thumb/v7e-m+fp/hard/libc_nano.a(libc_a-fflush.o)
                0x0800c24c                _fflush_r
 .text.__swhatbuf_r
                0x0800c29c       0x4c /home/oliver/st/stm32cubeide_1.16.0/plugins/com.st.stm32cube.ide.mcu.externaltools.gnu-tools-for-stm32.12.3.rel1.linux64_1.1.0.202410170702/tools/bin/../lib/gcc/arm-none-eabi/12.3.1/../../../../arm-none-eabi/lib/thumb/v7e-m+fp/hard/libc_nano.a(libc_a-makebuf.o)
                0x0800c29c                __swhatbuf_r
 .text.__smakebuf_r
                0x0800c2e8       0x78 /home/oliver/st/stm32cubeide_1.16.0/plugins/com.st.stm32cube.ide.mcu.externaltools.gnu-tools-for-stm32.12.3.rel1.linux64_1.1.0.202410170702/tools/bin/../lib/gcc/arm-none-eabi/12.3.1/../../../../arm-none-eabi/lib/thumb/v7e-m+fp/hard/libc_nano.a(libc_a-makebuf.o)
                0x0800c2e8                __smakebuf_r
 .text.memmove  0x0800c360       0x34 /home/oliver/st/stm32cubeide_1.16.0/plugins/com.st.stm32cube.ide.mcu.externaltools.gnu-tools-for-stm32.12.3.rel1.linux64_1.1.0.202410170702/tools/bin/../lib/gcc/arm-none-eabi/12.3.1/../../../../arm-none-eabi/lib/thumb/v7e-m+fp/hard/libc_nano.a(libc_a-memmove.o)
                0x0800c360                memmove
 .text._fstat_r
                0x0800c394       0x24 /home/oliver/st/stm32cubeide_1.16.0/plugins/com.st.stm32cube.ide.mcu.externaltools.gnu-tools-for-stm32.12.3.rel1.linux64_1.1.0.202410170702/tools/bin/../lib/gcc/arm-none-eabi/12.3.1/../../../../arm-none-eabi/lib/thumb/v7e-m+fp/hard/libc_nano.a(libc_a-fstatr.o)
                0x0800c394                _fstat_r
 .text._isatty_r
                0x0800c3b8       0x20 /home/oliver/st/stm32cubeide_1.16.0/plugins/com.st.stm32cube.ide.mcu.externaltools.gnu-tools-for-stm32.12.3.rel1.linux64_1.1.0.202410170702/tools/bin/../lib/gcc/arm-none-eabi/12.3.1/../../../../arm-none-eabi/lib/thumb/v7e-m+fp/hard/libc_nano.a(libc_a-isattyr.o)
                0x0800c3b8                _isatty_r
 .text._sbrk_r  0x0800c3d8       0x20 /home/oliver/st/stm32cubeide_1.16.0/plugins/com.st.stm32cube.ide.mcu.externaltools.gnu-tools-for-stm32.12.3.rel1.linux64_1.1.0.202410170702/tools/bin/../lib/gcc/arm-none-eabi/12.3.1/../../../../arm-none-eabi/lib/thumb/v7e-m+fp/hard/libc_nano.a(libc_a-sbrkr.o)
                0x0800c3d8                _sbrk_r
 .text._realloc_r
                0x0800c3f8       0x5c /home/oliver/st/stm32cubeide_1.16.0/plugins/com.st.stm32cube.ide.mcu.externaltools.gnu-tools-for-stm32.12.3.rel1.linux64_1.1.0.202410170702/tools/bin/../lib/gcc/arm-none-eabi/12.3.1/../../../../arm-none-eabi/lib/thumb/v7e-m+fp/hard/libc_nano.a(libc_a-reallocr.o)
                0x0800c3f8                _realloc_r
 .text._malloc_usable_size_r
                0x0800c454       0x10 /home/oliver/st/stm32cubeide_1.16.0/plugins/com.st.stm32cube.ide.mcu.externaltools.gnu-tools-for-stm32.12.3.rel1.linux64_1.1.0.202410170702/tools/bin/../lib/gcc/arm-none-eabi/12.3.1/../../../../arm-none-eabi/lib/thumb/v7e-m+fp/hard/libc_nano.a(libc_a-msizer.o)
                0x0800c454                _malloc_usable_size_r
 *(.glue_7)
 .glue_7        0x0800c464        0x0 linker stubs
 *(.glue_7t)
 .glue_7t       0x0800c464        0x0 linker stubs
 *(.eh_frame)
 .eh_frame      0x0800c464        0x0 /home/oliver/st/stm32cubeide_1.16.0/plugins/com.st.stm32cube.ide.mcu.externaltools.gnu-tools-for-stm32.12.3.rel1.linux64_1.1.0.202410170702/tools/bin/../lib/gcc/arm-none-eabi/12.3.1/thumb/v7e-m+fp/hard/crtbegin.o
 *(.init)
 .init          0x0800c464        0x4 /home/oliver/st/stm32cubeide_1.16.0/plugins/com.st.stm32cube.ide.mcu.externaltools.gnu-tools-for-stm32.12.3.rel1.linux64_1.1.0.202410170702/tools/bin/../lib/gcc/arm-none-eabi/12.3.1/thumb/v7e-m+fp/hard/crti.o
                0x0800c464                _init
 .init          0x0800c468        0x8 /home/oliver/st/stm32cubeide_1.16.0/plugins/com.st.stm32cube.ide.mcu.externaltools.gnu-tools-for-stm32.12.3.rel1.linux64_1.1.0.202410170702/tools/bin/../lib/gcc/arm-none-eabi/12.3.1/thumb/v7e-m+fp/hard/crtn.o
 *(.fini)
 .fini          0x0800c470        0x4 /home/oliver/st/stm32cubeide_1.16.0/plugins/com.st.stm32cube.ide.mcu.externaltools.gnu-tools-for-stm32.12.3.rel1.linux64_1.1.0.202410170702/tools/bin/../lib/gcc/arm-none-eabi/12.3.1/thumb/v7e-m+fp/hard/crti.o
                0x0800c470                _fini
 .fini          0x0800c474        0x8 /home/oliver/st/stm32cubeide_1.16.0/plugins/com.st.stm32cube.ide.mcu.externaltools.gnu-tools-for-stm32.12.3.rel1.linux64_1.1.0.202410170702/tools/bin/../lib/gcc/arm-none-eabi/12.3.1/thumb/v7e-m+fp/hard/crtn.o
                0x0800c47c                        . = ALIGN (0x4)
                0x0800c47c                        _etext = .

.vfp11_veneer   0x0800c47c        0x0
 .vfp11_veneer  0x0800c47c        0x0 linker stubs

.v4_bx          0x0800c47c        0x0
 .v4_bx         0x0800c47c        0x0 linker stubs

.iplt           0x0800c47c        0x0
 .iplt          0x0800c47c        0x0 /home/oliver/st/stm32cubeide_1.16.0/plugins/com.st.stm32cube.ide.mcu.externaltools.gnu-tools-for-stm32.12.3.rel1.linux64_1.1.0.202410170702/tools/bin/../lib/gcc/arm-none-eabi/12.3.1/thumb/v7e-m+fp/hard/crtbegin.o

.rodata         0x0800c47c      0x5dc
                0x0800c47c                        . = ALIGN (0x4)
 *(.rodata)
 .rodata        0x0800c47c       0x28 ./Core/Src/freertos.o
 .rodata        0x0800c4a4      0x1e6 ./Core/Src/main.o
 *fill*         0x0800c68a        0x2 
 .rodata        0x0800c68c       0x91 ./Core/drivers/MCP23S17.o
 *fill*         0x0800c71d        0x3 
 .rodata        0x0800c720       0xbd ./Core/drivers/SGTL5000.o
 *fill*         0x0800c7dd        0x3 
 .rodata        0x0800c7e0       0x7c ./Core/shell/functions.o
 .rodata        0x0800c85c       0x76 ./Core/shell/shell.o
 *fill*         0x0800c8d2        0x2 
 .rodata        0x0800c8d4        0x5 ./Middlewares/Third_Party/FreeRTOS/Source/tasks.o
 *(.rodata*)
 *fill*         0x0800c8d9        0x3 
 .rodata.AHBPrescTable
                0x0800c8dc       0x10 ./Core/Src/system_stm32l4xx.o
                0x0800c8dc                AHBPrescTable
 .rodata.APBPrescTable
                0x0800c8ec        0x8 ./Core/Src/system_stm32l4xx.o
                0x0800c8ec                APBPrescTable
 .rodata.MSIRangeTable
                0x0800c8f4       0x30 ./Core/Src/system_stm32l4xx.o
                0x0800c8f4                MSIRangeTable
 .rodata._ctype_
                0x0800c924      0x101 /home/oliver/st/stm32cubeide_1.16.0/plugins/com.st.stm32cube.ide.mcu.externaltools.gnu-tools-for-stm32.12.3.rel1.linux64_1.1.0.202410170702/tools/bin/../lib/gcc/arm-none-eabi/12.3.1/../../../../arm-none-eabi/lib/thumb/v7e-m+fp/hard/libc_nano.a(libc_a-ctype_.o)
                0x0800c924                _ctype_
 .rodata._svfprintf_r.str1.1
                0x0800ca25       0x11 /home/oliver/st/stm32cubeide_1.16.0/plugins/com.st.stm32cube.ide.mcu.externaltools.gnu-tools-for-stm32.12.3.rel1.linux64_1.1.0.202410170702/tools/bin/../lib/gcc/arm-none-eabi/12.3.1/../../../../arm-none-eabi/lib/thumb/v7e-m+fp/hard/libc_nano.a(libc_a-nano-svfprintf.o)
 .rodata._vfprintf_r.str1.1
                0x0800ca36       0x11 /home/oliver/st/stm32cubeide_1.16.0/plugins/com.st.stm32cube.ide.mcu.externaltools.gnu-tools-for-stm32.12.3.rel1.linux64_1.1.0.202410170702/tools/bin/../lib/gcc/arm-none-eabi/12.3.1/../../../../arm-none-eabi/lib/thumb/v7e-m+fp/hard/libc_nano.a(libc_a-nano-vfprintf.o)
 .rodata._printf_i.str1.1
                0x0800ca36       0x22 /home/oliver/st/stm32cubeide_1.16.0/plugins/com.st.stm32cube.ide.mcu.externaltools.gnu-tools-for-stm32.12.3.rel1.linux64_1.1.0.202410170702/tools/bin/../lib/gcc/arm-none-eabi/12.3.1/../../../../arm-none-eabi/lib/thumb/v7e-m+fp/hard/libc_nano.a(libc_a-nano-vfprintf_i.o)
                0x0800ca58                        . = ALIGN (0x4)

.ARM.extab      0x0800ca58        0x0
                0x0800ca58                        . = ALIGN (0x4)
 *(.ARM.extab* .gnu.linkonce.armextab.*)
                0x0800ca58                        . = ALIGN (0x4)

.ARM            0x0800ca58        0x8
                0x0800ca58                        . = ALIGN (0x4)
                0x0800ca58                        __exidx_start = .
 *(.ARM.exidx*)
 .ARM.exidx     0x0800ca58        0x8 /home/oliver/st/stm32cubeide_1.16.0/plugins/com.st.stm32cube.ide.mcu.externaltools.gnu-tools-for-stm32.12.3.rel1.linux64_1.1.0.202410170702/tools/bin/../lib/gcc/arm-none-eabi/12.3.1/../../../../arm-none-eabi/lib/thumb/v7e-m+fp/hard/libc_nano.a(libc_a-memchr.o)
 .ARM.exidx     0x0800ca60        0x0 /home/oliver/st/stm32cubeide_1.16.0/plugins/com.st.stm32cube.ide.mcu.externaltools.gnu-tools-for-stm32.12.3.rel1.linux64_1.1.0.202410170702/tools/bin/../lib/gcc/arm-none-eabi/12.3.1/thumb/v7e-m+fp/hard/libgcc.a(_udivmoddi4.o)
                                  0x8 (size before relaxing)
                0x0800ca60                        __exidx_end = .
                0x0800ca60                        . = ALIGN (0x4)

.preinit_array  0x0800ca60        0x0
                0x0800ca60                        . = ALIGN (0x4)
                0x0800ca60                        PROVIDE (__preinit_array_start = .)
 *(.preinit_array*)
                0x0800ca60                        PROVIDE (__preinit_array_end = .)
                0x0800ca60                        . = ALIGN (0x4)

.init_array     0x0800ca60        0x4
                0x0800ca60                        . = ALIGN (0x4)
                0x0800ca60                        PROVIDE (__init_array_start = .)
 *(SORT_BY_NAME(.init_array.*))
 *(.init_array*)
 .init_array    0x0800ca60        0x4 /home/oliver/st/stm32cubeide_1.16.0/plugins/com.st.stm32cube.ide.mcu.externaltools.gnu-tools-for-stm32.12.3.rel1.linux64_1.1.0.202410170702/tools/bin/../lib/gcc/arm-none-eabi/12.3.1/thumb/v7e-m+fp/hard/crtbegin.o
                0x0800ca64                        PROVIDE (__init_array_end = .)
                0x0800ca64                        . = ALIGN (0x4)

.fini_array     0x0800ca64        0x4
                0x0800ca64                        . = ALIGN (0x4)
                [!provide]                        PROVIDE (__fini_array_start = .)
 *(SORT_BY_NAME(.fini_array.*))
 *(.fini_array*)
 .fini_array    0x0800ca64        0x4 /home/oliver/st/stm32cubeide_1.16.0/plugins/com.st.stm32cube.ide.mcu.externaltools.gnu-tools-for-stm32.12.3.rel1.linux64_1.1.0.202410170702/tools/bin/../lib/gcc/arm-none-eabi/12.3.1/thumb/v7e-m+fp/hard/crtbegin.o
                [!provide]                        PROVIDE (__fini_array_end = .)
                0x0800ca68                        . = ALIGN (0x4)
                0x0800ca68                        _sidata = LOADADDR (.data)

.rel.dyn        0x0800ca68        0x0
 .rel.iplt      0x0800ca68        0x0 /home/oliver/st/stm32cubeide_1.16.0/plugins/com.st.stm32cube.ide.mcu.externaltools.gnu-tools-for-stm32.12.3.rel1.linux64_1.1.0.202410170702/tools/bin/../lib/gcc/arm-none-eabi/12.3.1/thumb/v7e-m+fp/hard/crtbegin.o

.data           0x20000000       0x74 load address 0x0800ca68
                0x20000000                        . = ALIGN (0x4)
                0x20000000                        _sdata = .
 *(.data)
 *(.data*)
 .data.SystemCoreClock
                0x20000000        0x4 ./Core/Src/system_stm32l4xx.o
                0x20000000                SystemCoreClock
 .data.backspace
                0x20000004        0x4 ./Core/shell/shell.o
 .data.prompt   0x20000008        0x3 ./Core/shell/shell.o
 *fill*         0x2000000b        0x1 
 .data.uwTickPrio
                0x2000000c        0x4 ./Drivers/STM32L4xx_HAL_Driver/Src/stm32l4xx_hal.o
                0x2000000c                uwTickPrio
 .data.uwTickFreq
                0x20000010        0x1 ./Drivers/STM32L4xx_HAL_Driver/Src/stm32l4xx_hal.o
                0x20000010                uwTickFreq
 *fill*         0x20000011        0x3 
 .data.uxCriticalNesting
                0x20000014        0x4 ./Middlewares/Third_Party/FreeRTOS/Source/portable/GCC/ARM_CM4F/port.o
 .data.__sglue  0x20000018        0xc /home/oliver/st/stm32cubeide_1.16.0/plugins/com.st.stm32cube.ide.mcu.externaltools.gnu-tools-for-stm32.12.3.rel1.linux64_1.1.0.202410170702/tools/bin/../lib/gcc/arm-none-eabi/12.3.1/../../../../arm-none-eabi/lib/thumb/v7e-m+fp/hard/libc_nano.a(libc_a-findfp.o)
                0x20000018                __sglue
 .data._impure_ptr
                0x20000024        0x4 /home/oliver/st/stm32cubeide_1.16.0/plugins/com.st.stm32cube.ide.mcu.externaltools.gnu-tools-for-stm32.12.3.rel1.linux64_1.1.0.202410170702/tools/bin/../lib/gcc/arm-none-eabi/12.3.1/../../../../arm-none-eabi/lib/thumb/v7e-m+fp/hard/libc_nano.a(libc_a-impure.o)
                0x20000024                _impure_ptr
 .data._impure_data
                0x20000028       0x4c /home/oliver/st/stm32cubeide_1.16.0/plugins/com.st.stm32cube.ide.mcu.externaltools.gnu-tools-for-stm32.12.3.rel1.linux64_1.1.0.202410170702/tools/bin/../lib/gcc/arm-none-eabi/12.3.1/../../../../arm-none-eabi/lib/thumb/v7e-m+fp/hard/libc_nano.a(libc_a-impure.o)
                0x20000028                _impure_data
 *(.RamFunc)
 *(.RamFunc*)
                0x20000074                        . = ALIGN (0x4)
                0x20000074                        _edata = .

.igot.plt       0x20000074        0x0 load address 0x0800cadc
 .igot.plt      0x20000074        0x0 /home/oliver/st/stm32cubeide_1.16.0/plugins/com.st.stm32cube.ide.mcu.externaltools.gnu-tools-for-stm32.12.3.rel1.linux64_1.1.0.202410170702/tools/bin/../lib/gcc/arm-none-eabi/12.3.1/thumb/v7e-m+fp/hard/crtbegin.o
                0x20000074                        . = ALIGN (0x4)

.bss            0x20000074     0x6024 load address 0x0800cadc
                0x20000074                        _sbss = .
                0x20000074                        __bss_start__ = _sbss
 *(.bss)
 .bss           0x20000074       0x1c /home/oliver/st/stm32cubeide_1.16.0/plugins/com.st.stm32cube.ide.mcu.externaltools.gnu-tools-for-stm32.12.3.rel1.linux64_1.1.0.202410170702/tools/bin/../lib/gcc/arm-none-eabi/12.3.1/thumb/v7e-m+fp/hard/crtbegin.o
 *(.bss*)
 .bss.defaultTaskHandle
                0x20000090        0x4 ./Core/Src/freertos.o
                0x20000090                defaultTaskHandle
 .bss.xIdleTaskTCBBuffer
                0x20000094       0xa0 ./Core/Src/freertos.o
 .bss.xIdleStack
                0x20000134      0x200 ./Core/Src/freertos.o
 .bss.hi2c2     0x20000334       0x54 ./Core/Src/i2c.o
                0x20000334                hi2c2
 .bss.h_task_LED
                0x20000388        0x4 ./Core/Src/main.o
                0x20000388                h_task_LED
 .bss.h_task_shell
                0x2000038c        0x4 ./Core/Src/main.o
                0x2000038c                h_task_shell
 .bss.h_task_GPIOExpander
                0x20000390        0x4 ./Core/Src/main.o
                0x20000390                h_task_GPIOExpander
 .bss.rxSAI     0x20000394      0x400 ./Core/Src/main.o
                0x20000394                rxSAI
 .bss.triangleWave
                0x20000794      0x200 ./Core/Src/main.o
                0x20000794                triangleWave
 .bss.hsai_BlockA2
                0x20000994       0x84 ./Core/Src/sai.o
                0x20000994                hsai_BlockA2
 .bss.hsai_BlockB2
                0x20000a18       0x84 ./Core/Src/sai.o
                0x20000a18                hsai_BlockB2
 .bss.hdma_sai2_a
                0x20000a9c       0x48 ./Core/Src/sai.o
                0x20000a9c                hdma_sai2_a
 .bss.hdma_sai2_b
                0x20000ae4       0x48 ./Core/Src/sai.o
                0x20000ae4                hdma_sai2_b
 .bss.SAI2_client
                0x20000b2c        0x4 ./Core/Src/sai.o
 .bss.hspi3     0x20000b30       0x64 ./Core/Src/spi.o
                0x20000b30                hspi3
 .bss.htim6     0x20000b94       0x4c ./Core/Src/stm32l4xx_hal_timebase_tim.o
                0x20000b94                htim6
 .bss.__sbrk_heap_end
                0x20000be0        0x4 ./Core/Src/sysmem.o
 .bss.huart2    0x20000be4       0x88 ./Core/Src/usart.o
                0x20000be4                huart2
 .bss.hMCP23S17
                0x20000c6c        0x8 ./Core/drivers/MCP23S17.o
                0x20000c6c                hMCP23S17
 .bss.hSGTL5000
                0x20000c74        0x8 ./Core/drivers/SGTL5000.o
                0x20000c74                hSGTL5000
 .bss.shell_func_list_size
                0x20000c7c        0x4 ./Core/shell/shell.o
 .bss.shell_func_list
                0x20000c80      0x300 ./Core/shell/shell.o
 .bss.print_buffer
                0x20000f80       0x28 ./Core/shell/shell.o
 .bss.sem_uart_read
                0x20000fa8        0x4 ./Core/shell/shell.o
 .bss.cmd_buffer.0
                0x20000fac       0x28 ./Core/shell/shell.o
 .bss.uwTick    0x20000fd4        0x4 ./Drivers/STM32L4xx_HAL_Driver/Src/stm32l4xx_hal.o
                0x20000fd4                uwTick
 .bss.pxCurrentTCB
                0x20000fd8        0x4 ./Middlewares/Third_Party/FreeRTOS/Source/tasks.o
                0x20000fd8                pxCurrentTCB
 .bss.pxReadyTasksLists
                0x20000fdc       0x8c ./Middlewares/Third_Party/FreeRTOS/Source/tasks.o
 .bss.xDelayedTaskList1
                0x20001068       0x14 ./Middlewares/Third_Party/FreeRTOS/Source/tasks.o
 .bss.xDelayedTaskList2
                0x2000107c       0x14 ./Middlewares/Third_Party/FreeRTOS/Source/tasks.o
 .bss.pxDelayedTaskList
                0x20001090        0x4 ./Middlewares/Third_Party/FreeRTOS/Source/tasks.o
 .bss.pxOverflowDelayedTaskList
                0x20001094        0x4 ./Middlewares/Third_Party/FreeRTOS/Source/tasks.o
 .bss.xPendingReadyList
                0x20001098       0x14 ./Middlewares/Third_Party/FreeRTOS/Source/tasks.o
 .bss.xTasksWaitingTermination
                0x200010ac       0x14 ./Middlewares/Third_Party/FreeRTOS/Source/tasks.o
 .bss.uxDeletedTasksWaitingCleanUp
                0x200010c0        0x4 ./Middlewares/Third_Party/FreeRTOS/Source/tasks.o
 .bss.xSuspendedTaskList
                0x200010c4       0x14 ./Middlewares/Third_Party/FreeRTOS/Source/tasks.o
 .bss.uxCurrentNumberOfTasks
                0x200010d8        0x4 ./Middlewares/Third_Party/FreeRTOS/Source/tasks.o
 .bss.xTickCount
                0x200010dc        0x4 ./Middlewares/Third_Party/FreeRTOS/Source/tasks.o
 .bss.uxTopReadyPriority
                0x200010e0        0x4 ./Middlewares/Third_Party/FreeRTOS/Source/tasks.o
 .bss.xSchedulerRunning
                0x200010e4        0x4 ./Middlewares/Third_Party/FreeRTOS/Source/tasks.o
 .bss.xPendedTicks
                0x200010e8        0x4 ./Middlewares/Third_Party/FreeRTOS/Source/tasks.o
 .bss.xYieldPending
                0x200010ec        0x4 ./Middlewares/Third_Party/FreeRTOS/Source/tasks.o
 .bss.xNumOfOverflows
                0x200010f0        0x4 ./Middlewares/Third_Party/FreeRTOS/Source/tasks.o
 .bss.uxTaskNumber
                0x200010f4        0x4 ./Middlewares/Third_Party/FreeRTOS/Source/tasks.o
 .bss.xNextTaskUnblockTime
                0x200010f8        0x4 ./Middlewares/Third_Party/FreeRTOS/Source/tasks.o
 .bss.xIdleTaskHandle
                0x200010fc        0x4 ./Middlewares/Third_Party/FreeRTOS/Source/tasks.o
 .bss.uxSchedulerSuspended
                0x20001100        0x4 ./Middlewares/Third_Party/FreeRTOS/Source/tasks.o
 .bss.ucMaxSysCallPriority
                0x20001104        0x1 ./Middlewares/Third_Party/FreeRTOS/Source/portable/GCC/ARM_CM4F/port.o
 *fill*         0x20001105        0x3 
 .bss.ulMaxPRIGROUPValue
                0x20001108        0x4 ./Middlewares/Third_Party/FreeRTOS/Source/portable/GCC/ARM_CM4F/port.o
 .bss.ucHeap    0x2000110c     0x4e20 ./Middlewares/Third_Party/FreeRTOS/Source/portable/MemMang/heap_4.o
 .bss.xStart    0x20005f2c        0x8 ./Middlewares/Third_Party/FreeRTOS/Source/portable/MemMang/heap_4.o
 .bss.pxEnd     0x20005f34        0x4 ./Middlewares/Third_Party/FreeRTOS/Source/portable/MemMang/heap_4.o
 .bss.xFreeBytesRemaining
                0x20005f38        0x4 ./Middlewares/Third_Party/FreeRTOS/Source/portable/MemMang/heap_4.o
 .bss.xMinimumEverFreeBytesRemaining
                0x20005f3c        0x4 ./Middlewares/Third_Party/FreeRTOS/Source/portable/MemMang/heap_4.o
 .bss.xNumberOfSuccessfulAllocations
                0x20005f40        0x4 ./Middlewares/Third_Party/FreeRTOS/Source/portable/MemMang/heap_4.o
 .bss.xNumberOfSuccessfulFrees
                0x20005f44        0x4 ./Middlewares/Third_Party/FreeRTOS/Source/portable/MemMang/heap_4.o
 .bss.xBlockAllocatedBit
                0x20005f48        0x4 ./Middlewares/Third_Party/FreeRTOS/Source/portable/MemMang/heap_4.o
 .bss.__sf      0x20005f4c      0x138 /home/oliver/st/stm32cubeide_1.16.0/plugins/com.st.stm32cube.ide.mcu.externaltools.gnu-tools-for-stm32.12.3.rel1.linux64_1.1.0.202410170702/tools/bin/../lib/gcc/arm-none-eabi/12.3.1/../../../../arm-none-eabi/lib/thumb/v7e-m+fp/hard/libc_nano.a(libc_a-findfp.o)
                0x20005f4c                __sf
 .bss.__stdio_exit_handler
                0x20006084        0x4 /home/oliver/st/stm32cubeide_1.16.0/plugins/com.st.stm32cube.ide.mcu.externaltools.gnu-tools-for-stm32.12.3.rel1.linux64_1.1.0.202410170702/tools/bin/../lib/gcc/arm-none-eabi/12.3.1/../../../../arm-none-eabi/lib/thumb/v7e-m+fp/hard/libc_nano.a(libc_a-findfp.o)
                0x20006084                __stdio_exit_handler
 .bss.errno     0x20006088        0x4 /home/oliver/st/stm32cubeide_1.16.0/plugins/com.st.stm32cube.ide.mcu.externaltools.gnu-tools-for-stm32.12.3.rel1.linux64_1.1.0.202410170702/tools/bin/../lib/gcc/arm-none-eabi/12.3.1/../../../../arm-none-eabi/lib/thumb/v7e-m+fp/hard/libc_nano.a(libc_a-reent.o)
                0x20006088                errno
 .bss.__lock___malloc_recursive_mutex
                0x2000608c        0x1 /home/oliver/st/stm32cubeide_1.16.0/plugins/com.st.stm32cube.ide.mcu.externaltools.gnu-tools-for-stm32.12.3.rel1.linux64_1.1.0.202410170702/tools/bin/../lib/gcc/arm-none-eabi/12.3.1/../../../../arm-none-eabi/lib/thumb/v7e-m+fp/hard/libc_nano.a(libc_a-lock.o)
                0x2000608c                __lock___malloc_recursive_mutex
 .bss.__lock___sfp_recursive_mutex
                0x2000608d        0x1 /home/oliver/st/stm32cubeide_1.16.0/plugins/com.st.stm32cube.ide.mcu.externaltools.gnu-tools-for-stm32.12.3.rel1.linux64_1.1.0.202410170702/tools/bin/../lib/gcc/arm-none-eabi/12.3.1/../../../../arm-none-eabi/lib/thumb/v7e-m+fp/hard/libc_nano.a(libc_a-lock.o)
                0x2000608d                __lock___sfp_recursive_mutex
 *fill*         0x2000608e        0x2 
 .bss.__malloc_sbrk_start
                0x20006090        0x4 /home/oliver/st/stm32cubeide_1.16.0/plugins/com.st.stm32cube.ide.mcu.externaltools.gnu-tools-for-stm32.12.3.rel1.linux64_1.1.0.202410170702/tools/bin/../lib/gcc/arm-none-eabi/12.3.1/../../../../arm-none-eabi/lib/thumb/v7e-m+fp/hard/libc_nano.a(libc_a-mallocr.o)
                0x20006090                __malloc_sbrk_start
 .bss.__malloc_free_list
                0x20006094        0x4 /home/oliver/st/stm32cubeide_1.16.0/plugins/com.st.stm32cube.ide.mcu.externaltools.gnu-tools-for-stm32.12.3.rel1.linux64_1.1.0.202410170702/tools/bin/../lib/gcc/arm-none-eabi/12.3.1/../../../../arm-none-eabi/lib/thumb/v7e-m+fp/hard/libc_nano.a(libc_a-mallocr.o)
                0x20006094                __malloc_free_list
 *(COMMON)
                0x20006098                        . = ALIGN (0x4)
                0x20006098                        _ebss = .
                0x20006098                        __bss_end__ = _ebss

._user_heap_stack
                0x20006098      0x600 load address 0x0800cadc
                0x20006098                        . = ALIGN (0x8)
                [!provide]                        PROVIDE (end = .)
                0x20006098                        PROVIDE (_end = .)
                0x20006298                        . = (. + _Min_Heap_Size)
 *fill*         0x20006098      0x200 
                0x20006698                        . = (. + _Min_Stack_Size)
 *fill*         0x20006298      0x400 
                0x20006698                        . = ALIGN (0x8)

/DISCARD/
 libc.a(*)
 libm.a(*)
 libgcc.a(*)

.ARM.attributes
                0x00000000       0x30
 *(.ARM.attributes)
 .ARM.attributes
                0x00000000       0x22 /home/oliver/st/stm32cubeide_1.16.0/plugins/com.st.stm32cube.ide.mcu.externaltools.gnu-tools-for-stm32.12.3.rel1.linux64_1.1.0.202410170702/tools/bin/../lib/gcc/arm-none-eabi/12.3.1/thumb/v7e-m+fp/hard/crti.o
 .ARM.attributes
                0x00000022       0x34 /home/oliver/st/stm32cubeide_1.16.0/plugins/com.st.stm32cube.ide.mcu.externaltools.gnu-tools-for-stm32.12.3.rel1.linux64_1.1.0.202410170702/tools/bin/../lib/gcc/arm-none-eabi/12.3.1/thumb/v7e-m+fp/hard/crtbegin.o
 .ARM.attributes
                0x00000056       0x34 ./Core/Src/dma.o
 .ARM.attributes
                0x0000008a       0x34 ./Core/Src/freertos.o
 .ARM.attributes
                0x000000be       0x34 ./Core/Src/gpio.o
 .ARM.attributes
                0x000000f2       0x34 ./Core/Src/i2c.o
 .ARM.attributes
                0x00000126       0x34 ./Core/Src/main.o
 .ARM.attributes
                0x0000015a       0x34 ./Core/Src/sai.o
 .ARM.attributes
                0x0000018e       0x34 ./Core/Src/spi.o
 .ARM.attributes
                0x000001c2       0x34 ./Core/Src/stm32l4xx_hal_msp.o
 .ARM.attributes
                0x000001f6       0x34 ./Core/Src/stm32l4xx_hal_timebase_tim.o
 .ARM.attributes
                0x0000022a       0x34 ./Core/Src/stm32l4xx_it.o
 .ARM.attributes
                0x0000025e       0x34 ./Core/Src/syscalls.o
 .ARM.attributes
                0x00000292       0x34 ./Core/Src/sysmem.o
 .ARM.attributes
                0x000002c6       0x34 ./Core/Src/system_stm32l4xx.o
 .ARM.attributes
                0x000002fa       0x34 ./Core/Src/usart.o
 .ARM.attributes
                0x0000032e       0x21 ./Core/Startup/startup_stm32l476rgtx.o
 .ARM.attributes
                0x0000034f       0x34 ./Core/drivers/MCP23S17.o
 .ARM.attributes
                0x00000383       0x34 ./Core/drivers/SGTL5000.o
 .ARM.attributes
                0x000003b7       0x34 ./Core/shell/functions.o
 .ARM.attributes
                0x000003eb       0x34 ./Core/shell/shell.o
 .ARM.attributes
                0x0000041f       0x34 ./Drivers/STM32L4xx_HAL_Driver/Src/stm32l4xx_hal.o
 .ARM.attributes
                0x00000453       0x34 ./Drivers/STM32L4xx_HAL_Driver/Src/stm32l4xx_hal_cortex.o
 .ARM.attributes