Archive member included to satisfy reference by file (symbol)

/home/oliver/st/stm32cubeide_1.16.0/plugins/com.st.stm32cube.ide.mcu.externaltools.gnu-tools-for-stm32.12.3.rel1.linux64_1.1.0.202410170702/tools/bin/../lib/gcc/arm-none-eabi/12.3.1/../../../../arm-none-eabi/lib/thumb/v7e-m+fp/hard/libc_nano.a(libc_a-atoi.o)
                              ./Core/shell/functions.o (atoi)
/home/oliver/st/stm32cubeide_1.16.0/plugins/com.st.stm32cube.ide.mcu.externaltools.gnu-tools-for-stm32.12.3.rel1.linux64_1.1.0.202410170702/tools/bin/../lib/gcc/arm-none-eabi/12.3.1/../../../../arm-none-eabi/lib/thumb/v7e-m+fp/hard/libc_nano.a(libc_a-exit.o)
                              /home/oliver/st/stm32cubeide_1.16.0/plugins/com.st.stm32cube.ide.mcu.externaltools.gnu-tools-for-stm32.12.3.rel1.linux64_1.1.0.202410170702/tools/bin/../lib/gcc/arm-none-eabi/12.3.1/../../../../arm-none-eabi/lib/thumb/v7e-m+fp/hard/crt0.o (exit)
/home/oliver/st/stm32cubeide_1.16.0/plugins/com.st.stm32cube.ide.mcu.externaltools.gnu-tools-for-stm32.12.3.rel1.linux64_1.1.0.202410170702/tools/bin/../lib/gcc/arm-none-eabi/12.3.1/../../../../arm-none-eabi/lib/thumb/v7e-m+fp/hard/libc_nano.a(libc_a-strtol.o)
                              /home/oliver/st/stm32cubeide_1.16.0/plugins/com.st.stm32cube.ide.mcu.externaltools.gnu-tools-for-stm32.12.3.rel1.linux64_1.1.0.202410170702/tools/bin/../lib/gcc/arm-none-eabi/12.3.1/../../../../arm-none-eabi/lib/thumb/v7e-m+fp/hard/libc_nano.a(libc_a-atoi.o) (_strtol_r)
/home/oliver/st/stm32cubeide_1.16.0/plugins/com.st.stm32cube.ide.mcu.externaltools.gnu-tools-for-stm32.12.3.rel1.linux64_1.1.0.202410170702/tools/bin/../lib/gcc/arm-none-eabi/12.3.1/../../../../arm-none-eabi/lib/thumb/v7e-m+fp/hard/libc_nano.a(libc_a-ctype_.o)
                              /home/oliver/st/stm32cubeide_1.16.0/plugins/com.st.stm32cube.ide.mcu.externaltools.gnu-tools-for-stm32.12.3.rel1.linux64_1.1.0.202410170702/tools/bin/../lib/gcc/arm-none-eabi/12.3.1/../../../../arm-none-eabi/lib/thumb/v7e-m+fp/hard/libc_nano.a(libc_a-strtol.o) (_ctype_)
/home/oliver/st/stm32cubeide_1.16.0/plugins/com.st.stm32cube.ide.mcu.externaltools.gnu-tools-for-stm32.12.3.rel1.linux64_1.1.0.202410170702/tools/bin/../lib/gcc/arm-none-eabi/12.3.1/../../../../arm-none-eabi/lib/thumb/v7e-m+fp/hard/libc_nano.a(libc_a-findfp.o)
                              /home/oliver/st/stm32cubeide_1.16.0/plugins/com.st.stm32cube.ide.mcu.externaltools.gnu-tools-for-stm32.12.3.rel1.linux64_1.1.0.202410170702/tools/bin/../lib/gcc/arm-none-eabi/12.3.1/../../../../arm-none-eabi/lib/thumb/v7e-m+fp/hard/libc_nano.a(libc_a-exit.o) (__stdio_exit_handler)
/home/oliver/st/stm32cubeide_1.16.0/plugins/com.st.stm32cube.ide.mcu.externaltools.gnu-tools-for-stm32.12.3.rel1.linux64_1.1.0.202410170702/tools/bin/../lib/gcc/arm-none-eabi/12.3.1/../../../../arm-none-eabi/lib/thumb/v7e-m+fp/hard/libc_nano.a(libc_a-fwalk.o)
                              /home/oliver/st/stm32cubeide_1.16.0/plugins/com.st.stm32cube.ide.mcu.externaltools.gnu-tools-for-stm32.12.3.rel1.linux64_1.1.0.202410170702/tools/bin/../lib/gcc/arm-none-eabi/12.3.1/../../../../arm-none-eabi/lib/thumb/v7e-m+fp/hard/libc_nano.a(libc_a-findfp.o) (_fwalk_sglue)
/home/oliver/st/stm32cubeide_1.16.0/plugins/com.st.stm32cube.ide.mcu.externaltools.gnu-tools-for-stm32.12.3.rel1.linux64_1.1.0.202410170702/tools/bin/../lib/gcc/arm-none-eabi/12.3.1/../../../../arm-none-eabi/lib/thumb/v7e-m+fp/hard/libc_nano.a(libc_a-printf.o)
                              ./Core/drivers/driver_MCP23S17.o (printf)
/home/oliver/st/stm32cubeide_1.16.0/plugins/com.st.stm32cube.ide.mcu.externaltools.gnu-tools-for-stm32.12.3.rel1.linux64_1.1.0.202410170702/tools/bin/../lib/gcc/arm-none-eabi/12.3.1/../../../../arm-none-eabi/lib/thumb/v7e-m+fp/hard/libc_nano.a(libc_a-puts.o)
                              ./Core/Src/main.o (puts)
/home/oliver/st/stm32cubeide_1.16.0/plugins/com.st.stm32cube.ide.mcu.externaltools.gnu-tools-for-stm32.12.3.rel1.linux64_1.1.0.202410170702/tools/bin/../lib/gcc/arm-none-eabi/12.3.1/../../../../arm-none-eabi/lib/thumb/v7e-m+fp/hard/libc_nano.a(libc_a-snprintf.o)
                              ./Core/shell/shell.o (snprintf)
/home/oliver/st/stm32cubeide_1.16.0/plugins/com.st.stm32cube.ide.mcu.externaltools.gnu-tools-for-stm32.12.3.rel1.linux64_1.1.0.202410170702/tools/bin/../lib/gcc/arm-none-eabi/12.3.1/../../../../arm-none-eabi/lib/thumb/v7e-m+fp/hard/libc_nano.a(libc_a-stdio.o)
                              /home/oliver/st/stm32cubeide_1.16.0/plugins/com.st.stm32cube.ide.mcu.externaltools.gnu-tools-for-stm32.12.3.rel1.linux64_1.1.0.202410170702/tools/bin/../lib/gcc/arm-none-eabi/12.3.1/../../../../arm-none-eabi/lib/thumb/v7e-m+fp/hard/libc_nano.a(libc_a-findfp.o) (__sread)
/home/oliver/st/stm32cubeide_1.16.0/plugins/com.st.stm32cube.ide.mcu.externaltools.gnu-tools-for-stm32.12.3.rel1.linux64_1.1.0.202410170702/tools/bin/../lib/gcc/arm-none-eabi/12.3.1/../../../../arm-none-eabi/lib/thumb/v7e-m+fp/hard/libc_nano.a(libc_a-wbuf.o)
[...]
Memory Configuration

Name             Origin             Length             Attributes
RAM              0x20000000         0x00018000         xrw
RAM2             0x10000000         0x00008000         xrw
FLASH            0x08000000         0x00100000         xr
*default*        0x00000000         0xffffffff

Linker script and memory map

LOAD /home/oliver/st/stm32cubeide_1.16.0/plugins/com.st.stm32cube.ide.mcu.externaltools.gnu-tools-for-stm32.12.3.rel1.linux64_1.1.0.202410170702/tools/bin/../lib/gcc/arm-none-eabi/12.3.1/thumb/v7e-m+fp/hard/crti.o
LOAD /home/oliver/st/stm32cubeide_1.16.0/plugins/com.st.stm32cube.ide.mcu.externaltools.gnu-tools-for-stm32.12.3.rel1.linux64_1.1.0.202410170702/tools/bin/../lib/gcc/arm-none-eabi/12.3.1/thumb/v7e-m+fp/hard/crtbegin.o
LOAD /home/oliver/st/stm32cubeide_1.16.0/plugins/com.st.stm32cube.ide.mcu.externaltools.gnu-tools-for-stm32.12.3.rel1.linux64_1.1.0.202410170702/tools/bin/../lib/gcc/arm-none-eabi/12.3.1/../../../../arm-none-eabi/lib/thumb/v7e-m+fp/hard/crt0.o
LOAD ./Core/Src/freertos.o
LOAD ./Core/Src/gpio.o
LOAD ./Core/Src/i2c.o
LOAD ./Core/Src/main.o
LOAD ./Core/Src/spi.o
LOAD ./Core/Src/stm32l4xx_hal_msp.o
LOAD ./Core/Src/stm32l4xx_it.o
LOAD ./Core/Src/syscalls.o
LOAD ./Core/Src/sysmem.o
LOAD ./Core/Src/system_stm32l4xx.o
LOAD ./Core/Src/usart.o
LOAD ./Core/Startup/startup_stm32l476rgtx.o
LOAD ./Core/drivers/driver_MCP23S17.o
LOAD ./Core/shell/functions.o
LOAD ./Core/shell/shell.o
LOAD ./Drivers/STM32L4xx_HAL_Driver/Src/stm32l4xx_hal.o
LOAD ./Drivers/STM32L4xx_HAL_Driver/Src/stm32l4xx_hal_cortex.o
LOAD ./Drivers/STM32L4xx_HAL_Driver/Src/stm32l4xx_hal_dma.o
LOAD ./Drivers/STM32L4xx_HAL_Driver/Src/stm32l4xx_hal_dma_ex.o
LOAD ./Drivers/STM32L4xx_HAL_Driver/Src/stm32l4xx_hal_exti.o
LOAD ./Drivers/STM32L4xx_HAL_Driver/Src/stm32l4xx_hal_flash.o
LOAD ./Drivers/STM32L4xx_HAL_Driver/Src/stm32l4xx_hal_flash_ex.o
LOAD ./Drivers/STM32L4xx_HAL_Driver/Src/stm32l4xx_hal_flash_ramfunc.o
LOAD ./Drivers/STM32L4xx_HAL_Driver/Src/stm32l4xx_hal_gpio.o
LOAD ./Drivers/STM32L4xx_HAL_Driver/Src/stm32l4xx_hal_i2c.o
LOAD ./Drivers/STM32L4xx_HAL_Driver/Src/stm32l4xx_hal_i2c_ex.o
LOAD ./Drivers/STM32L4xx_HAL_Driver/Src/stm32l4xx_hal_pwr.o
LOAD ./Drivers/STM32L4xx_HAL_Driver/Src/stm32l4xx_hal_pwr_ex.o
LOAD ./Drivers/STM32L4xx_HAL_Driver/Src/stm32l4xx_hal_rcc.o
LOAD ./Drivers/STM32L4xx_HAL_Driver/Src/stm32l4xx_hal_rcc_ex.o
LOAD ./Drivers/STM32L4xx_HAL_Driver/Src/stm32l4xx_hal_spi.o
LOAD ./Drivers/STM32L4xx_HAL_Driver/Src/stm32l4xx_hal_spi_ex.o
LOAD ./Drivers/STM32L4xx_HAL_Driver/Src/stm32l4xx_hal_uart.o
LOAD ./Drivers/STM32L4xx_HAL_Driver/Src/stm32l4xx_hal_uart_ex.o
LOAD ./Middlewares/Third_Party/FreeRTOS/Source/CMSIS_RTOS/cmsis_os.o
LOAD ./Middlewares/Third_Party/FreeRTOS/Source/croutine.o
LOAD ./Middlewares/Third_Party/FreeRTOS/Source/event_groups.o
LOAD ./Middlewares/Third_Party/FreeRTOS/Source/list.o
LOAD ./Middlewares/Third_Party/FreeRTOS/Source/queue.o
LOAD ./Middlewares/Third_Party/FreeRTOS/Source/stream_buffer.o
LOAD ./Middlewares/Third_Party/FreeRTOS/Source/tasks.o
LOAD ./Middlewares/Third_Party/FreeRTOS/Source/timers.o
LOAD ./Middlewares/Third_Party/FreeRTOS/Source/portable/GCC/ARM_CM4F/port.o
LOAD ./Middlewares/Third_Party/FreeRTOS/Source/portable/MemMang/heap_4.o
START GROUP
LOAD /home/oliver/st/stm32cubeide_1.16.0/plugins/com.st.stm32cube.ide.mcu.externaltools.gnu-tools-for-stm32.12.3.rel1.linux64_1.1.0.202410170702/tools/bin/../lib/gcc/arm-none-eabi/12.3.1/../../../../arm-none-eabi/lib/thumb/v7e-m+fp/hard/libc_nano.a
LOAD /home/oliver/st/stm32cubeide_1.16.0/plugins/com.st.stm32cube.ide.mcu.externaltools.gnu-tools-for-stm32.12.3.rel1.linux64_1.1.0.202410170702/tools/bin/../lib/gcc/arm-none-eabi/12.3.1/../../../../arm-none-eabi/lib/thumb/v7e-m+fp/hard/libm.a
END GROUP
START GROUP
LOAD /home/oliver/st/stm32cubeide_1.16.0/plugins/com.st.stm32cube.ide.mcu.externaltools.gnu-tools-for-stm32.12.3.rel1.linux64_1.1.0.202410170702/tools/bin/../lib/gcc/arm-none-eabi/12.3.1/thumb/v7e-m+fp/hard/libgcc.a
LOAD /home/oliver/st/stm32cubeide_1.16.0/plugins/com.st.stm32cube.ide.mcu.externaltools.gnu-tools-for-stm32.12.3.rel1.linux64_1.1.0.202410170702/tools/bin/../lib/gcc/arm-none-eabi/12.3.1/../../../../arm-none-eabi/lib/thumb/v7e-m+fp/hard/libc_nano.a
END GROUP
START GROUP
LOAD /home/oliver/st/stm32cubeide_1.16.0/plugins/com.st.stm32cube.ide.mcu.externaltools.gnu-tools-for-stm32.12.3.rel1.linux64_1.1.0.202410170702/tools/bin/../lib/gcc/arm-none-eabi/12.3.1/thumb/v7e-m+fp/hard/libgcc.a
LOAD /home/oliver/st/stm32cubeide_1.16.0/plugins/com.st.stm32cube.ide.mcu.externaltools.gnu-tools-for-stm32.12.3.rel1.linux64_1.1.0.202410170702/tools/bin/../lib/gcc/arm-none-eabi/12.3.1/../../../../arm-none-eabi/lib/thumb/v7e-m+fp/hard/libc_nano.a
LOAD /home/oliver/st/stm32cubeide_1.16.0/plugins/com.st.stm32cube.ide.mcu.externaltools.gnu-tools-for-stm32.12.3.rel1.linux64_1.1.0.202410170702/tools/bin/../lib/gcc/arm-none-eabi/12.3.1/../../../../arm-none-eabi/lib/thumb/v7e-m+fp/hard/libnosys.a
END GROUP
START GROUP
LOAD /home/oliver/st/stm32cubeide_1.16.0/plugins/com.st.stm32cube.ide.mcu.externaltools.gnu-tools-for-stm32.12.3.rel1.linux64_1.1.0.202410170702/tools/bin/../lib/gcc/arm-none-eabi/12.3.1/thumb/v7e-m+fp/hard/libgcc.a
LOAD /home/oliver/st/stm32cubeide_1.16.0/plugins/com.st.stm32cube.ide.mcu.externaltools.gnu-tools-for-stm32.12.3.rel1.linux64_1.1.0.202410170702/tools/bin/../lib/gcc/arm-none-eabi/12.3.1/../../../../arm-none-eabi/lib/thumb/v7e-m+fp/hard/libc_nano.a
LOAD /home/oliver/st/stm32cubeide_1.16.0/plugins/com.st.stm32cube.ide.mcu.externaltools.gnu-tools-for-stm32.12.3.rel1.linux64_1.1.0.202410170702/tools/bin/../lib/gcc/arm-none-eabi/12.3.1/../../../../arm-none-eabi/lib/thumb/v7e-m+fp/hard/libnosys.a
END GROUP
LOAD /home/oliver/st/stm32cubeide_1.16.0/plugins/com.st.stm32cube.ide.mcu.externaltools.gnu-tools-for-stm32.12.3.rel1.linux64_1.1.0.202410170702/tools/bin/../lib/gcc/arm-none-eabi/12.3.1/thumb/v7e-m+fp/hard/crtend.o
LOAD /home/oliver/st/stm32cubeide_1.16.0/plugins/com.st.stm32cube.ide.mcu.externaltools.gnu-tools-for-stm32.12.3.rel1.linux64_1.1.0.202410170702/tools/bin/../lib/gcc/arm-none-eabi/12.3.1/thumb/v7e-m+fp/hard/crtn.o
                0x20018000                        _estack = (ORIGIN (RAM) + LENGTH (RAM))
                0x00000200                        _Min_Heap_Size = 0x200
                0x00000400                        _Min_Stack_Size = 0x400

.isr_vector     0x08000000      0x188
                0x08000000                        . = ALIGN (0x4)
 *(.isr_vector)
 .isr_vector    0x08000000      0x188 ./Core/Startup/startup_stm32l476rgtx.o
                0x08000000                g_pfnVectors
                0x08000188                        . = ALIGN (0x4)

.text           0x08000190     0x8a60
                0x08000190                        . = ALIGN (0x4)
 *(.text)
 .text          0x08000190       0x40 /home/oliver/st/stm32cubeide_1.16.0/plugins/com.st.stm32cube.ide.mcu.externaltools.gnu-tools-for-stm32.12.3.rel1.linux64_1.1.0.202410170702/tools/bin/../lib/gcc/arm-none-eabi/12.3.1/thumb/v7e-m+fp/hard/crtbegin.o
 .text          0x080001d0       0xa0 /home/oliver/st/stm32cubeide_1.16.0/plugins/com.st.stm32cube.ide.mcu.externaltools.gnu-tools-for-stm32.12.3.rel1.linux64_1.1.0.202410170702/tools/bin/../lib/gcc/arm-none-eabi/12.3.1/../../../../arm-none-eabi/lib/thumb/v7e-m+fp/hard/libc_nano.a(libc_a-memchr.o)
                0x080001d0                memchr
 .text          0x08000270       0x30 /home/oliver/st/stm32cubeide_1.16.0/plugins/com.st.stm32cube.ide.mcu.externaltools.gnu-tools-for-stm32.12.3.rel1.linux64_1.1.0.202410170702/tools/bin/../lib/gcc/arm-none-eabi/12.3.1/thumb/v7e-m+fp/hard/libgcc.a(_aeabi_uldivmod.o)
                0x08000270                __aeabi_uldivmod
 .text          0x080002a0      0x2bc /home/oliver/st/stm32cubeide_1.16.0/plugins/com.st.stm32cube.ide.mcu.externaltools.gnu-tools-for-stm32.12.3.rel1.linux64_1.1.0.202410170702/tools/bin/../lib/gcc/arm-none-eabi/12.3.1/thumb/v7e-m+fp/hard/libgcc.a(_udivmoddi4.o)
                0x080002a0                __udivmoddi4
 .text          0x0800055c        0x4 /home/oliver/st/stm32cubeide_1.16.0/plugins/com.st.stm32cube.ide.mcu.externaltools.gnu-tools-for-stm32.12.3.rel1.linux64_1.1.0.202410170702/tools/bin/../lib/gcc/arm-none-eabi/12.3.1/thumb/v7e-m+fp/hard/libgcc.a(_dvmd_tls.o)
                0x0800055c                __aeabi_ldiv0
                0x0800055c                __aeabi_idiv0
 *(.text*)
 .text.vApplicationGetIdleTaskMemory
                0x08000560       0x34 ./Core/Src/freertos.o
                0x08000560                vApplicationGetIdleTaskMemory
 .text.MX_FREERTOS_Init
                0x08000594       0x38 ./Core/Src/freertos.o
                0x08000594                MX_FREERTOS_Init
 .text.StartDefaultTask
                0x080005cc       0x10 ./Core/Src/freertos.o
                0x080005cc                StartDefaultTask
 .text.MX_GPIO_Init
                0x080005dc       0xf8 ./Core/Src/gpio.o
                0x080005dc                MX_GPIO_Init
 .text.MX_I2C2_Init
                0x080006d4       0x80 ./Core/Src/i2c.o
                0x080006d4                MX_I2C2_Init
 .text.HAL_I2C_MspInit
                0x08000754       0xbc ./Core/Src/i2c.o
                0x08000754                HAL_I2C_MspInit
 .text.__NVIC_SystemReset
                0x08000810       0x2c ./Core/Src/main.o
 .text.__io_putchar
                0x0800083c       0x24 ./Core/Src/main.o
                0x0800083c                __io_putchar
 .text.Error_Handler_xTaskCreate
                0x08000860       0x40 ./Core/Src/main.o
                0x08000860                Error_Handler_xTaskCreate
 .text.HAL_UART_RxCpltCallback
                0x080008a0       0x24 ./Core/Src/main.o
                0x080008a0                HAL_UART_RxCpltCallback
 .text.task_LED
                0x080008c4       0x22 ./Core/Src/main.o
                0x080008c4                task_LED
 *fill*         0x080008e6        0x2 
 .text.task_shell
                0x080008e8       0x50 ./Core/Src/main.o
                0x080008e8                task_shell
 .text.task_GPIO_expander
                0x08000938       0x2c ./Core/Src/main.o
                0x08000938                task_GPIO_expander
 .text.main     0x08000964       0xcc ./Core/Src/main.o
                0x08000964                main
 .text.SystemClock_Config
                0x08000a30       0xa2 ./Core/Src/main.o
                0x08000a30                SystemClock_Config
 .text.Error_Handler
                0x08000ad2        0xc ./Core/Src/main.o
                0x08000ad2                Error_Handler
 *fill*         0x08000ade        0x2 
 .text.MX_SPI3_Init
                0x08000ae0       0x7c ./Core/Src/spi.o
                0x08000ae0                MX_SPI3_Init
 .text.HAL_SPI_MspInit
                0x08000b5c       0xd4 ./Core/Src/spi.o
                0x08000b5c                HAL_SPI_MspInit
 .text.HAL_MspInit
                0x08000c30       0x50 ./Core/Src/stm32l4xx_hal_msp.o
                0x08000c30                HAL_MspInit
 .text.NMI_Handler
                0x08000c80        0x8 ./Core/Src/stm32l4xx_it.o
                0x08000c80                NMI_Handler
 .text.HardFault_Handler
                0x08000c88        0x8 ./Core/Src/stm32l4xx_it.o
                0x08000c88                HardFault_Handler
 .text.MemManage_Handler
                0x08000c90        0x8 ./Core/Src/stm32l4xx_it.o
                0x08000c90                MemManage_Handler
 .text.BusFault_Handler
                0x08000c98        0x8 ./Core/Src/stm32l4xx_it.o
                0x08000c98                BusFault_Handler
 .text.UsageFault_Handler
                0x08000ca0        0x8 ./Core/Src/stm32l4xx_it.o
                0x08000ca0                UsageFault_Handler
 .text.DebugMon_Handler
                0x08000ca8        0xe ./Core/Src/stm32l4xx_it.o
                0x08000ca8                DebugMon_Handler
 .text.SysTick_Handler
                0x08000cb6       0x1a ./Core/Src/stm32l4xx_it.o
                0x08000cb6                SysTick_Handler
 .text.USART2_IRQHandler
                0x08000cd0       0x14 ./Core/Src/stm32l4xx_it.o
                0x08000cd0                USART2_IRQHandler
 .text.SPI3_IRQHandler
                0x08000ce4       0x14 ./Core/Src/stm32l4xx_it.o
                0x08000ce4                SPI3_IRQHandler
 .text._read    0x08000cf8       0x3a ./Core/Src/syscalls.o
                0x08000cf8                _read
 .text._write   0x08000d32       0x38 ./Core/Src/syscalls.o
                0x08000d32                _write
 .text._close   0x08000d6a       0x18 ./Core/Src/syscalls.o
                0x08000d6a                _close
 .text._fstat   0x08000d82       0x20 ./Core/Src/syscalls.o
                0x08000d82                _fstat
 .text._isatty  0x08000da2       0x16 ./Core/Src/syscalls.o
                0x08000da2                _isatty
 .text._lseek   0x08000db8       0x1a ./Core/Src/syscalls.o
                0x08000db8                _lseek
 *fill*         0x08000dd2        0x2 
 .text._sbrk    0x08000dd4       0x6c ./Core/Src/sysmem.o
                0x08000dd4                _sbrk
 .text.SystemInit
                0x08000e40       0x24 ./Core/Src/system_stm32l4xx.o
                0x08000e40                SystemInit
 .text.MX_USART2_UART_Init
                0x08000e64       0x60 ./Core/Src/usart.o
                0x08000e64                MX_USART2_UART_Init
 .text.HAL_UART_MspInit
                0x08000ec4       0xc8 ./Core/Src/usart.o
                0x08000ec4                HAL_UART_MspInit
 .text.Reset_Handler
                0x08000f8c       0x50 ./Core/Startup/startup_stm32l476rgtx.o
                0x08000f8c                Reset_Handler
 .text.Default_Handler
                0x08000fdc        0x2 ./Core/Startup/startup_stm32l476rgtx.o
                0x08000fdc                RTC_Alarm_IRQHandler
                0x08000fdc                EXTI2_IRQHandler
                0x08000fdc                TIM8_TRG_COM_IRQHandler
                0x08000fdc                TIM8_CC_IRQHandler
                0x08000fdc                TIM1_CC_IRQHandler
                0x08000fdc                TSC_IRQHandler
                0x08000fdc                TAMP_STAMP_IRQHandler
                0x08000fdc                EXTI3_IRQHandler
                0x08000fdc                LPTIM2_IRQHandler
                0x08000fdc                DFSDM1_FLT1_IRQHandler
                0x08000fdc                I2C3_ER_IRQHandler
                0x08000fdc                DFSDM1_FLT2_IRQHandler
                0x08000fdc                EXTI0_IRQHandler
                0x08000fdc                I2C2_EV_IRQHandler
                0x08000fdc                CAN1_RX0_IRQHandler
                0x08000fdc                FPU_IRQHandler
                0x08000fdc                TIM1_UP_TIM16_IRQHandler
                0x08000fdc                ADC1_2_IRQHandler
                0x08000fdc                SPI1_IRQHandler
                0x08000fdc                TIM6_DAC_IRQHandler
                0x08000fdc                TIM8_UP_IRQHandler
                0x08000fdc                DMA2_Channel2_IRQHandler
                0x08000fdc                DMA1_Channel4_IRQHandler
                0x08000fdc                SAI2_IRQHandler
                0x08000fdc                DFSDM1_FLT3_IRQHandler
                0x08000fdc                USART3_IRQHandler
                0x08000fdc                DMA1_Channel7_IRQHandler
                0x08000fdc                CAN1_RX1_IRQHandler
                0x08000fdc                LCD_IRQHandler
                0x08000fdc                UART5_IRQHandler
                0x08000fdc                ADC3_IRQHandler
                0x08000fdc                TIM4_IRQHandler
                0x08000fdc                DMA2_Channel1_IRQHandler
                0x08000fdc                QUADSPI_IRQHandler
                0x08000fdc                I2C1_EV_IRQHandler
                0x08000fdc                DMA1_Channel6_IRQHandler
                0x08000fdc                UART4_IRQHandler
                0x08000fdc                DMA2_Channel4_IRQHandler
                0x08000fdc                TIM3_IRQHandler
                0x08000fdc                RCC_IRQHandler
                0x08000fdc                DMA1_Channel1_IRQHandler
                0x08000fdc                Default_Handler
                0x08000fdc                DMA2_Channel7_IRQHandler
                0x08000fdc                EXTI15_10_IRQHandler
                0x08000fdc                TIM7_IRQHandler
                0x08000fdc                SDMMC1_IRQHandler
                0x08000fdc                TIM5_IRQHandler
                0x08000fdc                I2C3_EV_IRQHandler
                0x08000fdc                EXTI9_5_IRQHandler
                0x08000fdc                RTC_WKUP_IRQHandler
                0x08000fdc                PVD_PVM_IRQHandler
                0x08000fdc                SPI2_IRQHandler
                0x08000fdc                CAN1_TX_IRQHandler
                0x08000fdc                DMA2_Channel5_IRQHandler
                0x08000fdc                DMA1_Channel5_IRQHandler
                0x08000fdc                EXTI4_IRQHandler
                0x08000fdc                RNG_IRQHandler
                0x08000fdc                TIM1_TRG_COM_TIM17_IRQHandler
                0x08000fdc                DMA1_Channel3_IRQHandler
                0x08000fdc                COMP_IRQHandler
                0x08000fdc                WWDG_IRQHandler
                0x08000fdc                LPUART1_IRQHandler
                0x08000fdc                DMA2_Channel6_IRQHandler
                0x08000fdc                TIM2_IRQHandler
                0x08000fdc                EXTI1_IRQHandler
                0x08000fdc                DFSDM1_FLT0_IRQHandler
                0x08000fdc                I2C2_ER_IRQHandler
                0x08000fdc                DMA1_Channel2_IRQHandler
                0x08000fdc                TIM8_BRK_IRQHandler
                0x08000fdc                CAN1_SCE_IRQHandler
                0x08000fdc                FLASH_IRQHandler
                0x08000fdc                USART1_IRQHandler
                0x08000fdc                OTG_FS_IRQHandler
                0x08000fdc                I2C1_ER_IRQHandler
                0x08000fdc                FMC_IRQHandler
                0x08000fdc                SWPMI1_IRQHandler
                0x08000fdc                LPTIM1_IRQHandler
                0x08000fdc                SAI1_IRQHandler
                0x08000fdc                DMA2_Channel3_IRQHandler
                0x08000fdc                TIM1_BRK_TIM15_IRQHandler
 *fill*         0x08000fde        0x2 
 .text.MCP23S17_WriteRegister
                0x08000fe0       0xb4 ./Core/drivers/driver_MCP23S17.o
                0x08000fe0                MCP23S17_WriteRegister
 .text.MCP23S17_Update_LEDs
                0x08001094       0x24 ./Core/drivers/driver_MCP23S17.o
                0x08001094                MCP23S17_Update_LEDs
 .text.MCP23S17_Init
                0x080010b8       0x50 ./Core/drivers/driver_MCP23S17.o
                0x080010b8                MCP23S17_Init
 .text.MCP23S17_Toggle_LED_id
                0x08001108       0x64 ./Core/drivers/driver_MCP23S17.o
                0x08001108                MCP23S17_Toggle_LED_id
 .text.fonction
                0x0800116c       0x48 ./Core/shell/functions.o
                0x0800116c                fonction
 .text.calcul   0x080011b4       0xfc ./Core/shell/functions.o
                0x080011b4                calcul
 .text.addition
                0x080012b0       0x6c ./Core/shell/functions.o
                0x080012b0                addition
 .text.shell_uart_receive_irq_cb
                0x0800131c       0x40 ./Core/shell/shell.o
                0x0800131c                shell_uart_receive_irq_cb
 .text.uart_read
                0x0800135c       0x34 ./Core/shell/shell.o
 .text.uart_write
                0x08001390       0x28 ./Core/shell/shell.o
 .text.sh_help  0x080013b8       0x7c ./Core/shell/shell.o
 .text.shell_init
                0x08001434       0x70 ./Core/shell/shell.o
                0x08001434                shell_init
 .text.shell_add
                0x080014a4       0x7c ./Core/shell/shell.o
                0x080014a4                shell_add
 .text.shell_exec
                0x08001520       0xdc ./Core/shell/shell.o
 .text.shell_run
                0x080015fc       0xd4 ./Core/shell/shell.o
                0x080015fc                shell_run
 .text.HAL_Init
                0x080016d0       0x40 ./Drivers/STM32L4xx_HAL_Driver/Src/stm32l4xx_hal.o
                0x080016d0                HAL_Init
 .text.HAL_InitTick
                0x08001710       0x78 ./Drivers/STM32L4xx_HAL_Driver/Src/stm32l4xx_hal.o
                0x08001710                HAL_InitTick
 .text.HAL_IncTick
                0x08001788       0x28 ./Drivers/STM32L4xx_HAL_Driver/Src/stm32l4xx_hal.o
                0x08001788                HAL_IncTick
 .text.HAL_GetTick
                0x080017b0       0x18 ./Drivers/STM32L4xx_HAL_Driver/Src/stm32l4xx_hal.o
                0x080017b0                HAL_GetTick
 .text.__NVIC_SetPriorityGrouping
                0x080017c8       0x48 ./Drivers/STM32L4xx_HAL_Driver/Src/stm32l4xx_hal_cortex.o
 .text.__NVIC_GetPriorityGrouping
                0x08001810       0x1c ./Drivers/STM32L4xx_HAL_Driver/Src/stm32l4xx_hal_cortex.o
 .text.__NVIC_EnableIRQ
                0x0800182c       0x3c ./Drivers/STM32L4xx_HAL_Driver/Src/stm32l4xx_hal_cortex.o
 .text.__NVIC_SetPriority
                0x08001868       0x54 ./Drivers/STM32L4xx_HAL_Driver/Src/stm32l4xx_hal_cortex.o
 .text.NVIC_EncodePriority
                0x080018bc       0x66 ./Drivers/STM32L4xx_HAL_Driver/Src/stm32l4xx_hal_cortex.o
 *fill*         0x08001922        0x2 
 .text.SysTick_Config
                0x08001924       0x44 ./Drivers/STM32L4xx_HAL_Driver/Src/stm32l4xx_hal_cortex.o
 .text.HAL_NVIC_SetPriorityGrouping
                0x08001968       0x16 ./Drivers/STM32L4xx_HAL_Driver/Src/stm32l4xx_hal_cortex.o
                0x08001968                HAL_NVIC_SetPriorityGrouping
 .text.HAL_NVIC_SetPriority
                0x0800197e       0x38 ./Drivers/STM32L4xx_HAL_Driver/Src/stm32l4xx_hal_cortex.o
                0x0800197e                HAL_NVIC_SetPriority
 .text.HAL_NVIC_EnableIRQ
                0x080019b6       0x1c ./Drivers/STM32L4xx_HAL_Driver/Src/stm32l4xx_hal_cortex.o
                0x080019b6                HAL_NVIC_EnableIRQ
 .text.HAL_SYSTICK_Config
                0x080019d2       0x18 ./Drivers/STM32L4xx_HAL_Driver/Src/stm32l4xx_hal_cortex.o
                0x080019d2                HAL_SYSTICK_Config
 .text.HAL_DMA_Abort
                0x080019ea       0x7c ./Drivers/STM32L4xx_HAL_Driver/Src/stm32l4xx_hal_dma.o
                0x080019ea                HAL_DMA_Abort
 .text.HAL_DMA_Abort_IT
                0x08001a66       0x82 ./Drivers/STM32L4xx_HAL_Driver/Src/stm32l4xx_hal_dma.o
                0x08001a66                HAL_DMA_Abort_IT
 .text.HAL_GPIO_Init
                0x08001ae8      0x354 ./Drivers/STM32L4xx_HAL_Driver/Src/stm32l4xx_hal_gpio.o
                0x08001ae8                HAL_GPIO_Init
 .text.HAL_GPIO_WritePin
                0x08001e3c       0x30 ./Drivers/STM32L4xx_HAL_Driver/Src/stm32l4xx_hal_gpio.o
                0x08001e3c                HAL_GPIO_WritePin
 .text.HAL_GPIO_TogglePin
                0x08001e6c       0x34 ./Drivers/STM32L4xx_HAL_Driver/Src/stm32l4xx_hal_gpio.o
                0x08001e6c                HAL_GPIO_TogglePin
 .text.HAL_I2C_Init
                0x08001ea0      0x136 ./Drivers/STM32L4xx_HAL_Driver/Src/stm32l4xx_hal_i2c.o
                0x08001ea0                HAL_I2C_Init
 .text.HAL_I2CEx_ConfigAnalogFilter
                0x08001fd6       0x96 ./Drivers/STM32L4xx_HAL_Driver/Src/stm32l4xx_hal_i2c_ex.o
                0x08001fd6                HAL_I2CEx_ConfigAnalogFilter
 .text.HAL_I2CEx_ConfigDigitalFilter
                0x0800206c       0x98 ./Drivers/STM32L4xx_HAL_Driver/Src/stm32l4xx_hal_i2c_ex.o
                0x0800206c                HAL_I2CEx_ConfigDigitalFilter
 .text.HAL_PWREx_GetVoltageRange
                0x08002104       0x1c ./Drivers/STM32L4xx_HAL_Driver/Src/stm32l4xx_hal_pwr_ex.o
                0x08002104                HAL_PWREx_GetVoltageRange
 .text.HAL_PWREx_ControlVoltageScaling
                0x08002120       0xac ./Drivers/STM32L4xx_HAL_Driver/Src/stm32l4xx_hal_pwr_ex.o
                0x08002120                HAL_PWREx_ControlVoltageScaling
 .text.HAL_RCC_OscConfig
                0x080021cc      0x7b8 ./Drivers/STM32L4xx_HAL_Driver/Src/stm32l4xx_hal_rcc.o
                0x080021cc                HAL_RCC_OscConfig
 .text.HAL_RCC_ClockConfig
                0x08002984      0x200 ./Drivers/STM32L4xx_HAL_Driver/Src/stm32l4xx_hal_rcc.o
                0x08002984                HAL_RCC_ClockConfig
 .text.HAL_RCC_GetSysClockFreq
                0x08002b84      0x118 ./Drivers/STM32L4xx_HAL_Driver/Src/stm32l4xx_hal_rcc.o
                0x08002b84                HAL_RCC_GetSysClockFreq
 .text.HAL_RCC_GetHCLKFreq
                0x08002c9c       0x18 ./Drivers/STM32L4xx_HAL_Driver/Src/stm32l4xx_hal_rcc.o
                0x08002c9c                HAL_RCC_GetHCLKFreq
 .text.HAL_RCC_GetPCLK1Freq
                0x08002cb4       0x2c ./Drivers/STM32L4xx_HAL_Driver/Src/stm32l4xx_hal_rcc.o
                0x08002cb4                HAL_RCC_GetPCLK1Freq
 .text.HAL_RCC_GetPCLK2Freq
                0x08002ce0       0x2c ./Drivers/STM32L4xx_HAL_Driver/Src/stm32l4xx_hal_rcc.o
                0x08002ce0                HAL_RCC_GetPCLK2Freq
 .text.RCC_SetFlashLatencyFromMSIRange
                0x08002d0c       0xc0 ./Drivers/STM32L4xx_HAL_Driver/Src/stm32l4xx_hal_rcc.o
 .text.HAL_RCCEx_PeriphCLKConfig
                0x08002dcc      0x5d4 ./Drivers/STM32L4xx_HAL_Driver/Src/stm32l4xx_hal_rcc_ex.o
                0x08002dcc                HAL_RCCEx_PeriphCLKConfig
 .text.RCCEx_PLLSAI1_Config
                0x080033a0      0x1e8 ./Drivers/STM32L4xx_HAL_Driver/Src/stm32l4xx_hal_rcc_ex.o
 .text.RCCEx_PLLSAI2_Config
                0x08003588      0x1bc ./Drivers/STM32L4xx_HAL_Driver/Src/stm32l4xx_hal_rcc_ex.o
 .text.HAL_SPI_Init
                0x08003744      0x146 ./Drivers/STM32L4xx_HAL_Driver/Src/stm32l4xx_hal_spi.o
                0x08003744                HAL_SPI_Init
 .text.HAL_SPI_Transmit
                0x0800388a      0x2ec ./Drivers/STM32L4xx_HAL_Driver/Src/stm32l4xx_hal_spi.o
                0x0800388a                HAL_SPI_Transmit
 *fill*         0x08003b76        0x2 
 .text.HAL_SPI_IRQHandler
                0x08003b78      0x1e8 ./Drivers/STM32L4xx_HAL_Driver/Src/stm32l4xx_hal_spi.o
                0x08003b78                HAL_SPI_IRQHandler
 .text.HAL_SPI_ErrorCallback
                0x08003d60       0x14 ./Drivers/STM32L4xx_HAL_Driver/Src/stm32l4xx_hal_spi.o
                0x08003d60                HAL_SPI_ErrorCallback
 .text.SPI_DMAAbortOnError
                0x08003d74       0x2a ./Drivers/STM32L4xx_HAL_Driver/Src/stm32l4xx_hal_spi.o
 *fill*         0x08003d9e        0x2 
 .text.SPI_WaitFlagStateUntilTimeout
                0x08003da0      0x110 ./Drivers/STM32L4xx_HAL_Driver/Src/stm32l4xx_hal_spi.o
 .text.SPI_WaitFifoStateUntilTimeout
                0x08003eb0      0x12c ./Drivers/STM32L4xx_HAL_Driver/Src/stm32l4xx_hal_spi.o
 .text.SPI_EndRxTxTransaction
                0x08003fdc       0x8c ./Drivers/STM32L4xx_HAL_Driver/Src/stm32l4xx_hal_spi.o
 .text.HAL_UART_Init
                0x08004068       0x9c ./Drivers/STM32L4xx_HAL_Driver/Src/stm32l4xx_hal_uart.o
                0x08004068                HAL_UART_Init
 .text.HAL_UART_Transmit
                0x08004104      0x112 ./Drivers/STM32L4xx_HAL_Driver/Src/stm32l4xx_hal_uart.o
                0x08004104                HAL_UART_Transmit
 *fill*         0x08004216        0x2 
 .text.HAL_UART_Receive_IT
                0x08004218       0x98 ./Drivers/STM32L4xx_HAL_Driver/Src/stm32l4xx_hal_uart.o
                0x08004218                HAL_UART_Receive_IT
 .text.HAL_UART_IRQHandler
                0x080042b0      0x60c ./Drivers/STM32L4xx_HAL_Driver/Src/stm32l4xx_hal_uart.o
                0x080042b0                HAL_UART_IRQHandler
 .text.HAL_UART_TxCpltCallback
                0x080048bc       0x14 ./Drivers/STM32L4xx_HAL_Driver/Src/stm32l4xx_hal_uart.o
                0x080048bc                HAL_UART_TxCpltCallback
 .text.HAL_UART_ErrorCallback
                0x080048d0       0x14 ./Drivers/STM32L4xx_HAL_Driver/Src/stm32l4xx_hal_uart.o
                0x080048d0                HAL_UART_ErrorCallback
 .text.HAL_UARTEx_RxEventCallback
                0x080048e4       0x18 ./Drivers/STM32L4xx_HAL_Driver/Src/stm32l4xx_hal_uart.o
                0x080048e4                HAL_UARTEx_RxEventCallback
 .text.UART_SetConfig
                0x080048fc      0x570 ./Drivers/STM32L4xx_HAL_Driver/Src/stm32l4xx_hal_uart.o
                0x080048fc                UART_SetConfig
 .text.UART_AdvFeatureConfig
                0x08004e6c      0x144 ./Drivers/STM32L4xx_HAL_Driver/Src/stm32l4xx_hal_uart.o
                0x08004e6c                UART_AdvFeatureConfig
 .text.UART_CheckIdleState
                0x08004fb0      0x150 ./Drivers/STM32L4xx_HAL_Driver/Src/stm32l4xx_hal_uart.o
                0x08004fb0                UART_CheckIdleState
 .text.UART_WaitOnFlagUntilTimeout
                0x08005100       0xda ./Drivers/STM32L4xx_HAL_Driver/Src/stm32l4xx_hal_uart.o
                0x08005100                UART_WaitOnFlagUntilTimeout
 *fill*         0x080051da        0x2 
 .text.UART_Start_Receive_IT
                0x080051dc      0x18c ./Drivers/STM32L4xx_HAL_Driver/Src/stm32l4xx_hal_uart.o
                0x080051dc                UART_Start_Receive_IT
 .text.UART_EndRxTransfer
                0x08005368       0xc8 ./Drivers/STM32L4xx_HAL_Driver/Src/stm32l4xx_hal_uart.o
 .text.UART_DMAAbortOnError
                0x08005430       0x2c ./Drivers/STM32L4xx_HAL_Driver/Src/stm32l4xx_hal_uart.o
 .text.UART_EndTransmit_IT
                0x0800545c       0x54 ./Drivers/STM32L4xx_HAL_Driver/Src/stm32l4xx_hal_uart.o
 .text.UART_RxISR_8BIT
                0x080054b0      0x1bc ./Drivers/STM32L4xx_HAL_Driver/Src/stm32l4xx_hal_uart.o
 .text.UART_RxISR_16BIT
                0x0800566c      0x1bc ./Drivers/STM32L4xx_HAL_Driver/Src/stm32l4xx_hal_uart.o
 .text.HAL_UARTEx_WakeupCallback
                0x08005828       0x14 ./Drivers/STM32L4xx_HAL_Driver/Src/stm32l4xx_hal_uart_ex.o
                0x08005828                HAL_UARTEx_WakeupCallback
 .text.makeFreeRtosPriority
                0x0800583c       0x30 ./Middlewares/Third_Party/FreeRTOS/Source/CMSIS_RTOS/cmsis_os.o
 .text.osKernelStart
                0x0800586c        0xe ./Middlewares/Third_Party/FreeRTOS/Source/CMSIS_RTOS/cmsis_os.o
                0x0800586c                osKernelStart
 .text.osThreadCreate
                0x0800587a       0x98 ./Middlewares/Third_Party/FreeRTOS/Source/CMSIS_RTOS/cmsis_os.o
                0x0800587a                osThreadCreate
 .text.osDelay  0x08005912       0x28 ./Middlewares/Third_Party/FreeRTOS/Source/CMSIS_RTOS/cmsis_os.o
                0x08005912                osDelay
 .text.vListInitialise
                0x0800593a       0x40 ./Middlewares/Third_Party/FreeRTOS/Source/list.o
                0x0800593a                vListInitialise
 .text.vListInitialiseItem
                0x0800597a       0x1a ./Middlewares/Third_Party/FreeRTOS/Source/list.o
                0x0800597a                vListInitialiseItem
 .text.vListInsertEnd
                0x08005994       0x48 ./Middlewares/Third_Party/FreeRTOS/Source/list.o
                0x08005994                vListInsertEnd
 .text.vListInsert
                0x080059dc       0x72 ./Middlewares/Third_Party/FreeRTOS/Source/list.o
                0x080059dc                vListInsert
 .text.uxListRemove
                0x08005a4e       0x54 ./Middlewares/Third_Party/FreeRTOS/Source/list.o
                0x08005a4e                uxListRemove
 *fill*         0x08005aa2        0x2 
 .text.xQueueGenericReset
                0x08005aa4       0xd4 ./Middlewares/Third_Party/FreeRTOS/Source/queue.o
                0x08005aa4                xQueueGenericReset
 .text.xQueueGenericCreate
                0x08005b78       0x76 ./Middlewares/Third_Party/FreeRTOS/Source/queue.o
                0x08005b78                xQueueGenericCreate
 .text.prvInitialiseNewQueue
                0x08005bee       0x3e ./Middlewares/Third_Party/FreeRTOS/Source/queue.o
 .text.xQueueGiveFromISR
                0x08005c2c      0x120 ./Middlewares/Third_Party/FreeRTOS/Source/queue.o
                0x08005c2c                xQueueGiveFromISR
 .text.xQueueSemaphoreTake
                0x08005d4c      0x220 ./Middlewares/Third_Party/FreeRTOS/Source/queue.o
                0x08005d4c                xQueueSemaphoreTake
 .text.prvGetDisinheritPriorityAfterTimeout
                0x08005f6c       0x30 ./Middlewares/Third_Party/FreeRTOS/Source/queue.o
 .text.prvUnlockQueue
                0x08005f9c       0xa4 ./Middlewares/Third_Party/FreeRTOS/Source/queue.o
 .text.prvIsQueueEmpty
                0x08006040       0x2c ./Middlewares/Third_Party/FreeRTOS/Source/queue.o
 .text.xTaskCreateStatic
                0x0800606c       0xc0 ./Middlewares/Third_Party/FreeRTOS/Source/tasks.o
                0x0800606c                xTaskCreateStatic
 .text.xTaskCreate
                0x0800612c       0x8a ./Middlewares/Third_Party/FreeRTOS/Source/tasks.o
                0x0800612c                xTaskCreate
 .text.prvInitialiseNewTask
                0x080061b6      0x110 ./Middlewares/Third_Party/FreeRTOS/Source/tasks.o
 *fill*         0x080062c6        0x2 
 .text.prvAddNewTaskToReadyList
                0x080062c8       0xd4 ./Middlewares/Third_Party/FreeRTOS/Source/tasks.o
 .text.vTaskDelay
                0x0800639c       0x6c ./Middlewares/Third_Party/FreeRTOS/Source/tasks.o
                0x0800639c                vTaskDelay
 .text.vTaskStartScheduler
                0x08006408       0xc4 ./Middlewares/Third_Party/FreeRTOS/Source/tasks.o
                0x08006408                vTaskStartScheduler
 .text.vTaskSuspendAll
                0x080064cc       0x1c ./Middlewares/Third_Party/FreeRTOS/Source/tasks.o
                0x080064cc                vTaskSuspendAll
 .text.xTaskResumeAll
                0x080064e8      0x13c ./Middlewares/Third_Party/FreeRTOS/Source/tasks.o
                0x080064e8                xTaskResumeAll
 .text.xTaskIncrementTick
                0x08006624      0x174 ./Middlewares/Third_Party/FreeRTOS/Source/tasks.o
                0x08006624                xTaskIncrementTick
 .text.vTaskSwitchContext
                0x08006798       0xb8 ./Middlewares/Third_Party/FreeRTOS/Source/tasks.o
                0x08006798                vTaskSwitchContext
 .text.vTaskPlaceOnEventList
                0x08006850       0x4c ./Middlewares/Third_Party/FreeRTOS/Source/tasks.o
                0x08006850                vTaskPlaceOnEventList
 .text.xTaskRemoveFromEventList
                0x0800689c       0xc8 ./Middlewares/Third_Party/FreeRTOS/Source/tasks.o
                0x0800689c                xTaskRemoveFromEventList
 .text.vTaskInternalSetTimeOutState
                0x08006964       0x2c ./Middlewares/Third_Party/FreeRTOS/Source/tasks.o
                0x08006964                vTaskInternalSetTimeOutState
 .text.xTaskCheckForTimeOut
                0x08006990       0xc8 ./Middlewares/Third_Party/FreeRTOS/Source/tasks.o
                0x08006990                xTaskCheckForTimeOut
 .text.vTaskMissedYield
                0x08006a58       0x18 ./Middlewares/Third_Party/FreeRTOS/Source/tasks.o
                0x08006a58                vTaskMissedYield
 .text.prvIdleTask
                0x08006a70       0x30 ./Middlewares/Third_Party/FreeRTOS/Source/tasks.o
 .text.prvInitialiseTaskLists
                0x08006aa0       0x80 ./Middlewares/Third_Party/FreeRTOS/Source/tasks.o
 .text.prvCheckTasksWaitingTermination
                0x08006b20       0x5c ./Middlewares/Third_Party/FreeRTOS/Source/tasks.o
 .text.prvDeleteTCB
                0x08006b7c       0x60 ./Middlewares/Third_Party/FreeRTOS/Source/tasks.o
 .text.prvResetNextTaskUnblockTime
                0x08006bdc       0x40 ./Middlewares/Third_Party/FreeRTOS/Source/tasks.o
 .text.xTaskGetSchedulerState
                0x08006c1c       0x3c ./Middlewares/Third_Party/FreeRTOS/Source/tasks.o
                0x08006c1c                xTaskGetSchedulerState
 .text.xTaskPriorityInherit
                0x08006c58       0xec ./Middlewares/Third_Party/FreeRTOS/Source/tasks.o
                0x08006c58                xTaskPriorityInherit
 .text.vTaskPriorityDisinheritAfterTimeout
                0x08006d44      0x120 ./Middlewares/Third_Party/FreeRTOS/Source/tasks.o
                0x08006d44                vTaskPriorityDisinheritAfterTimeout
 .text.pvTaskIncrementMutexHeldCount
                0x08006e64       0x28 ./Middlewares/Third_Party/FreeRTOS/Source/tasks.o
                0x08006e64                pvTaskIncrementMutexHeldCount
 .text.prvAddCurrentTaskToDelayedList
                0x08006e8c       0xcc ./Middlewares/Third_Party/FreeRTOS/Source/tasks.o
 .text.pxPortInitialiseStack
                0x08006f58       0x68 ./Middlewares/Third_Party/FreeRTOS/Source/portable/GCC/ARM_CM4F/port.o
                0x08006f58                pxPortInitialiseStack
 .text.prvTaskExitError
                0x08006fc0       0x5c ./Middlewares/Third_Party/FreeRTOS/Source/portable/GCC/ARM_CM4F/port.o
 *fill*         0x0800701c        0x4 
 .text.SVC_Handler
                0x08007020       0x28 ./Middlewares/Third_Party/FreeRTOS/Source/portable/GCC/ARM_CM4F/port.o
                0x08007020                SVC_Handler
 .text.prvPortStartFirstTask
                0x08007048       0x28 ./Middlewares/Third_Party/FreeRTOS/Source/portable/GCC/ARM_CM4F/port.o
 .text.xPortStartScheduler
                0x08007070      0x148 ./Middlewares/Third_Party/FreeRTOS/Source/portable/GCC/ARM_CM4F/port.o
                0x08007070                xPortStartScheduler
 .text.vPortEnterCritical
                0x080071b8       0x64 ./Middlewares/Third_Party/FreeRTOS/Source/portable/GCC/ARM_CM4F/port.o
                0x080071b8                vPortEnterCritical
 .text.vPortExitCritical
                0x0800721c       0x54 ./Middlewares/Third_Party/FreeRTOS/Source/portable/GCC/ARM_CM4F/port.o
                0x0800721c                vPortExitCritical
 .text.PendSV_Handler
                0x08007270       0x68 ./Middlewares/Third_Party/FreeRTOS/Source/portable/GCC/ARM_CM4F/port.o
                0x08007270                PendSV_Handler
 .text.xPortSysTickHandler
                0x080072d8       0x44 ./Middlewares/Third_Party/FreeRTOS/Source/portable/GCC/ARM_CM4F/port.o
                0x080072d8                xPortSysTickHandler
 .text.vPortSetupTimerInterrupt
                0x0800731c       0x48 ./Middlewares/Third_Party/FreeRTOS/Source/portable/GCC/ARM_CM4F/port.o
                0x0800731c                vPortSetupTimerInterrupt
 .text.vPortEnableVFP
                0x08007364       0x14 ./Middlewares/Third_Party/FreeRTOS/Source/portable/GCC/ARM_CM4F/port.o
 .text.vPortValidateInterruptPriority
                0x08007378       0x84 ./Middlewares/Third_Party/FreeRTOS/Source/portable/GCC/ARM_CM4F/port.o
                0x08007378                vPortValidateInterruptPriority
 .text.pvPortMalloc
                0x080073fc      0x19c ./Middlewares/Third_Party/FreeRTOS/Source/portable/MemMang/heap_4.o
                0x080073fc                pvPortMalloc
 .text.vPortFree
                0x08007598       0xc8 ./Middlewares/Third_Party/FreeRTOS/Source/portable/MemMang/heap_4.o
                0x08007598                vPortFree
 .text.prvHeapInit
                0x08007660       0xc4 ./Middlewares/Third_Party/FreeRTOS/Source/portable/MemMang/heap_4.o
 .text.prvInsertBlockIntoFreeList
                0x08007724       0xb4 ./Middlewares/Third_Party/FreeRTOS/Source/portable/MemMang/heap_4.o
 .text.atoi     0x080077d8        0x8 /home/oliver/st/stm32cubeide_1.16.0/plugins/com.st.stm32cube.ide.mcu.externaltools.gnu-tools-for-stm32.12.3.rel1.linux64_1.1.0.202410170702/tools/bin/../lib/gcc/arm-none-eabi/12.3.1/../../../../arm-none-eabi/lib/thumb/v7e-m+fp/hard/libc_nano.a(libc_a-atoi.o)
                0x080077d8                atoi
 .text._strtol_l.constprop.0
                0x080077e0       0xf4 /home/oliver/st/stm32cubeide_1.16.0/plugins/com.st.stm32cube.ide.mcu.externaltools.gnu-tools-for-stm32.12.3.rel1.linux64_1.1.0.202410170702/tools/bin/../lib/gcc/arm-none-eabi/12.3.1/../../../../arm-none-eabi/lib/thumb/v7e-m+fp/hard/libc_nano.a(libc_a-strtol.o)
 .text.strtol   0x080078d4       0x14 /home/oliver/st/stm32cubeide_1.16.0/plugins/com.st.stm32cube.ide.mcu.externaltools.gnu-tools-for-stm32.12.3.rel1.linux64_1.1.0.202410170702/tools/bin/../lib/gcc/arm-none-eabi/12.3.1/../../../../arm-none-eabi/lib/thumb/v7e-m+fp/hard/libc_nano.a(libc_a-strtol.o)
                0x080078d4                strtol
 .text.std      0x080078e8       0x6c /home/oliver/st/stm32cubeide_1.16.0/plugins/com.st.stm32cube.ide.mcu.externaltools.gnu-tools-for-stm32.12.3.rel1.linux64_1.1.0.202410170702/tools/bin/../lib/gcc/arm-none-eabi/12.3.1/../../../../arm-none-eabi/lib/thumb/v7e-m+fp/hard/libc_nano.a(libc_a-findfp.o)
 .text.stdio_exit_handler
                0x08007954       0x18 /home/oliver/st/stm32cubeide_1.16.0/plugins/com.st.stm32cube.ide.mcu.externaltools.gnu-tools-for-stm32.12.3.rel1.linux64_1.1.0.202410170702/tools/bin/../lib/gcc/arm-none-eabi/12.3.1/../../../../arm-none-eabi/lib/thumb/v7e-m+fp/hard/libc_nano.a(libc_a-findfp.o)
 .text.cleanup_stdio
                0x0800796c       0x40 /home/oliver/st/stm32cubeide_1.16.0/plugins/com.st.stm32cube.ide.mcu.externaltools.gnu-tools-for-stm32.12.3.rel1.linux64_1.1.0.202410170702/tools/bin/../lib/gcc/arm-none-eabi/12.3.1/../../../../arm-none-eabi/lib/thumb/v7e-m+fp/hard/libc_nano.a(libc_a-findfp.o)
 .text.global_stdio_init.part.0
                0x080079ac       0x3c /home/oliver/st/stm32cubeide_1.16.0/plugins/com.st.stm32cube.ide.mcu.externaltools.gnu-tools-for-stm32.12.3.rel1.linux64_1.1.0.202410170702/tools/bin/../lib/gcc/arm-none-eabi/12.3.1/../../../../arm-none-eabi/lib/thumb/v7e-m+fp/hard/libc_nano.a(libc_a-findfp.o)
 .text.__sfp_lock_acquire
                0x080079e8        0xc /home/oliver/st/stm32cubeide_1.16.0/plugins/com.st.stm32cube.ide.mcu.externaltools.gnu-tools-for-stm32.12.3.rel1.linux64_1.1.0.202410170702/tools/bin/../lib/gcc/arm-none-eabi/12.3.1/../../../../arm-none-eabi/lib/thumb/v7e-m+fp/hard/libc_nano.a(libc_a-findfp.o)
                0x080079e8                __sfp_lock_acquire
 .text.__sfp_lock_release
                0x080079f4        0xc /home/oliver/st/stm32cubeide_1.16.0/plugins/com.st.stm32cube.ide.mcu.externaltools.gnu-tools-for-stm32.12.3.rel1.linux64_1.1.0.202410170702/tools/bin/../lib/gcc/arm-none-eabi/12.3.1/../../../../arm-none-eabi/lib/thumb/v7e-m+fp/hard/libc_nano.a(libc_a-findfp.o)
                0x080079f4                __sfp_lock_release
 .text.__sinit  0x08007a00       0x30 /home/oliver/st/stm32cubeide_1.16.0/plugins/com.st.stm32cube.ide.mcu.externaltools.gnu-tools-for-stm32.12.3.rel1.linux64_1.1.0.202410170702/tools/bin/../lib/gcc/arm-none-eabi/12.3.1/../../../../arm-none-eabi/lib/thumb/v7e-m+fp/hard/libc_nano.a(libc_a-findfp.o)
                0x08007a00                __sinit
 .text._fwalk_sglue
                0x08007a30       0x3c /home/oliver/st/stm32cubeide_1.16.0/plugins/com.st.stm32cube.ide.mcu.externaltools.gnu-tools-for-stm32.12.3.rel1.linux64_1.1.0.202410170702/tools/bin/../lib/gcc/arm-none-eabi/12.3.1/../../../../arm-none-eabi/lib/thumb/v7e-m+fp/hard/libc_nano.a(libc_a-fwalk.o)
                0x08007a30                _fwalk_sglue
 .text.printf   0x08007a6c       0x24 /home/oliver/st/stm32cubeide_1.16.0/plugins/com.st.stm32cube.ide.mcu.externaltools.gnu-tools-for-stm32.12.3.rel1.linux64_1.1.0.202410170702/tools/bin/../lib/gcc/arm-none-eabi/12.3.1/../../../../arm-none-eabi/lib/thumb/v7e-m+fp/hard/libc_nano.a(libc_a-printf.o)
                0x08007a6c                printf
                0x08007a6c                iprintf
 .text._puts_r  0x08007a90       0xaa /home/oliver/st/stm32cubeide_1.16.0/plugins/com.st.stm32cube.ide.mcu.externaltools.gnu-tools-for-stm32.12.3.rel1.linux64_1.1.0.202410170702/tools/bin/../lib/gcc/arm-none-eabi/12.3.1/../../../../arm-none-eabi/lib/thumb/v7e-m+fp/hard/libc_nano.a(libc_a-puts.o)
                0x08007a90                _puts_r
 *fill*         0x08007b3a        0x2 
 .text.puts     0x08007b3c       0x10 /home/oliver/st/stm32cubeide_1.16.0/plugins/com.st.stm32cube.ide.mcu.externaltools.gnu-tools-for-stm32.12.3.rel1.linux64_1.1.0.202410170702/tools/bin/../lib/gcc/arm-none-eabi/12.3.1/../../../../arm-none-eabi/lib/thumb/v7e-m+fp/hard/libc_nano.a(libc_a-puts.o)
                0x08007b3c                puts
 .text.snprintf
                0x08007b4c       0x68 /home/oliver/st/stm32cubeide_1.16.0/plugins/com.st.stm32cube.ide.mcu.externaltools.gnu-tools-for-stm32.12.3.rel1.linux64_1.1.0.202410170702/tools/bin/../lib/gcc/arm-none-eabi/12.3.1/../../../../arm-none-eabi/lib/thumb/v7e-m+fp/hard/libc_nano.a(libc_a-snprintf.o)
                0x08007b4c                snprintf
                0x08007b4c                sniprintf
 .text.__sread  0x08007bb4       0x22 /home/oliver/st/stm32cubeide_1.16.0/plugins/com.st.stm32cube.ide.mcu.externaltools.gnu-tools-for-stm32.12.3.rel1.linux64_1.1.0.202410170702/tools/bin/../lib/gcc/arm-none-eabi/12.3.1/../../../../arm-none-eabi/lib/thumb/v7e-m+fp/hard/libc_nano.a(libc_a-stdio.o)
                0x08007bb4                __sread
 .text.__swrite
                0x08007bd6       0x38 /home/oliver/st/stm32cubeide_1.16.0/plugins/com.st.stm32cube.ide.mcu.externaltools.gnu-tools-for-stm32.12.3.rel1.linux64_1.1.0.202410170702/tools/bin/../lib/gcc/arm-none-eabi/12.3.1/../../../../arm-none-eabi/lib/thumb/v7e-m+fp/hard/libc_nano.a(libc_a-stdio.o)
                0x08007bd6                __swrite
 .text.__sseek  0x08007c0e       0x24 /home/oliver/st/stm32cubeide_1.16.0/plugins/com.st.stm32cube.ide.mcu.externaltools.gnu-tools-for-stm32.12.3.rel1.linux64_1.1.0.202410170702/tools/bin/../lib/gcc/arm-none-eabi/12.3.1/../../../../arm-none-eabi/lib/thumb/v7e-m+fp/hard/libc_nano.a(libc_a-stdio.o)
                0x08007c0e                __sseek
 .text.__sclose
                0x08007c32        0x8 /home/oliver/st/stm32cubeide_1.16.0/plugins/com.st.stm32cube.ide.mcu.externaltools.gnu-tools-for-stm32.12.3.rel1.linux64_1.1.0.202410170702/tools/bin/../lib/gcc/arm-none-eabi/12.3.1/../../../../arm-none-eabi/lib/thumb/v7e-m+fp/hard/libc_nano.a(libc_a-stdio.o)
                0x08007c32                __sclose
 .text.__swbuf_r
                0x08007c3a       0x7c /home/oliver/st/stm32cubeide_1.16.0/plugins/com.st.stm32cube.ide.mcu.externaltools.gnu-tools-for-stm32.12.3.rel1.linux64_1.1.0.202410170702/tools/bin/../lib/gcc/arm-none-eabi/12.3.1/../../../../arm-none-eabi/lib/thumb/v7e-m+fp/hard/libc_nano.a(libc_a-wbuf.o)
                0x08007c3a                __swbuf_r
 *fill*         0x08007cb6        0x2 
 .text.__swsetup_r
                0x08007cb8       0xac /home/oliver/st/stm32cubeide_1.16.0/plugins/com.st.stm32cube.ide.mcu.externaltools.gnu-tools-for-stm32.12.3.rel1.linux64_1.1.0.202410170702/tools/bin/../lib/gcc/arm-none-eabi/12.3.1/../../../../arm-none-eabi/lib/thumb/v7e-m+fp/hard/libc_nano.a(libc_a-wsetup.o)
                0x08007cb8                __swsetup_r
 .text.memset   0x08007d64       0x10 /home/oliver/st/stm32cubeide_1.16.0/plugins/com.st.stm32cube.ide.mcu.externaltools.gnu-tools-for-stm32.12.3.rel1.linux64_1.1.0.202410170702/tools/bin/../lib/gcc/arm-none-eabi/12.3.1/../../../../arm-none-eabi/lib/thumb/v7e-m+fp/hard/libc_nano.a(libc_a-memset.o)
                0x08007d64                memset
 .text._close_r
                0x08007d74       0x20 /home/oliver/st/stm32cubeide_1.16.0/plugins/com.st.stm32cube.ide.mcu.externaltools.gnu-tools-for-stm32.12.3.rel1.linux64_1.1.0.202410170702/tools/bin/../lib/gcc/arm-none-eabi/12.3.1/../../../../arm-none-eabi/lib/thumb/v7e-m+fp/hard/libc_nano.a(libc_a-closer.o)
                0x08007d74                _close_r
 .text._lseek_r
                0x08007d94       0x24 /home/oliver/st/stm32cubeide_1.16.0/plugins/com.st.stm32cube.ide.mcu.externaltools.gnu-tools-for-stm32.12.3.rel1.linux64_1.1.0.202410170702/tools/bin/../lib/gcc/arm-none-eabi/12.3.1/../../../../arm-none-eabi/lib/thumb/v7e-m+fp/hard/libc_nano.a(libc_a-lseekr.o)
                0x08007d94                _lseek_r
 .text._read_r  0x08007db8       0x24 /home/oliver/st/stm32cubeide_1.16.0/plugins/com.st.stm32cube.ide.mcu.externaltools.gnu-tools-for-stm32.12.3.rel1.linux64_1.1.0.202410170702/tools/bin/../lib/gcc/arm-none-eabi/12.3.1/../../../../arm-none-eabi/lib/thumb/v7e-m+fp/hard/libc_nano.a(libc_a-readr.o)
                0x08007db8                _read_r
 .text._write_r
                0x08007ddc       0x24 /home/oliver/st/stm32cubeide_1.16.0/plugins/com.st.stm32cube.ide.mcu.externaltools.gnu-tools-for-stm32.12.3.rel1.linux64_1.1.0.202410170702/tools/bin/../lib/gcc/arm-none-eabi/12.3.1/../../../../arm-none-eabi/lib/thumb/v7e-m+fp/hard/libc_nano.a(libc_a-writer.o)
                0x08007ddc                _write_r
 .text.__errno  0x08007e00        0xc /home/oliver/st/stm32cubeide_1.16.0/plugins/com.st.stm32cube.ide.mcu.externaltools.gnu-tools-for-stm32.12.3.rel1.linux64_1.1.0.202410170702/tools/bin/../lib/gcc/arm-none-eabi/12.3.1/../../../../arm-none-eabi/lib/thumb/v7e-m+fp/hard/libc_nano.a(libc_a-errno.o)
                0x08007e00                __errno
 .text.__libc_init_array
                0x08007e0c       0x48 /home/oliver/st/stm32cubeide_1.16.0/plugins/com.st.stm32cube.ide.mcu.externaltools.gnu-tools-for-stm32.12.3.rel1.linux64_1.1.0.202410170702/tools/bin/../lib/gcc/arm-none-eabi/12.3.1/../../../../arm-none-eabi/lib/thumb/v7e-m+fp/hard/libc_nano.a(libc_a-init.o)
                0x08007e0c                __libc_init_array
 .text.__retarget_lock_init_recursive
                0x08007e54        0x2 /home/oliver/st/stm32cubeide_1.16.0/plugins/com.st.stm32cube.ide.mcu.externaltools.gnu-tools-for-stm32.12.3.rel1.linux64_1.1.0.202410170702/tools/bin/../lib/gcc/arm-none-eabi/12.3.1/../../../../arm-none-eabi/lib/thumb/v7e-m+fp/hard/libc_nano.a(libc_a-lock.o)
                0x08007e54                __retarget_lock_init_recursive
 .text.__retarget_lock_acquire_recursive
                0x08007e56        0x2 /home/oliver/st/stm32cubeide_1.16.0/plugins/com.st.stm32cube.ide.mcu.externaltools.gnu-tools-for-stm32.12.3.rel1.linux64_1.1.0.202410170702/tools/bin/../lib/gcc/arm-none-eabi/12.3.1/../../../../arm-none-eabi/lib/thumb/v7e-m+fp/hard/libc_nano.a(libc_a-lock.o)
                0x08007e56                __retarget_lock_acquire_recursive
 .text.__retarget_lock_release_recursive
                0x08007e58        0x2 /home/oliver/st/stm32cubeide_1.16.0/plugins/com.st.stm32cube.ide.mcu.externaltools.gnu-tools-for-stm32.12.3.rel1.linux64_1.1.0.202410170702/tools/bin/../lib/gcc/arm-none-eabi/12.3.1/../../../../arm-none-eabi/lib/thumb/v7e-m+fp/hard/libc_nano.a(libc_a-lock.o)
                0x08007e58                __retarget_lock_release_recursive
 .text.memcpy   0x08007e5a       0x1c /home/oliver/st/stm32cubeide_1.16.0/plugins/com.st.stm32cube.ide.mcu.externaltools.gnu-tools-for-stm32.12.3.rel1.linux64_1.1.0.202410170702/tools/bin/../lib/gcc/arm-none-eabi/12.3.1/../../../../arm-none-eabi/lib/thumb/v7e-m+fp/hard/libc_nano.a(libc_a-memcpy-stub.o)
                0x08007e5a                memcpy
 *fill*         0x08007e76        0x2 
 .text._free_r  0x08007e78       0x94 /home/oliver/st/stm32cubeide_1.16.0/plugins/com.st.stm32cube.ide.mcu.externaltools.gnu-tools-for-stm32.12.3.rel1.linux64_1.1.0.202410170702/tools/bin/../lib/gcc/arm-none-eabi/12.3.1/../../../../arm-none-eabi/lib/thumb/v7e-m+fp/hard/libc_nano.a(libc_a-freer.o)
                0x08007e78                _free_r
 .text.sbrk_aligned
                0x08007f0c       0x44 /home/oliver/st/stm32cubeide_1.16.0/plugins/com.st.stm32cube.ide.mcu.externaltools.gnu-tools-for-stm32.12.3.rel1.linux64_1.1.0.202410170702/tools/bin/../lib/gcc/arm-none-eabi/12.3.1/../../../../arm-none-eabi/lib/thumb/v7e-m+fp/hard/libc_nano.a(libc_a-mallocr.o)
 .text._malloc_r
                0x08007f50      0x100 /home/oliver/st/stm32cubeide_1.16.0/plugins/com.st.stm32cube.ide.mcu.externaltools.gnu-tools-for-stm32.12.3.rel1.linux64_1.1.0.202410170702/tools/bin/../lib/gcc/arm-none-eabi/12.3.1/../../../../arm-none-eabi/lib/thumb/v7e-m+fp/hard/libc_nano.a(libc_a-mallocr.o)
                0x08007f50                _malloc_r
 .text.__malloc_lock
                0x08008050        0xc /home/oliver/st/stm32cubeide_1.16.0/plugins/com.st.stm32cube.ide.mcu.externaltools.gnu-tools-for-stm32.12.3.rel1.linux64_1.1.0.202410170702/tools/bin/../lib/gcc/arm-none-eabi/12.3.1/../../../../arm-none-eabi/lib/thumb/v7e-m+fp/hard/libc_nano.a(libc_a-mlock.o)
                0x08008050                __malloc_lock
 .text.__malloc_unlock
                0x0800805c        0xc /home/oliver/st/stm32cubeide_1.16.0/plugins/com.st.stm32cube.ide.mcu.externaltools.gnu-tools-for-stm32.12.3.rel1.linux64_1.1.0.202410170702/tools/bin/../lib/gcc/arm-none-eabi/12.3.1/../../../../arm-none-eabi/lib/thumb/v7e-m+fp/hard/libc_nano.a(libc_a-mlock.o)
                0x0800805c                __malloc_unlock
 .text.__ssputs_r
                0x08008068       0xb6 /home/oliver/st/stm32cubeide_1.16.0/plugins/com.st.stm32cube.ide.mcu.externaltools.gnu-tools-for-stm32.12.3.rel1.linux64_1.1.0.202410170702/tools/bin/../lib/gcc/arm-none-eabi/12.3.1/../../../../arm-none-eabi/lib/thumb/v7e-m+fp/hard/libc_nano.a(libc_a-nano-svfprintf.o)
                0x08008068                __ssputs_r
 *fill*         0x0800811e        0x2 
 .text._svfprintf_r
                0x08008120      0x1f8 /home/oliver/st/stm32cubeide_1.16.0/plugins/com.st.stm32cube.ide.mcu.externaltools.gnu-tools-for-stm32.12.3.rel1.linux64_1.1.0.202410170702/tools/bin/../lib/gcc/arm-none-eabi/12.3.1/../../../../arm-none-eabi/lib/thumb/v7e-m+fp/hard/libc_nano.a(libc_a-nano-svfprintf.o)
                0x08008120                _svfprintf_r
                0x08008120                _svfiprintf_r
 .text.__sfputc_r
                0x08008318       0x2e /home/oliver/st/stm32cubeide_1.16.0/plugins/com.st.stm32cube.ide.mcu.externaltools.gnu-tools-for-stm32.12.3.rel1.linux64_1.1.0.202410170702/tools/bin/../lib/gcc/arm-none-eabi/12.3.1/../../../../arm-none-eabi/lib/thumb/v7e-m+fp/hard/libc_nano.a(libc_a-nano-vfprintf.o)
 .text.__sfputs_r
                0x08008346       0x24 /home/oliver/st/stm32cubeide_1.16.0/plugins/com.st.stm32cube.ide.mcu.externaltools.gnu-tools-for-stm32.12.3.rel1.linux64_1.1.0.202410170702/tools/bin/../lib/gcc/arm-none-eabi/12.3.1/../../../../arm-none-eabi/lib/thumb/v7e-m+fp/hard/libc_nano.a(libc_a-nano-vfprintf.o)
                0x08008346                __sfputs_r
 *fill*         0x0800836a        0x2 
 .text._vfprintf_r
                0x0800836c      0x230 /home/oliver/st/stm32cubeide_1.16.0/plugins/com.st.stm32cube.ide.mcu.externaltools.gnu-tools-for-stm32.12.3.rel1.linux64_1.1.0.202410170702/tools/bin/../lib/gcc/arm-none-eabi/12.3.1/../../../../arm-none-eabi/lib/thumb/v7e-m+fp/hard/libc_nano.a(libc_a-nano-vfprintf.o)
                0x0800836c                _vfiprintf_r
                0x0800836c                _vfprintf_r
 .text._printf_common
                0x0800859c       0xda /home/oliver/st/stm32cubeide_1.16.0/plugins/com.st.stm32cube.ide.mcu.externaltools.gnu-tools-for-stm32.12.3.rel1.linux64_1.1.0.202410170702/tools/bin/../lib/gcc/arm-none-eabi/12.3.1/../../../../arm-none-eabi/lib/thumb/v7e-m+fp/hard/libc_nano.a(libc_a-nano-vfprintf_i.o)
                0x0800859c                _printf_common
 *fill*         0x08008676        0x2 
 .text._printf_i
                0x08008678      0x240 /home/oliver/st/stm32cubeide_1.16.0/plugins/com.st.stm32cube.ide.mcu.externaltools.gnu-tools-for-stm32.12.3.rel1.linux64_1.1.0.202410170702/tools/bin/../lib/gcc/arm-none-eabi/12.3.1/../../../../arm-none-eabi/lib/thumb/v7e-m+fp/hard/libc_nano.a(libc_a-nano-vfprintf_i.o)
                0x08008678                _printf_i
 .text.__sflush_r
                0x080088b8      0x108 /home/oliver/st/stm32cubeide_1.16.0/plugins/com.st.stm32cube.ide.mcu.externaltools.gnu-tools-for-stm32.12.3.rel1.linux64_1.1.0.202410170702/tools/bin/../lib/gcc/arm-none-eabi/12.3.1/../../../../arm-none-eabi/lib/thumb/v7e-m+fp/hard/libc_nano.a(libc_a-fflush.o)
                0x080088b8                __sflush_r
 .text._fflush_r
                0x080089c0       0x50 /home/oliver/st/stm32cubeide_1.16.0/plugins/com.st.stm32cube.ide.mcu.externaltools.gnu-tools-for-stm32.12.3.rel1.linux64_1.1.0.202410170702/tools/bin/../lib/gcc/arm-none-eabi/12.3.1/../../../../arm-none-eabi/lib/thumb/v7e-m+fp/hard/libc_nano.a(libc_a-fflush.o)
                0x080089c0                _fflush_r
 .text.__swhatbuf_r
                0x08008a10       0x4c /home/oliver/st/stm32cubeide_1.16.0/plugins/com.st.stm32cube.ide.mcu.externaltools.gnu-tools-for-stm32.12.3.rel1.linux64_1.1.0.202410170702/tools/bin/../lib/gcc/arm-none-eabi/12.3.1/../../../../arm-none-eabi/lib/thumb/v7e-m+fp/hard/libc_nano.a(libc_a-makebuf.o)
                0x08008a10                __swhatbuf_r
 .text.__smakebuf_r
                0x08008a5c       0x78 /home/oliver/st/stm32cubeide_1.16.0/plugins/com.st.stm32cube.ide.mcu.externaltools.gnu-tools-for-stm32.12.3.rel1.linux64_1.1.0.202410170702/tools/bin/../lib/gcc/arm-none-eabi/12.3.1/../../../../arm-none-eabi/lib/thumb/v7e-m+fp/hard/libc_nano.a(libc_a-makebuf.o)
                0x08008a5c                __smakebuf_r
 .text.memmove  0x08008ad4       0x34 /home/oliver/st/stm32cubeide_1.16.0/plugins/com.st.stm32cube.ide.mcu.externaltools.gnu-tools-for-stm32.12.3.rel1.linux64_1.1.0.202410170702/tools/bin/../lib/gcc/arm-none-eabi/12.3.1/../../../../arm-none-eabi/lib/thumb/v7e-m+fp/hard/libc_nano.a(libc_a-memmove.o)
                0x08008ad4                memmove
 .text._fstat_r
                0x08008b08       0x24 /home/oliver/st/stm32cubeide_1.16.0/plugins/com.st.stm32cube.ide.mcu.externaltools.gnu-tools-for-stm32.12.3.rel1.linux64_1.1.0.202410170702/tools/bin/../lib/gcc/arm-none-eabi/12.3.1/../../../../arm-none-eabi/lib/thumb/v7e-m+fp/hard/libc_nano.a(libc_a-fstatr.o)
                0x08008b08                _fstat_r
 .text._isatty_r
                0x08008b2c       0x20 /home/oliver/st/stm32cubeide_1.16.0/plugins/com.st.stm32cube.ide.mcu.externaltools.gnu-tools-for-stm32.12.3.rel1.linux64_1.1.0.202410170702/tools/bin/../lib/gcc/arm-none-eabi/12.3.1/../../../../arm-none-eabi/lib/thumb/v7e-m+fp/hard/libc_nano.a(libc_a-isattyr.o)
                0x08008b2c                _isatty_r
 .text._sbrk_r  0x08008b4c       0x20 /home/oliver/st/stm32cubeide_1.16.0/plugins/com.st.stm32cube.ide.mcu.externaltools.gnu-tools-for-stm32.12.3.rel1.linux64_1.1.0.202410170702/tools/bin/../lib/gcc/arm-none-eabi/12.3.1/../../../../arm-none-eabi/lib/thumb/v7e-m+fp/hard/libc_nano.a(libc_a-sbrkr.o)
                0x08008b4c                _sbrk_r
 .text._realloc_r
                0x08008b6c       0x5c /home/oliver/st/stm32cubeide_1.16.0/plugins/com.st.stm32cube.ide.mcu.externaltools.gnu-tools-for-stm32.12.3.rel1.linux64_1.1.0.202410170702/tools/bin/../lib/gcc/arm-none-eabi/12.3.1/../../../../arm-none-eabi/lib/thumb/v7e-m+fp/hard/libc_nano.a(libc_a-reallocr.o)
                0x08008b6c                _realloc_r
 .text._malloc_usable_size_r
                0x08008bc8       0x10 /home/oliver/st/stm32cubeide_1.16.0/plugins/com.st.stm32cube.ide.mcu.externaltools.gnu-tools-for-stm32.12.3.rel1.linux64_1.1.0.202410170702/tools/bin/../lib/gcc/arm-none-eabi/12.3.1/../../../../arm-none-eabi/lib/thumb/v7e-m+fp/hard/libc_nano.a(libc_a-msizer.o)
                0x08008bc8                _malloc_usable_size_r
 *(.glue_7)
 .glue_7        0x08008bd8        0x0 linker stubs
 *(.glue_7t)
 .glue_7t       0x08008bd8        0x0 linker stubs
 *(.eh_frame)
 .eh_frame      0x08008bd8        0x0 /home/oliver/st/stm32cubeide_1.16.0/plugins/com.st.stm32cube.ide.mcu.externaltools.gnu-tools-for-stm32.12.3.rel1.linux64_1.1.0.202410170702/tools/bin/../lib/gcc/arm-none-eabi/12.3.1/thumb/v7e-m+fp/hard/crtbegin.o
 *(.init)
 .init          0x08008bd8        0x4 /home/oliver/st/stm32cubeide_1.16.0/plugins/com.st.stm32cube.ide.mcu.externaltools.gnu-tools-for-stm32.12.3.rel1.linux64_1.1.0.202410170702/tools/bin/../lib/gcc/arm-none-eabi/12.3.1/thumb/v7e-m+fp/hard/crti.o
                0x08008bd8                _init
 .init          0x08008bdc        0x8 /home/oliver/st/stm32cubeide_1.16.0/plugins/com.st.stm32cube.ide.mcu.externaltools.gnu-tools-for-stm32.12.3.rel1.linux64_1.1.0.202410170702/tools/bin/../lib/gcc/arm-none-eabi/12.3.1/thumb/v7e-m+fp/hard/crtn.o
 *(.fini)
 .fini          0x08008be4        0x4 /home/oliver/st/stm32cubeide_1.16.0/plugins/com.st.stm32cube.ide.mcu.externaltools.gnu-tools-for-stm32.12.3.rel1.linux64_1.1.0.202410170702/tools/bin/../lib/gcc/arm-none-eabi/12.3.1/thumb/v7e-m+fp/hard/crti.o
                0x08008be4                _fini
 .fini          0x08008be8        0x8 /home/oliver/st/stm32cubeide_1.16.0/plugins/com.st.stm32cube.ide.mcu.externaltools.gnu-tools-for-stm32.12.3.rel1.linux64_1.1.0.202410170702/tools/bin/../lib/gcc/arm-none-eabi/12.3.1/thumb/v7e-m+fp/hard/crtn.o
                0x08008bf0                        . = ALIGN (0x4)
                0x08008bf0                        _etext = .

.vfp11_veneer   0x08008bf0        0x0
 .vfp11_veneer  0x08008bf0        0x0 linker stubs

.v4_bx          0x08008bf0        0x0
 .v4_bx         0x08008bf0        0x0 linker stubs

.iplt           0x08008bf0        0x0
 .iplt          0x08008bf0        0x0 /home/oliver/st/stm32cubeide_1.16.0/plugins/com.st.stm32cube.ide.mcu.externaltools.gnu-tools-for-stm32.12.3.rel1.linux64_1.1.0.202410170702/tools/bin/../lib/gcc/arm-none-eabi/12.3.1/thumb/v7e-m+fp/hard/crtbegin.o

.rodata         0x08008bf0      0x410
                0x08008bf0                        . = ALIGN (0x4)
 *(.rodata)
 .rodata        0x08008bf0       0x28 ./Core/Src/freertos.o
 .rodata        0x08008c18       0xda ./Core/Src/main.o
 *fill*         0x08008cf2        0x2 
 .rodata        0x08008cf4       0x91 ./Core/drivers/driver_MCP23S17.o
 *fill*         0x08008d85        0x3 
 .rodata        0x08008d88       0x7c ./Core/shell/functions.o
 .rodata        0x08008e04       0x76 ./Core/shell/shell.o
 *fill*         0x08008e7a        0x2 
 .rodata        0x08008e7c        0x5 ./Middlewares/Third_Party/FreeRTOS/Source/tasks.o
 *(.rodata*)
 *fill*         0x08008e81        0x3 
 .rodata.AHBPrescTable
                0x08008e84       0x10 ./Core/Src/system_stm32l4xx.o
                0x08008e84                AHBPrescTable
 .rodata.APBPrescTable
                0x08008e94        0x8 ./Core/Src/system_stm32l4xx.o
                0x08008e94                APBPrescTable
 .rodata.MSIRangeTable
                0x08008e9c       0x30 ./Core/Src/system_stm32l4xx.o
                0x08008e9c                MSIRangeTable
 .rodata._ctype_
                0x08008ecc      0x101 /home/oliver/st/stm32cubeide_1.16.0/plugins/com.st.stm32cube.ide.mcu.externaltools.gnu-tools-for-stm32.12.3.rel1.linux64_1.1.0.202410170702/tools/bin/../lib/gcc/arm-none-eabi/12.3.1/../../../../arm-none-eabi/lib/thumb/v7e-m+fp/hard/libc_nano.a(libc_a-ctype_.o)
                0x08008ecc                _ctype_
 .rodata._svfprintf_r.str1.1
                0x08008fcd       0x11 /home/oliver/st/stm32cubeide_1.16.0/plugins/com.st.stm32cube.ide.mcu.externaltools.gnu-tools-for-stm32.12.3.rel1.linux64_1.1.0.202410170702/tools/bin/../lib/gcc/arm-none-eabi/12.3.1/../../../../arm-none-eabi/lib/thumb/v7e-m+fp/hard/libc_nano.a(libc_a-nano-svfprintf.o)
 .rodata._vfprintf_r.str1.1
                0x08008fde       0x11 /home/oliver/st/stm32cubeide_1.16.0/plugins/com.st.stm32cube.ide.mcu.externaltools.gnu-tools-for-stm32.12.3.rel1.linux64_1.1.0.202410170702/tools/bin/../lib/gcc/arm-none-eabi/12.3.1/../../../../arm-none-eabi/lib/thumb/v7e-m+fp/hard/libc_nano.a(libc_a-nano-vfprintf.o)
 .rodata._printf_i.str1.1
                0x08008fde       0x22 /home/oliver/st/stm32cubeide_1.16.0/plugins/com.st.stm32cube.ide.mcu.externaltools.gnu-tools-for-stm32.12.3.rel1.linux64_1.1.0.202410170702/tools/bin/../lib/gcc/arm-none-eabi/12.3.1/../../../../arm-none-eabi/lib/thumb/v7e-m+fp/hard/libc_nano.a(libc_a-nano-vfprintf_i.o)
                0x08009000                        . = ALIGN (0x4)

.ARM.extab      0x08009000        0x0
                0x08009000                        . = ALIGN (0x4)
 *(.ARM.extab* .gnu.linkonce.armextab.*)
                0x08009000                        . = ALIGN (0x4)

.ARM            0x08009000        0x8
                0x08009000                        . = ALIGN (0x4)
                0x08009000                        __exidx_start = .
 *(.ARM.exidx*)
 .ARM.exidx     0x08009000        0x8 /home/oliver/st/stm32cubeide_1.16.0/plugins/com.st.stm32cube.ide.mcu.externaltools.gnu-tools-for-stm32.12.3.rel1.linux64_1.1.0.202410170702/tools/bin/../lib/gcc/arm-none-eabi/12.3.1/../../../../arm-none-eabi/lib/thumb/v7e-m+fp/hard/libc_nano.a(libc_a-memchr.o)
 .ARM.exidx     0x08009008        0x0 /home/oliver/st/stm32cubeide_1.16.0/plugins/com.st.stm32cube.ide.mcu.externaltools.gnu-tools-for-stm32.12.3.rel1.linux64_1.1.0.202410170702/tools/bin/../lib/gcc/arm-none-eabi/12.3.1/thumb/v7e-m+fp/hard/libgcc.a(_udivmoddi4.o)
                                  0x8 (size before relaxing)
                0x08009008                        __exidx_end = .
                0x08009008                        . = ALIGN (0x4)

.preinit_array  0x08009008        0x0
                0x08009008                        . = ALIGN (0x4)
                0x08009008                        PROVIDE (__preinit_array_start = .)
 *(.preinit_array*)
                0x08009008                        PROVIDE (__preinit_array_end = .)
                0x08009008                        . = ALIGN (0x4)

.init_array     0x08009008        0x4
                0x08009008                        . = ALIGN (0x4)
                0x08009008                        PROVIDE (__init_array_start = .)
 *(SORT_BY_NAME(.init_array.*))
 *(.init_array*)
 .init_array    0x08009008        0x4 /home/oliver/st/stm32cubeide_1.16.0/plugins/com.st.stm32cube.ide.mcu.externaltools.gnu-tools-for-stm32.12.3.rel1.linux64_1.1.0.202410170702/tools/bin/../lib/gcc/arm-none-eabi/12.3.1/thumb/v7e-m+fp/hard/crtbegin.o
                0x0800900c                        PROVIDE (__init_array_end = .)
                0x0800900c                        . = ALIGN (0x4)

.fini_array     0x0800900c        0x4
                0x0800900c                        . = ALIGN (0x4)
                [!provide]                        PROVIDE (__fini_array_start = .)
 *(SORT_BY_NAME(.fini_array.*))
 *(.fini_array*)
 .fini_array    0x0800900c        0x4 /home/oliver/st/stm32cubeide_1.16.0/plugins/com.st.stm32cube.ide.mcu.externaltools.gnu-tools-for-stm32.12.3.rel1.linux64_1.1.0.202410170702/tools/bin/../lib/gcc/arm-none-eabi/12.3.1/thumb/v7e-m+fp/hard/crtbegin.o
                [!provide]                        PROVIDE (__fini_array_end = .)
                0x08009010                        . = ALIGN (0x4)
                0x08009010                        _sidata = LOADADDR (.data)

.rel.dyn        0x08009010        0x0
 .rel.iplt      0x08009010        0x0 /home/oliver/st/stm32cubeide_1.16.0/plugins/com.st.stm32cube.ide.mcu.externaltools.gnu-tools-for-stm32.12.3.rel1.linux64_1.1.0.202410170702/tools/bin/../lib/gcc/arm-none-eabi/12.3.1/thumb/v7e-m+fp/hard/crtbegin.o

.data           0x20000000       0x74 load address 0x08009010
                0x20000000                        . = ALIGN (0x4)
                0x20000000                        _sdata = .
 *(.data)
 *(.data*)
 .data.SystemCoreClock
                0x20000000        0x4 ./Core/Src/system_stm32l4xx.o
                0x20000000                SystemCoreClock
 .data.backspace
                0x20000004        0x4 ./Core/shell/shell.o
 .data.prompt   0x20000008        0x3 ./Core/shell/shell.o
 *fill*         0x2000000b        0x1 
 .data.uwTickPrio
                0x2000000c        0x4 ./Drivers/STM32L4xx_HAL_Driver/Src/stm32l4xx_hal.o
                0x2000000c                uwTickPrio
 .data.uwTickFreq
                0x20000010        0x1 ./Drivers/STM32L4xx_HAL_Driver/Src/stm32l4xx_hal.o
                0x20000010                uwTickFreq
 *fill*         0x20000011        0x3 
 .data.uxCriticalNesting
                0x20000014        0x4 ./Middlewares/Third_Party/FreeRTOS/Source/portable/GCC/ARM_CM4F/port.o
 .data.__sglue  0x20000018        0xc /home/oliver/st/stm32cubeide_1.16.0/plugins/com.st.stm32cube.ide.mcu.externaltools.gnu-tools-for-stm32.12.3.rel1.linux64_1.1.0.202410170702/tools/bin/../lib/gcc/arm-none-eabi/12.3.1/../../../../arm-none-eabi/lib/thumb/v7e-m+fp/hard/libc_nano.a(libc_a-findfp.o)
                0x20000018                __sglue
 .data._impure_ptr
                0x20000024        0x4 /home/oliver/st/stm32cubeide_1.16.0/plugins/com.st.stm32cube.ide.mcu.externaltools.gnu-tools-for-stm32.12.3.rel1.linux64_1.1.0.202410170702/tools/bin/../lib/gcc/arm-none-eabi/12.3.1/../../../../arm-none-eabi/lib/thumb/v7e-m+fp/hard/libc_nano.a(libc_a-impure.o)
                0x20000024                _impure_ptr
 .data._impure_data
                0x20000028       0x4c /home/oliver/st/stm32cubeide_1.16.0/plugins/com.st.stm32cube.ide.mcu.externaltools.gnu-tools-for-stm32.12.3.rel1.linux64_1.1.0.202410170702/tools/bin/../lib/gcc/arm-none-eabi/12.3.1/../../../../arm-none-eabi/lib/thumb/v7e-m+fp/hard/libc_nano.a(libc_a-impure.o)
                0x20000028                _impure_data
 *(.RamFunc)
 *(.RamFunc*)
                0x20000074                        . = ALIGN (0x4)
                0x20000074                        _edata = .

.igot.plt       0x20000074        0x0 load address 0x08009084
 .igot.plt      0x20000074        0x0 /home/oliver/st/stm32cubeide_1.16.0/plugins/com.st.stm32cube.ide.mcu.externaltools.gnu-tools-for-stm32.12.3.rel1.linux64_1.1.0.202410170702/tools/bin/../lib/gcc/arm-none-eabi/12.3.1/thumb/v7e-m+fp/hard/crtbegin.o
                0x20000074                        . = ALIGN (0x4)

.bss            0x20000074     0x57e8 load address 0x08009084
                0x20000074                        _sbss = .
                0x20000074                        __bss_start__ = _sbss
 *(.bss)
 .bss           0x20000074       0x1c /home/oliver/st/stm32cubeide_1.16.0/plugins/com.st.stm32cube.ide.mcu.externaltools.gnu-tools-for-stm32.12.3.rel1.linux64_1.1.0.202410170702/tools/bin/../lib/gcc/arm-none-eabi/12.3.1/thumb/v7e-m+fp/hard/crtbegin.o
 *(.bss*)
 .bss.defaultTaskHandle
                0x20000090        0x4 ./Core/Src/freertos.o
                0x20000090                defaultTaskHandle
 .bss.xIdleTaskTCBBuffer
                0x20000094       0x54 ./Core/Src/freertos.o
 .bss.xIdleStack
                0x200000e8      0x200 ./Core/Src/freertos.o
 .bss.hi2c2     0x200002e8       0x54 ./Core/Src/i2c.o
                0x200002e8                hi2c2
 .bss.h_task_LED
                0x2000033c        0x4 ./Core/Src/main.o
                0x2000033c                h_task_LED
 .bss.h_task_shell
                0x20000340        0x4 ./Core/Src/main.o
                0x20000340                h_task_shell
 .bss.h_task_GPIOExpander
                0x20000344        0x4 ./Core/Src/main.o
                0x20000344                h_task_GPIOExpander
 .bss.hspi3     0x20000348       0x64 ./Core/Src/spi.o
                0x20000348                hspi3
 .bss.__sbrk_heap_end
                0x200003ac        0x4 ./Core/Src/sysmem.o
 .bss.huart2    0x200003b0       0x88 ./Core/Src/usart.o
                0x200003b0                huart2
 .bss.hMCP23S17
                0x20000438        0x8 ./Core/drivers/driver_MCP23S17.o
                0x20000438                hMCP23S17
 .bss.shell_func_list_size
                0x20000440        0x4 ./Core/shell/shell.o
 .bss.shell_func_list
                0x20000444      0x300 ./Core/shell/shell.o
 .bss.print_buffer
                0x20000744       0x28 ./Core/shell/shell.o
 .bss.sem_uart_read
                0x2000076c        0x4 ./Core/shell/shell.o
 .bss.cmd_buffer.0
                0x20000770       0x28 ./Core/shell/shell.o
 .bss.uwTick    0x20000798        0x4 ./Drivers/STM32L4xx_HAL_Driver/Src/stm32l4xx_hal.o
                0x20000798                uwTick
 .bss.pxCurrentTCB
                0x2000079c        0x4 ./Middlewares/Third_Party/FreeRTOS/Source/tasks.o
                0x2000079c                pxCurrentTCB
 .bss.pxReadyTasksLists
                0x200007a0       0x8c ./Middlewares/Third_Party/FreeRTOS/Source/tasks.o
 .bss.xDelayedTaskList1
                0x2000082c       0x14 ./Middlewares/Third_Party/FreeRTOS/Source/tasks.o
 .bss.xDelayedTaskList2
                0x20000840       0x14 ./Middlewares/Third_Party/FreeRTOS/Source/tasks.o
 .bss.pxDelayedTaskList
                0x20000854        0x4 ./Middlewares/Third_Party/FreeRTOS/Source/tasks.o
 .bss.pxOverflowDelayedTaskList
                0x20000858        0x4 ./Middlewares/Third_Party/FreeRTOS/Source/tasks.o
 .bss.xPendingReadyList
                0x2000085c       0x14 ./Middlewares/Third_Party/FreeRTOS/Source/tasks.o
 .bss.xTasksWaitingTermination
                0x20000870       0x14 ./Middlewares/Third_Party/FreeRTOS/Source/tasks.o
 .bss.uxDeletedTasksWaitingCleanUp
                0x20000884        0x4 ./Middlewares/Third_Party/FreeRTOS/Source/tasks.o
 .bss.xSuspendedTaskList
                0x20000888       0x14 ./Middlewares/Third_Party/FreeRTOS/Source/tasks.o
 .bss.uxCurrentNumberOfTasks
                0x2000089c        0x4 ./Middlewares/Third_Party/FreeRTOS/Source/tasks.o
 .bss.xTickCount
                0x200008a0        0x4 ./Middlewares/Third_Party/FreeRTOS/Source/tasks.o
 .bss.uxTopReadyPriority
                0x200008a4        0x4 ./Middlewares/Third_Party/FreeRTOS/Source/tasks.o
 .bss.xSchedulerRunning
                0x200008a8        0x4 ./Middlewares/Third_Party/FreeRTOS/Source/tasks.o
 .bss.xPendedTicks
                0x200008ac        0x4 ./Middlewares/Third_Party/FreeRTOS/Source/tasks.o
 .bss.xYieldPending
                0x200008b0        0x4 ./Middlewares/Third_Party/FreeRTOS/Source/tasks.o
 .bss.xNumOfOverflows
                0x200008b4        0x4 ./Middlewares/Third_Party/FreeRTOS/Source/tasks.o
 .bss.uxTaskNumber
                0x200008b8        0x4 ./Middlewares/Third_Party/FreeRTOS/Source/tasks.o
 .bss.xNextTaskUnblockTime
                0x200008bc        0x4 ./Middlewares/Third_Party/FreeRTOS/Source/tasks.o
 .bss.xIdleTaskHandle
                0x200008c0        0x4 ./Middlewares/Third_Party/FreeRTOS/Source/tasks.o
 .bss.uxSchedulerSuspended
                0x200008c4        0x4 ./Middlewares/Third_Party/FreeRTOS/Source/tasks.o
 .bss.ucMaxSysCallPriority
                0x200008c8        0x1 ./Middlewares/Third_Party/FreeRTOS/Source/portable/GCC/ARM_CM4F/port.o
 *fill*         0x200008c9        0x3 
 .bss.ulMaxPRIGROUPValue
                0x200008cc        0x4 ./Middlewares/Third_Party/FreeRTOS/Source/portable/GCC/ARM_CM4F/port.o
 .bss.ucHeap    0x200008d0     0x4e20 ./Middlewares/Third_Party/FreeRTOS/Source/portable/MemMang/heap_4.o
 .bss.xStart    0x200056f0        0x8 ./Middlewares/Third_Party/FreeRTOS/Source/portable/MemMang/heap_4.o
 .bss.pxEnd     0x200056f8        0x4 ./Middlewares/Third_Party/FreeRTOS/Source/portable/MemMang/heap_4.o
 .bss.xFreeBytesRemaining
                0x200056fc        0x4 ./Middlewares/Third_Party/FreeRTOS/Source/portable/MemMang/heap_4.o
 .bss.xMinimumEverFreeBytesRemaining
                0x20005700        0x4 ./Middlewares/Third_Party/FreeRTOS/Source/portable/MemMang/heap_4.o
 .bss.xNumberOfSuccessfulAllocations
                0x20005704        0x4 ./Middlewares/Third_Party/FreeRTOS/Source/portable/MemMang/heap_4.o
 .bss.xNumberOfSuccessfulFrees
                0x20005708        0x4 ./Middlewares/Third_Party/FreeRTOS/Source/portable/MemMang/heap_4.o
 .bss.xBlockAllocatedBit
                0x2000570c        0x4 ./Middlewares/Third_Party/FreeRTOS/Source/portable/MemMang/heap_4.o
 .bss.__sf      0x20005710      0x138 /home/oliver/st/stm32cubeide_1.16.0/plugins/com.st.stm32cube.ide.mcu.externaltools.gnu-tools-for-stm32.12.3.rel1.linux64_1.1.0.202410170702/tools/bin/../lib/gcc/arm-none-eabi/12.3.1/../../../../arm-none-eabi/lib/thumb/v7e-m+fp/hard/libc_nano.a(libc_a-findfp.o)
                0x20005710                __sf
 .bss.__stdio_exit_handler
                0x20005848        0x4 /home/oliver/st/stm32cubeide_1.16.0/plugins/com.st.stm32cube.ide.mcu.externaltools.gnu-tools-for-stm32.12.3.rel1.linux64_1.1.0.202410170702/tools/bin/../lib/gcc/arm-none-eabi/12.3.1/../../../../arm-none-eabi/lib/thumb/v7e-m+fp/hard/libc_nano.a(libc_a-findfp.o)
                0x20005848                __stdio_exit_handler
 .bss.errno     0x2000584c        0x4 /home/oliver/st/stm32cubeide_1.16.0/plugins/com.st.stm32cube.ide.mcu.externaltools.gnu-tools-for-stm32.12.3.rel1.linux64_1.1.0.202410170702/tools/bin/../lib/gcc/arm-none-eabi/12.3.1/../../../../arm-none-eabi/lib/thumb/v7e-m+fp/hard/libc_nano.a(libc_a-reent.o)
                0x2000584c                errno
 .bss.__lock___malloc_recursive_mutex
                0x20005850        0x1 /home/oliver/st/stm32cubeide_1.16.0/plugins/com.st.stm32cube.ide.mcu.externaltools.gnu-tools-for-stm32.12.3.rel1.linux64_1.1.0.202410170702/tools/bin/../lib/gcc/arm-none-eabi/12.3.1/../../../../arm-none-eabi/lib/thumb/v7e-m+fp/hard/libc_nano.a(libc_a-lock.o)
                0x20005850                __lock___malloc_recursive_mutex
 .bss.__lock___sfp_recursive_mutex
                0x20005851        0x1 /home/oliver/st/stm32cubeide_1.16.0/plugins/com.st.stm32cube.ide.mcu.externaltools.gnu-tools-for-stm32.12.3.rel1.linux64_1.1.0.202410170702/tools/bin/../lib/gcc/arm-none-eabi/12.3.1/../../../../arm-none-eabi/lib/thumb/v7e-m+fp/hard/libc_nano.a(libc_a-lock.o)
                0x20005851                __lock___sfp_recursive_mutex
 *fill*         0x20005852        0x2 
 .bss.__malloc_sbrk_start
                0x20005854        0x4 /home/oliver/st/stm32cubeide_1.16.0/plugins/com.st.stm32cube.ide.mcu.externaltools.gnu-tools-for-stm32.12.3.rel1.linux64_1.1.0.202410170702/tools/bin/../lib/gcc/arm-none-eabi/12.3.1/../../../../arm-none-eabi/lib/thumb/v7e-m+fp/hard/libc_nano.a(libc_a-mallocr.o)
                0x20005854                __malloc_sbrk_start
 .bss.__malloc_free_list
                0x20005858        0x4 /home/oliver/st/stm32cubeide_1.16.0/plugins/com.st.stm32cube.ide.mcu.externaltools.gnu-tools-for-stm32.12.3.rel1.linux64_1.1.0.202410170702/tools/bin/../lib/gcc/arm-none-eabi/12.3.1/../../../../arm-none-eabi/lib/thumb/v7e-m+fp/hard/libc_nano.a(libc_a-mallocr.o)
                0x20005858                __malloc_free_list
 *(COMMON)
                0x2000585c                        . = ALIGN (0x4)
                0x2000585c                        _ebss = .
                0x2000585c                        __bss_end__ = _ebss

._user_heap_stack
                0x2000585c      0x604 load address 0x08009084
                0x20005860                        . = ALIGN (0x8)
 *fill*         0x2000585c        0x4 
                [!provide]                        PROVIDE (end = .)
                0x20005860                        PROVIDE (_end = .)
                0x20005a60                        . = (. + _Min_Heap_Size)
 *fill*         0x20005860      0x200 
                0x20005e60                        . = (. + _Min_Stack_Size)
 *fill*         0x20005a60      0x400 
                0x20005e60                        . = ALIGN (0x8)

/DISCARD/
 libc.a(*)
 libm.a(*)
 libgcc.a(*)

.ARM.attributes
                0x00000000       0x30
 *(.ARM.attributes)
 .ARM.attributes
                0x00000000       0x22 /home/oliver/st/stm32cubeide_1.16.0/plugins/com.st.stm32cube.ide.mcu.externaltools.gnu-tools-for-stm32.12.3.rel1.linux64_1.1.0.202410170702/tools/bin/../lib/gcc/arm-none-eabi/12.3.1/thumb/v7e-m+fp/hard/crti.o
 .ARM.attributes
                0x00000022       0x34 /home/oliver/st/stm32cubeide_1.16.0/plugins/com.st.stm32cube.ide.mcu.externaltools.gnu-tools-for-stm32.12.3.rel1.linux64_1.1.0.202410170702/tools/bin/../lib/gcc/arm-none-eabi/12.3.1/thumb/v7e-m+fp/hard/crtbegin.o
 .ARM.attributes
                0x00000056       0x34 ./Core/Src/freertos.o
 .ARM.attributes
                0x0000008a       0x34 ./Core/Src/gpio.o
 .ARM.attributes
                0x000000be       0x34 ./Core/Src/i2c.o
 .ARM.attributes
                0x000000f2       0x34 ./Core/Src/main.o
 .ARM.attributes
                0x00000126       0x34 ./Core/Src/spi.o
 .ARM.attributes
                0x0000015a       0x34 ./Core/Src/stm32l4xx_hal_msp.o
 .ARM.attributes
                0x0000018e       0x34 ./Core/Src/stm32l4xx_it.o
 .ARM.attributes
                0x000001c2       0x34 ./Core/Src/syscalls.o
 .ARM.attributes
                0x000001f6       0x34 ./Core/Src/sysmem.o
 .ARM.attributes
                0x0000022a       0x34 ./Core/Src/system_stm32l4xx.o
 .ARM.attributes
                0x0000025e       0x34 ./Core/Src/usart.o
 .ARM.attributes
                0x00000292       0x21 ./Core/Startup/startup_stm32l476rgtx.o
 .ARM.attributes
                0x000002b3       0x34 ./Core/drivers/driver_MCP23S17.o
 .ARM.attributes
                0x000002e7       0x34 ./Core/shell/functions.o
 .ARM.attributes
                0x0000031b       0x34 ./Core/shell/shell.o
 .ARM.attributes
                0x0000034f       0x34 ./Drivers/STM32L4xx_HAL_Driver/Src/stm32l4xx_hal.o
 .ARM.attributes
                0x00000383       0x34 ./Drivers/STM32L4xx_HAL_Driver/Src/stm32l4xx_hal_cortex.o
 .ARM.attributes
                0x000003b7       0x34 ./Drivers/STM32L4xx_HAL_Driver/Src/stm32l4xx_hal_dma.o
 .ARM.attributes
                0x000003eb       0x34 ./Drivers/STM32L4xx_HAL_Driver/Src/stm32l4xx_hal_gpio.o
 .ARM.attributes
                0x0000041f       0x34 ./Drivers/STM32L4xx_HAL_Driver/Src/stm32l4xx_hal_i2c.o
 .ARM.attributes
                0x00000453       0x34 ./Drivers/STM32L4xx_HAL_Driver/Src/stm32l4xx_hal_i2c_ex.o
 .ARM.attributes
                0x00000487       0x34 ./Drivers/STM32L4xx_HAL_Driver/Src/stm32l4xx_hal_pwr_ex.o
 .ARM.attributes
                0x000004bb       0x34 ./Drivers/STM32L4xx_HAL_Driver/Src/stm32l4xx_hal_rcc.o
 .ARM.attributes
                0x000004ef       0x34 ./Drivers/STM32L4xx_HAL_Driver/Src/stm32l4xx_hal_rcc_ex.o
 .ARM.attributes
                0x00000523       0x34 ./Drivers/STM32L4xx_HAL_Driver/Src/stm32l4xx_hal_spi.o
 .ARM.attributes
                0x00000557       0x34 ./Drivers/STM32L4xx_HAL_Driver/Src/stm32l4xx_hal_uart.o
 .ARM.attributes
                0x0000058b       0x34 ./Drivers/STM32L4xx_HAL_Driver/Src/stm32l4xx_hal_uart_ex.o
 .ARM.attributes
                0x000005bf       0x34 ./Middlewares/Third_Party/FreeRTOS/Source/CMSIS_RTOS/cmsis_os.o
 .ARM.attributes
                0x000005f3       0x34 ./Middlewares/Third_Party/FreeRTOS/Source/list.o
 .ARM.attributes
                0x00000627       0x34 ./Middlewares/Third_Party/FreeRTOS/Source/queue.o
 .ARM.attributes
                0x0000065b       0x34 ./Middlewares/Third_Party/FreeRTOS/Source/tasks.o
 .ARM.attributes
                0x0000068f       0x34 ./Middlewares/Third_Party/FreeRTOS/Source/portable/GCC/ARM_CM4F/port.o
 .ARM.attributes
                0x000006c3       0x34 ./Middlewares/Third_Party/FreeRTOS/Source/portable/MemMang/heap_4.o
 .ARM.attributes
                0x000006f7       0x34 /home/oliver/st/stm32cubeide_1.16.0/plugins/com.st.stm32cube.ide.mcu.externaltools.gnu-tools-for-stm32.12.3.rel1.linux64_1.1.0.202410170702/tools/bin/../lib/gcc/arm-none-eabi/12.3.1/../../../../arm-none-eabi/lib/thumb/v7e-m+fp/hard/libc_nano.a(libc_a-atoi.o)
 .ARM.attributes
                0x0000072b       0x34 /home/oliver/st/stm32cubeide_1.16.0/plugins/com.st.stm32cube.ide.mcu.externaltools.gnu-tools-for-stm32.12.3.rel1.linux64_1.1.0.202410170702/tools/bin/../lib/gcc/arm-none-eabi/12.3.1/../../../../arm-none-eabi/lib/thumb/v7e-m+fp/hard/libc_nano.a(libc_a-strtol.o)
 .ARM.attributes
                0x0000075f       0x34 /home/oliver/st/stm32cubeide_1.16.0/plugins/com.st.stm32cube.ide.mcu.externaltools.gnu-tools-for-stm32.12.3.rel1.linux64_1.1.0.202410170702/tools/bin/../lib/gcc/arm-none-eabi/12.3.1/../../../../arm-none-eabi/lib/thumb/v7e-m+fp/hard/libc_nano.a(libc_a-ctype_.o)
 .ARM.attributes
                0x00000793       0x34 /home/oliver/st/stm32cubeide_1.16.0/plugins/com.st.stm32cube.ide.mcu.externaltools.gnu-tools-for-stm32.12.3.rel1.linux64_1.1.0.202410170702/tools/bin/../lib/gcc/arm-none-eabi/12.3.1/../../../../arm-none-eabi/lib/thumb/v7e-m+fp/hard/libc_nano.a(libc_a-findfp.o)
 .ARM.attributes
                0x000007c7       0x34 /home/oliver/st/stm32cubeide_1.16.0/plugins/com.st.stm32cube.ide.mcu.externaltools.gnu-tools-for-stm32.12.3.rel1.linux64_1.1.0.202410170702/tools/bin/../lib/gcc/arm-none-eabi/12.3.1/../../../../arm-none-eabi/lib/thumb/v7e-m+fp/hard/libc_nano.a(libc_a-fwalk.o)
 .ARM.attributes
                0x000007fb       0x34 /home/oliver/st/stm32cubeide_1.16.0/plugins/com.st.stm32cube.ide.mcu.externaltools.gnu-tools-for-stm32.12.3.rel1.linux64_1.1.0.202410170702/tools/bin/../lib/gcc/arm-none-eabi/12.3.1/../../../../arm-none-eabi/lib/thumb/v7e-m+fp/hard/libc_nano.a(libc_a-printf.o)
 .ARM.attributes
                0x0000082f       0x34 /home/oliver/st/stm32cubeide_1.16.0/plugins/com.st.stm32cube.ide.mcu.externaltools.gnu-tools-for-stm32.12.3.rel1.linux64_1.1.0.202410170702/tools/bin/../lib/gcc/arm-none-eabi/12.3.1/../../../../arm-none-eabi/lib/thumb/v7e-m+fp/hard/libc_nano.a(libc_a-puts.o)
 .ARM.attributes
                0x00000863       0x34 /home/oliver/st/stm32cubeide_1.16.0/plugins/com.st.stm32cube.ide.mcu.externaltools.gnu-tools-for-stm32.12.3.rel1.linux64_1.1.0.202410170702/tools/bin/../lib/gcc/arm-none-eabi/12.3.1/../../../../arm-none-eabi/lib/thumb/v7e-m+fp/hard/libc_nano.a(libc_a-snprintf.o)
 .ARM.attributes
                0x00000897       0x34 /home/oliver/st/stm32cubeide_1.16.0/plugins/com.st.stm32cube.ide.mcu.externaltools.gnu-tools-for-stm32.12.3.rel1.linux64_1.1.0.202410170702/tools/bin/../lib/gcc/arm-none-eabi/12.3.1/../../../../arm-none-eabi/lib/thumb/v7e-m+fp/hard/libc_nano.a(libc_a-stdio.o)
 .ARM.attributes
                0x000008cb       0x34 /home/oliver/st/stm32cubeide_1.16.0/plugins/com.st.stm32cube.ide.mcu.externaltools.gnu-tools-for-stm32.12.3.rel1.linux64_1.1.0.202410170702/tools/bin/../lib/gcc/arm-none-eabi/12.3.1/../../../../arm-none-eabi/lib/thumb/v7e-m+fp/hard/libc_nano.a(libc_a-wbuf.o)
 .ARM.attributes
                0x000008ff       0x34 /home/oliver/st/stm32cubeide_1.16.0/plugins/com.st.stm32cube.ide.mcu.externaltools.gnu-tools-for-stm32.12.3.rel1.linux64_1.1.0.202410170702/tools/bin/../lib/gcc/arm-none-eabi/12.3.1/../../../../arm-none-eabi/lib/thumb/v7e-m+fp/hard/libc_nano.a(libc_a-wsetup.o)
 .ARM.attributes
                0x00000933       0x34 /home/oliver/st/stm32cubeide_1.16.0/plugins/com.st.stm32cube.ide.mcu.externaltools.gnu-tools-for-stm32.12.3.rel1.linux64_1.1.0.202410170702/tools/bin/../lib/gcc/arm-none-eabi/12.3.1/../../../../arm-none-eabi/lib/thumb/v7e-m+fp/hard/libc_nano.a(libc_a-memset.o)
 .ARM.attributes
                0x00000967       0x34 /home/oliver/st/stm32cubeide_1.16.0/plugins/com.st.stm32cube.ide.mcu.externaltools.gnu-tools-for-stm32.12.3.rel1.linux64_1.1.0.202410170702/tools/bin/../lib/gcc/arm-none-eabi/12.3.1/../../../../arm-none-eabi/lib/thumb/v7e-m+fp/hard/libc_nano.a(libc_a-closer.o)
 .ARM.attributes
                0x0000099b       0x34 /home/oliver/st/stm32cubeide_1.16.0/plugins/com.st.stm32cube.ide.mcu.externaltools.gnu-tools-for-stm32.12.3.rel1.linux64_1.1.0.202410170702/tools/bin/../lib/gcc/arm-none-eabi/12.3.1/../../../../arm-none-eabi/lib/thumb/v7e-m+fp/hard/libc_nano.a(libc_a-reent.o)
 .ARM.attributes
                0x000009cf       0x34 /home/oliver/st/stm32cubeide_1.16.0/plugins/com.st.stm32cube.ide.mcu.externaltools.gnu-tools-for-stm32.12.3.rel1.linux64_1.1.0.202410170702/tools/bin/../lib/gcc/arm-none-eabi/12.3.1/../../../../arm-none-eabi/lib/thumb/v7e-m+fp/hard/libc_nano.a(libc_a-impure.o)
 .ARM.attributes
                0x00000a03       0x34 /home/oliver/st/stm32cubeide_1.16.0/plugins/com.st.stm32cube.ide.mcu.externaltools.gnu-tools-for-stm32.12.3.rel1.linux64_1.1.0.202410170702/tools/bin/../lib/gcc/arm-none-eabi/12.3.1/../../../../arm-none-eabi/lib/thumb/v7e-m+fp/hard/libc_nano.a(libc_a-lseekr.o)
 .ARM.attributes
                0x00000a37       0x34 /home/oliver/st/stm32cubeide_1.16.0/plugins/com.st.stm32cube.ide.mcu.externaltools.gnu-tools-for-stm32.12.3.rel1.linux64_1.1.0.202410170702/tools/bin/../lib/gcc/arm-none-eabi/12.3.1/../../../../arm-none-eabi/lib/thumb/v7e-m+fp/hard/libc_nano.a(libc_a-readr.o)
 .ARM.attributes
                0x00000a6b       0x34 /home/oliver/st/stm32cubeide_1.16.0/plugins/com.st.stm32cube.ide.mcu.externaltools.gnu-tools-for-stm32.12.3.rel1.linux64_1.1.0.202410170702/tools/bin/../lib/gcc/arm-none-eabi/12.3.1/../../../../arm-none-eabi/lib/thumb/v7e-m+fp/hard/libc_nano.a(libc_a-writer.o)
 .ARM.attributes
                0x00000a9f       0x34 /home/oliver/st/stm32cubeide_1.16.0/plugins/com.st.stm32cube.ide.mcu.externaltools.gnu-tools-for-stm32.12.3.rel1.linux64_1.1.0.202410170702/tools/bin/../lib/gcc/arm-none-eabi/12.3.1/../../../../arm-none-eabi/lib/thumb/v7e-m+fp/hard/libc_nano.a(libc_a-errno.o)
 .ARM.attributes
                0x00000ad3       0x34 /home/oliver/st/stm32cubeide_1.16.0/plugins/com.st.stm32cube.ide.mcu.externaltools.gnu-tools-for-stm32.12.3.rel1.linux64_1.1.0.202410170702/tools/bin/../lib/gcc/arm-none-eabi/12.3.1/../../../../arm-none-eabi/lib/thumb/v7e-m+fp/hard/libc_nano.a(libc_a-init.o)
 .ARM.attributes
                0x00000b07       0x34 /home/oliver/st/stm32cubeide_1.16.0/plugins/com.st.stm32cube.ide.mcu.externaltools.gnu-tools-for-stm32.12.3.rel1.linux64_1.1.0.202410170702/tools/bin/../lib/gcc/arm-none-eabi/12.3.1/../../../../arm-none-eabi/lib/thumb/v7e-m+fp/hard/libc_nano.a(libc_a-lock.o)
 .ARM.attributes
                0x00000b3b       0x34 /home/oliver/st/stm32cubeide_1.16.0/plugins/com.st.stm32cube.ide.mcu.externaltools.gnu-tools-for-stm32.12.3.rel1.linux64_1.1.0.202410170702/tools/bin/../lib/gcc/arm-none-eabi/12.3.1/../../../../arm-none-eabi/lib/thumb/v7e-m+fp/hard/libc_nano.a(libc_a-memcpy-stub.o)
 .ARM.attributes
                0x00000b6f       0x34 /home/oliver/st/stm32cubeide_1.16.0/plugins/com.st.stm32cube.ide.mcu.externaltools.gnu-tools-for-stm32.12.3.rel1.linux64_1.1.0.202410170702/tools/bin/../lib/gcc/arm-none-eabi/12.3.1/../../../../arm-none-eabi/lib/thumb/v7e-m+fp/hard/libc_nano.a(libc_a-freer.o)
 .ARM.attributes
                0x00000ba3       0x34 /home/oliver/st/stm32cubeide_1.16.0/plugins/com.st.stm32cube.ide.mcu.externaltools.gnu-tools-for-stm32.12.3.rel1.linux64_1.1.0.202410170702/tools/bin/../lib/gcc/arm-none-eabi/12.3.1/../../../../arm-none-eabi/lib/thumb/v7e-m+fp/hard/libc_nano.a(libc_a-mallocr.o)
 .ARM.attributes
                0x00000bd7       0x34 /home/oliver/st/stm32cubeide_1.16.0/plugins/com.st.stm32cube.ide.mcu.externaltools.gnu-tools-for-stm32.12.3.rel1.linux64_1.1.0.202410170702/tools/bin/../lib/gcc/arm-none-eabi/12.3.1/../../../../arm-none-eabi/lib/thumb/v7e-m+fp/hard/libc_nano.a(libc_a-mlock.o)
 .ARM.attributes
                0x00000c0b       0x34 /home/oliver/st/stm32cubeide_1.16.0/plugins/com.st.stm32cube.ide.mcu.externaltools.gnu-tools-for-stm32.12.3.rel1.linux64_1.1.0.202410170702/tools/bin/../lib/gcc/arm-none-eabi/12.3.1/../../../../arm-none-eabi/lib/thumb/v7e-m+fp/hard/libc_nano.a(libc_a-nano-svfprintf.o)
 .ARM.attributes
                0x00000c3f       0x34 /home/oliver/st/stm32cubeide_1.16.0/plugins/com.st.stm32cube.ide.mcu.externaltools.gnu-tools-for-stm32.12.3.rel1.linux64_1.1.0.202410170702/tools/bin/../lib/gcc/arm-none-eabi/12.3.1/../../../../arm-none-eabi/lib/thumb/v7e-m+fp/hard/libc_nano.a(libc_a-nano-vfprintf.o)
 .ARM.attributes
                0x00000c73       0x34 /home/oliver/st/stm32cubeide_1.16.0/plugins/com.st.stm32cube.ide.mcu.externaltools.gnu-tools-for-stm32.12.3.rel1.linux64_1.1.0.202410170702/tools/bin/../lib/gcc/arm-none-eabi/12.3.1/../../../../arm-none-eabi/lib/thumb/v7e-m+fp/hard/libc_nano.a(libc_a-nano-vfprintf_i.o)
 .ARM.attributes
                0x00000ca7       0x34 /home/oliver/st/stm32cubeide_1.16.0/plugins/com.st.stm32cube.ide.mcu.externaltools.gnu-tools-for-stm32.12.3.rel1.linux64_1.1.0.202410170702/tools/bin/../lib/gcc/arm-none-eabi/12.3.1/../../../../arm-none-eabi/lib/thumb/v7e-m+fp/hard/libc_nano.a(libc_a-fflush.o)
 .ARM.attributes
                0x00000cdb       0x34 /home/oliver/st/stm32cubeide_1.16.0/plugins/com.st.stm32cube.ide.mcu.externaltools.gnu-tools-for-stm32.12.3.rel1.linux64_1.1.0.202410170702/tools/bin/../lib/gcc/arm-none-eabi/12.3.1/../../../../arm-none-eabi/lib/thumb/v7e-m+fp/hard/libc_nano.a(libc_a-makebuf.o)
 .ARM.attributes
                0x00000d0f       0x34 /home/oliver/st/stm32cubeide_1.16.0/plugins/com.st.stm32cube.ide.mcu.externaltools.gnu-tools-for-stm32.12.3.rel1.linux64_1.1.0.202410170702/tools/bin/../lib/gcc/arm-none-eabi/12.3.1/../../../../arm-none-eabi/lib/thumb/v7e-m+fp/hard/libc_nano.a(libc_a-memmove.o)
 .ARM.attributes
                0x00000d43       0x34 /home/oliver/st/stm32cubeide_1.16.0/plugins/com.st.stm32cube.ide.mcu.externaltools.gnu-tools-for-stm32.12.3.rel1.linux64_1.1.0.202410170702/tools/bin/../lib/gcc/arm-none-eabi/12.3.1/../../../../arm-none-eabi/lib/thumb/v7e-m+fp/hard/libc_nano.a(libc_a-fstatr.o)
 .ARM.attributes
                0x00000d77       0x34 /home/oliver/st/stm32cubeide_1.16.0/plugins/com.st.stm32cube.ide.mcu.externaltools.gnu-tools-for-stm32.12.3.rel1.linux64_1.1.0.202410170702/tools/bin/../lib/gcc/arm-none-eabi/12.3.1/../../../../arm-none-eabi/lib/thumb/v7e-m+fp/hard/libc_nano.a(libc_a-isattyr.o)
 .ARM.attributes
                0x00000dab       0x34 /home/oliver/st/stm32cubeide_1.16.0/plugins/com.st.stm32cube.ide.mcu.externaltools.gnu-tools-for-stm32.12.3.rel1.linux64_1.1.0.202410170702/tools/bin/../lib/gcc/arm-none-eabi/12.3.1/../../../../arm-none-eabi/lib/thumb/v7e-m+fp/hard/libc_nano.a(libc_a-sbrkr.o)
 .ARM.attributes